
Discarded input sections

 .group         0x00000000        0xc ./source/App.o
 .group         0x00000000        0xc ./source/App.o
 .group         0x00000000        0xc ./source/App.o
 .group         0x00000000        0xc ./source/App.o
 .group         0x00000000        0xc ./source/App.o
 .group         0x00000000        0xc ./source/App.o
 .group         0x00000000        0xc ./source/App.o
 .group         0x00000000        0xc ./source/App.o
 .group         0x00000000        0xc ./source/App.o
 .group         0x00000000        0xc ./source/App.o
 .group         0x00000000        0xc ./source/App.o
 .group         0x00000000        0xc ./source/App.o
 .group         0x00000000        0xc ./source/App.o
 .group         0x00000000        0xc ./source/App.o
 .group         0x00000000        0xc ./source/App.o
 .text          0x00000000        0x0 ./source/App.o
 .data          0x00000000        0x0 ./source/App.o
 .bss           0x00000000        0x0 ./source/App.o
 .group         0x00000000        0xc ./source/IRQ.o
 .group         0x00000000        0xc ./source/IRQ.o
 .group         0x00000000        0xc ./source/IRQ.o
 .group         0x00000000        0xc ./source/IRQ.o
 .group         0x00000000        0xc ./source/IRQ.o
 .group         0x00000000        0xc ./source/IRQ.o
 .group         0x00000000        0xc ./source/IRQ.o
 .group         0x00000000        0xc ./source/IRQ.o
 .group         0x00000000        0xc ./source/IRQ.o
 .group         0x00000000        0xc ./source/IRQ.o
 .group         0x00000000        0xc ./source/IRQ.o
 .group         0x00000000        0xc ./source/IRQ.o
 .group         0x00000000        0xc ./source/IRQ.o
 .group         0x00000000        0xc ./source/IRQ.o
 .text          0x00000000        0x0 ./source/IRQ.o
 .data          0x00000000        0x0 ./source/IRQ.o
 .bss           0x00000000        0x0 ./source/IRQ.o
 .debug_macro   0x00000000      0xa5a ./source/IRQ.o
 .debug_macro   0x00000000      0x34e ./source/IRQ.o
 .debug_macro   0x00000000       0x22 ./source/IRQ.o
 .debug_macro   0x00000000       0x5c ./source/IRQ.o
 .debug_macro   0x00000000       0x1c ./source/IRQ.o
 .debug_macro   0x00000000       0x22 ./source/IRQ.o
 .debug_macro   0x00000000       0xdf ./source/IRQ.o
 .debug_macro   0x00000000      0xecf ./source/IRQ.o
 .debug_macro   0x00000000       0x48 ./source/IRQ.o
 .debug_macro   0x00000000     0xe07b ./source/IRQ.o
 .debug_macro   0x00000000       0x10 ./source/IRQ.o
 .debug_macro   0x00000000     0x122b ./source/IRQ.o
 .debug_macro   0x00000000       0x16 ./source/IRQ.o
 .group         0x00000000        0xc ./source/SysTick.o
 .group         0x00000000        0xc ./source/SysTick.o
 .group         0x00000000        0xc ./source/SysTick.o
 .group         0x00000000        0xc ./source/SysTick.o
 .group         0x00000000        0xc ./source/SysTick.o
 .group         0x00000000        0xc ./source/SysTick.o
 .group         0x00000000        0xc ./source/SysTick.o
 .group         0x00000000        0xc ./source/SysTick.o
 .group         0x00000000        0xc ./source/SysTick.o
 .group         0x00000000        0xc ./source/SysTick.o
 .group         0x00000000        0xc ./source/SysTick.o
 .group         0x00000000        0xc ./source/SysTick.o
 .group         0x00000000        0xc ./source/SysTick.o
 .text          0x00000000        0x0 ./source/SysTick.o
 .data          0x00000000        0x0 ./source/SysTick.o
 .bss           0x00000000        0x0 ./source/SysTick.o
 .text.SysTick_Init
                0x00000000       0x60 ./source/SysTick.o
 .bss.yaInit.6772
                0x00000000        0x1 ./source/SysTick.o
 .debug_macro   0x00000000      0xa5a ./source/SysTick.o
 .debug_macro   0x00000000       0x22 ./source/SysTick.o
 .debug_macro   0x00000000       0x5c ./source/SysTick.o
 .debug_macro   0x00000000      0x34e ./source/SysTick.o
 .debug_macro   0x00000000       0x1c ./source/SysTick.o
 .debug_macro   0x00000000       0x22 ./source/SysTick.o
 .debug_macro   0x00000000       0xdf ./source/SysTick.o
 .debug_macro   0x00000000      0xecf ./source/SysTick.o
 .debug_macro   0x00000000       0x48 ./source/SysTick.o
 .debug_macro   0x00000000     0xe07b ./source/SysTick.o
 .debug_macro   0x00000000       0x10 ./source/SysTick.o
 .debug_macro   0x00000000     0x122b ./source/SysTick.o
 .debug_macro   0x00000000       0x16 ./source/SysTick.o
 .group         0x00000000        0xc ./source/drv_K64.o
 .group         0x00000000        0xc ./source/drv_K64.o
 .group         0x00000000        0xc ./source/drv_K64.o
 .group         0x00000000        0xc ./source/drv_K64.o
 .group         0x00000000        0xc ./source/drv_K64.o
 .group         0x00000000        0xc ./source/drv_K64.o
 .group         0x00000000        0xc ./source/drv_K64.o
 .group         0x00000000        0xc ./source/drv_K64.o
 .group         0x00000000        0xc ./source/drv_K64.o
 .group         0x00000000        0xc ./source/drv_K64.o
 .group         0x00000000        0xc ./source/drv_K64.o
 .group         0x00000000        0xc ./source/drv_K64.o
 .group         0x00000000        0xc ./source/drv_K64.o
 .group         0x00000000        0xc ./source/drv_K64.o
 .group         0x00000000        0xc ./source/drv_K64.o
 .text          0x00000000        0x0 ./source/drv_K64.o
 .data          0x00000000        0x0 ./source/drv_K64.o
 .bss           0x00000000        0x0 ./source/drv_K64.o
 .text.toggle_RedLed
                0x00000000        0xe ./source/drv_K64.o
 .text.toggle_GreenLed
                0x00000000        0xe ./source/drv_K64.o
 .text.toggle_BlueLed
                0x00000000        0xe ./source/drv_K64.o
 .debug_macro   0x00000000      0xa5a ./source/drv_K64.o
 .debug_macro   0x00000000      0x34e ./source/drv_K64.o
 .debug_macro   0x00000000       0x22 ./source/drv_K64.o
 .debug_macro   0x00000000       0x5c ./source/drv_K64.o
 .debug_macro   0x00000000       0x1c ./source/drv_K64.o
 .debug_macro   0x00000000       0x22 ./source/drv_K64.o
 .debug_macro   0x00000000       0xdf ./source/drv_K64.o
 .debug_macro   0x00000000      0xecf ./source/drv_K64.o
 .debug_macro   0x00000000       0x48 ./source/drv_K64.o
 .debug_macro   0x00000000     0xe07b ./source/drv_K64.o
 .debug_macro   0x00000000       0x10 ./source/drv_K64.o
 .debug_macro   0x00000000     0x122b ./source/drv_K64.o
 .debug_macro   0x00000000       0x16 ./source/drv_K64.o
 .debug_macro   0x00000000       0x46 ./source/drv_K64.o
 .debug_macro   0x00000000       0x64 ./source/drv_K64.o
 .group         0x00000000        0xc ./source/drv_MAGTEK.o
 .group         0x00000000        0xc ./source/drv_MAGTEK.o
 .group         0x00000000        0xc ./source/drv_MAGTEK.o
 .group         0x00000000        0xc ./source/drv_MAGTEK.o
 .group         0x00000000        0xc ./source/drv_MAGTEK.o
 .group         0x00000000        0xc ./source/drv_MAGTEK.o
 .group         0x00000000        0xc ./source/drv_MAGTEK.o
 .group         0x00000000        0xc ./source/drv_MAGTEK.o
 .group         0x00000000        0xc ./source/drv_MAGTEK.o
 .group         0x00000000        0xc ./source/drv_MAGTEK.o
 .group         0x00000000        0xc ./source/drv_MAGTEK.o
 .group         0x00000000        0xc ./source/drv_MAGTEK.o
 .group         0x00000000        0xc ./source/drv_MAGTEK.o
 .group         0x00000000        0xc ./source/drv_MAGTEK.o
 .group         0x00000000        0xc ./source/drv_MAGTEK.o
 .group         0x00000000        0xc ./source/drv_MAGTEK.o
 .text          0x00000000        0x0 ./source/drv_MAGTEK.o
 .data          0x00000000        0x0 ./source/drv_MAGTEK.o
 .bss           0x00000000        0x0 ./source/drv_MAGTEK.o
 .debug_macro   0x00000000      0xa5a ./source/drv_MAGTEK.o
 .debug_macro   0x00000000      0x34e ./source/drv_MAGTEK.o
 .debug_macro   0x00000000       0x22 ./source/drv_MAGTEK.o
 .debug_macro   0x00000000       0x5c ./source/drv_MAGTEK.o
 .debug_macro   0x00000000       0x1c ./source/drv_MAGTEK.o
 .debug_macro   0x00000000       0x22 ./source/drv_MAGTEK.o
 .debug_macro   0x00000000       0xdf ./source/drv_MAGTEK.o
 .debug_macro   0x00000000      0xecf ./source/drv_MAGTEK.o
 .debug_macro   0x00000000       0x48 ./source/drv_MAGTEK.o
 .debug_macro   0x00000000     0xe07b ./source/drv_MAGTEK.o
 .debug_macro   0x00000000       0x10 ./source/drv_MAGTEK.o
 .debug_macro   0x00000000     0x122b ./source/drv_MAGTEK.o
 .debug_macro   0x00000000       0x16 ./source/drv_MAGTEK.o
 .debug_macro   0x00000000       0x46 ./source/drv_MAGTEK.o
 .debug_macro   0x00000000       0x64 ./source/drv_MAGTEK.o
 .group         0x00000000        0xc ./source/gpio.o
 .group         0x00000000        0xc ./source/gpio.o
 .group         0x00000000        0xc ./source/gpio.o
 .group         0x00000000        0xc ./source/gpio.o
 .group         0x00000000        0xc ./source/gpio.o
 .group         0x00000000        0xc ./source/gpio.o
 .group         0x00000000        0xc ./source/gpio.o
 .group         0x00000000        0xc ./source/gpio.o
 .group         0x00000000        0xc ./source/gpio.o
 .group         0x00000000        0xc ./source/gpio.o
 .group         0x00000000        0xc ./source/gpio.o
 .group         0x00000000        0xc ./source/gpio.o
 .group         0x00000000        0xc ./source/gpio.o
 .group         0x00000000        0xc ./source/gpio.o
 .text          0x00000000        0x0 ./source/gpio.o
 .data          0x00000000        0x0 ./source/gpio.o
 .bss           0x00000000        0x0 ./source/gpio.o
 .text.gpioToggle
                0x00000000       0x80 ./source/gpio.o
 .debug_macro   0x00000000      0xa5a ./source/gpio.o
 .debug_macro   0x00000000      0x34e ./source/gpio.o
 .debug_macro   0x00000000       0x22 ./source/gpio.o
 .debug_macro   0x00000000       0x5c ./source/gpio.o
 .debug_macro   0x00000000       0x1c ./source/gpio.o
 .debug_macro   0x00000000       0x22 ./source/gpio.o
 .debug_macro   0x00000000       0xdf ./source/gpio.o
 .debug_macro   0x00000000      0xecf ./source/gpio.o
 .debug_macro   0x00000000       0x48 ./source/gpio.o
 .debug_macro   0x00000000     0xe07b ./source/gpio.o
 .debug_macro   0x00000000       0x10 ./source/gpio.o
 .debug_macro   0x00000000     0x122b ./source/gpio.o
 .debug_macro   0x00000000       0x16 ./source/gpio.o
 .debug_macro   0x00000000       0x46 ./source/gpio.o
 .group         0x00000000        0xc ./source/timer.o
 .group         0x00000000        0xc ./source/timer.o
 .group         0x00000000        0xc ./source/timer.o
 .group         0x00000000        0xc ./source/timer.o
 .group         0x00000000        0xc ./source/timer.o
 .group         0x00000000        0xc ./source/timer.o
 .group         0x00000000        0xc ./source/timer.o
 .group         0x00000000        0xc ./source/timer.o
 .group         0x00000000        0xc ./source/timer.o
 .group         0x00000000        0xc ./source/timer.o
 .group         0x00000000        0xc ./source/timer.o
 .group         0x00000000        0xc ./source/timer.o
 .group         0x00000000        0xc ./source/timer.o
 .group         0x00000000        0xc ./source/timer.o
 .group         0x00000000        0xc ./source/timer.o
 .group         0x00000000        0xc ./source/timer.o
 .group         0x00000000        0xc ./source/timer.o
 .group         0x00000000        0xc ./source/timer.o
 .group         0x00000000        0xc ./source/timer.o
 .group         0x00000000        0xc ./source/timer.o
 .group         0x00000000        0xc ./source/timer.o
 .group         0x00000000        0xc ./source/timer.o
 .group         0x00000000        0xc ./source/timer.o
 .group         0x00000000        0xc ./source/timer.o
 .group         0x00000000        0xc ./source/timer.o
 .group         0x00000000        0xc ./source/timer.o
 .group         0x00000000        0xc ./source/timer.o
 .group         0x00000000        0xc ./source/timer.o
 .group         0x00000000        0xc ./source/timer.o
 .group         0x00000000        0xc ./source/timer.o
 .group         0x00000000        0xc ./source/timer.o
 .group         0x00000000        0xc ./source/timer.o
 .text          0x00000000        0x0 ./source/timer.o
 .data          0x00000000        0x0 ./source/timer.o
 .bss           0x00000000        0x0 ./source/timer.o
 .bss.timers    0x00000000      0x100 ./source/timer.o
 .data.timers_cant
                0x00000000        0x1 ./source/timer.o
 .text.timerInit
                0x00000000       0x28 ./source/timer.o
 .text.timerGetId
                0x00000000       0x2c ./source/timer.o
 .text.timerStart
                0x00000000       0x1e ./source/timer.o
 .text.timerStop
                0x00000000       0x16 ./source/timer.o
 .text.timerExpired
                0x00000000       0x18 ./source/timer.o
 .text.timerDelay
                0x00000000       0x30 ./source/timer.o
 .text.timer_isr
                0x00000000        0xe ./source/timer.o
 .bss.yaInit.7445
                0x00000000        0x1 ./source/timer.o
 .debug_info    0x00000000      0xad3 ./source/timer.o
 .debug_abbrev  0x00000000      0x28d ./source/timer.o
 .debug_aranges
                0x00000000       0x50 ./source/timer.o
 .debug_ranges  0x00000000       0x40 ./source/timer.o
 .debug_macro   0x00000000      0x1b0 ./source/timer.o
 .debug_macro   0x00000000      0xa5a ./source/timer.o
 .debug_macro   0x00000000      0x34e ./source/timer.o
 .debug_macro   0x00000000       0x22 ./source/timer.o
 .debug_macro   0x00000000       0x17 ./source/timer.o
 .debug_macro   0x00000000       0x22 ./source/timer.o
 .debug_macro   0x00000000       0x52 ./source/timer.o
 .debug_macro   0x00000000       0x8d ./source/timer.o
 .debug_macro   0x00000000       0x35 ./source/timer.o
 .debug_macro   0x00000000       0x9c ./source/timer.o
 .debug_macro   0x00000000       0x16 ./source/timer.o
 .debug_macro   0x00000000      0x10e ./source/timer.o
 .debug_macro   0x00000000       0x8d ./source/timer.o
 .debug_macro   0x00000000       0x57 ./source/timer.o
 .debug_macro   0x00000000       0x58 ./source/timer.o
 .debug_macro   0x00000000       0x1f ./source/timer.o
 .debug_macro   0x00000000       0x43 ./source/timer.o
 .debug_macro   0x00000000       0x20 ./source/timer.o
 .debug_macro   0x00000000      0x18e ./source/timer.o
 .debug_macro   0x00000000      0x330 ./source/timer.o
 .debug_macro   0x00000000       0x16 ./source/timer.o
 .debug_macro   0x00000000       0x29 ./source/timer.o
 .debug_macro   0x00000000       0x1c ./source/timer.o
 .debug_macro   0x00000000       0x5c ./source/timer.o
 .debug_macro   0x00000000       0x1c ./source/timer.o
 .debug_macro   0x00000000       0x22 ./source/timer.o
 .debug_macro   0x00000000       0xd9 ./source/timer.o
 .debug_macro   0x00000000      0xecf ./source/timer.o
 .debug_macro   0x00000000       0x48 ./source/timer.o
 .debug_macro   0x00000000     0xe07b ./source/timer.o
 .debug_macro   0x00000000       0x10 ./source/timer.o
 .debug_macro   0x00000000     0x122b ./source/timer.o
 .debug_macro   0x00000000       0x16 ./source/timer.o
 .debug_line    0x00000000      0x3a5 ./source/timer.o
 .debug_str     0x00000000    0x7a58c ./source/timer.o
 .comment       0x00000000       0x7f ./source/timer.o
 .debug_frame   0x00000000      0x108 ./source/timer.o
 .ARM.attributes
                0x00000000       0x39 ./source/timer.o
 .group         0x00000000        0xc ./SDK/startup/hardware.o
 .group         0x00000000        0xc ./SDK/startup/hardware.o
 .group         0x00000000        0xc ./SDK/startup/hardware.o
 .group         0x00000000        0xc ./SDK/startup/hardware.o
 .group         0x00000000        0xc ./SDK/startup/hardware.o
 .group         0x00000000        0xc ./SDK/startup/hardware.o
 .group         0x00000000        0xc ./SDK/startup/hardware.o
 .group         0x00000000        0xc ./SDK/startup/hardware.o
 .group         0x00000000        0xc ./SDK/startup/hardware.o
 .group         0x00000000        0xc ./SDK/startup/hardware.o
 .group         0x00000000        0xc ./SDK/startup/hardware.o
 .group         0x00000000        0xc ./SDK/startup/hardware.o
 .group         0x00000000        0xc ./SDK/startup/hardware.o
 .text          0x00000000        0x0 ./SDK/startup/hardware.o
 .data          0x00000000        0x0 ./SDK/startup/hardware.o
 .bss           0x00000000        0x0 ./SDK/startup/hardware.o
 .debug_macro   0x00000000      0xa5a ./SDK/startup/hardware.o
 .debug_macro   0x00000000      0x34e ./SDK/startup/hardware.o
 .debug_macro   0x00000000       0x22 ./SDK/startup/hardware.o
 .debug_macro   0x00000000       0x10 ./SDK/startup/hardware.o
 .debug_macro   0x00000000       0x5c ./SDK/startup/hardware.o
 .debug_macro   0x00000000       0x1c ./SDK/startup/hardware.o
 .debug_macro   0x00000000       0x22 ./SDK/startup/hardware.o
 .debug_macro   0x00000000       0xdf ./SDK/startup/hardware.o
 .debug_macro   0x00000000      0xecf ./SDK/startup/hardware.o
 .debug_macro   0x00000000       0x48 ./SDK/startup/hardware.o
 .debug_macro   0x00000000     0xe07b ./SDK/startup/hardware.o
 .debug_macro   0x00000000     0x122b ./SDK/startup/hardware.o
 .debug_macro   0x00000000       0x16 ./SDK/startup/hardware.o
 .group         0x00000000        0xc ./SDK/startup/main.o
 .group         0x00000000        0xc ./SDK/startup/main.o
 .group         0x00000000        0xc ./SDK/startup/main.o
 .group         0x00000000        0xc ./SDK/startup/main.o
 .group         0x00000000        0xc ./SDK/startup/main.o
 .group         0x00000000        0xc ./SDK/startup/main.o
 .group         0x00000000        0xc ./SDK/startup/main.o
 .group         0x00000000        0xc ./SDK/startup/main.o
 .group         0x00000000        0xc ./SDK/startup/main.o
 .group         0x00000000        0xc ./SDK/startup/main.o
 .group         0x00000000        0xc ./SDK/startup/main.o
 .group         0x00000000        0xc ./SDK/startup/main.o
 .group         0x00000000        0xc ./SDK/startup/main.o
 .text          0x00000000        0x0 ./SDK/startup/main.o
 .data          0x00000000        0x0 ./SDK/startup/main.o
 .bss           0x00000000        0x0 ./SDK/startup/main.o
 .debug_macro   0x00000000      0xa5a ./SDK/startup/main.o
 .debug_macro   0x00000000      0x34e ./SDK/startup/main.o
 .debug_macro   0x00000000       0x22 ./SDK/startup/main.o
 .debug_macro   0x00000000       0x10 ./SDK/startup/main.o
 .debug_macro   0x00000000       0x5c ./SDK/startup/main.o
 .debug_macro   0x00000000       0x1c ./SDK/startup/main.o
 .debug_macro   0x00000000       0x22 ./SDK/startup/main.o
 .debug_macro   0x00000000       0xdf ./SDK/startup/main.o
 .debug_macro   0x00000000      0xecf ./SDK/startup/main.o
 .debug_macro   0x00000000       0x48 ./SDK/startup/main.o
 .debug_macro   0x00000000     0xe07b ./SDK/startup/main.o
 .debug_macro   0x00000000     0x122b ./SDK/startup/main.o
 .debug_macro   0x00000000       0x16 ./SDK/startup/main.o
 .group         0x00000000        0xc ./SDK/startup/semihost_hardfault.o
 .text          0x00000000        0x0 ./SDK/startup/semihost_hardfault.o
 .data          0x00000000        0x0 ./SDK/startup/semihost_hardfault.o
 .bss           0x00000000        0x0 ./SDK/startup/semihost_hardfault.o
 .debug_macro   0x00000000      0xa5a ./SDK/startup/semihost_hardfault.o
 .group         0x00000000        0xc ./SDK/startup/startup_mk64f12.o
 .text          0x00000000        0x0 ./SDK/startup/startup_mk64f12.o
 .data          0x00000000        0x0 ./SDK/startup/startup_mk64f12.o
 .bss           0x00000000        0x0 ./SDK/startup/startup_mk64f12.o
 .text.PORTA_IRQHandler
                0x00000000        0x8 ./SDK/startup/startup_mk64f12.o
 .text.PORTB_IRQHandler
                0x00000000        0x8 ./SDK/startup/startup_mk64f12.o
 .text.PORTC_IRQHandler
                0x00000000        0x8 ./SDK/startup/startup_mk64f12.o
 .text.PORTD_IRQHandler
                0x00000000        0x8 ./SDK/startup/startup_mk64f12.o
 .text.PORTE_IRQHandler
                0x00000000        0x8 ./SDK/startup/startup_mk64f12.o
 .debug_macro   0x00000000      0xa5a ./SDK/startup/startup_mk64f12.o
 .group         0x00000000        0xc ./SDK/CMSIS/system_MK64F12.o
 .group         0x00000000        0xc ./SDK/CMSIS/system_MK64F12.o
 .group         0x00000000        0xc ./SDK/CMSIS/system_MK64F12.o
 .group         0x00000000        0xc ./SDK/CMSIS/system_MK64F12.o
 .group         0x00000000        0xc ./SDK/CMSIS/system_MK64F12.o
 .group         0x00000000        0xc ./SDK/CMSIS/system_MK64F12.o
 .group         0x00000000        0xc ./SDK/CMSIS/system_MK64F12.o
 .group         0x00000000        0xc ./SDK/CMSIS/system_MK64F12.o
 .group         0x00000000        0xc ./SDK/CMSIS/system_MK64F12.o
 .group         0x00000000        0xc ./SDK/CMSIS/system_MK64F12.o
 .group         0x00000000        0xc ./SDK/CMSIS/system_MK64F12.o
 .text          0x00000000        0x0 ./SDK/CMSIS/system_MK64F12.o
 .data          0x00000000        0x0 ./SDK/CMSIS/system_MK64F12.o
 .bss           0x00000000        0x0 ./SDK/CMSIS/system_MK64F12.o
 .data.SystemCoreClock
                0x00000000        0x4 ./SDK/CMSIS/system_MK64F12.o
 .text.SystemCoreClockUpdate
                0x00000000      0x278 ./SDK/CMSIS/system_MK64F12.o
 .debug_macro   0x00000000      0xa5a ./SDK/CMSIS/system_MK64F12.o
 .debug_macro   0x00000000      0x34e ./SDK/CMSIS/system_MK64F12.o
 .debug_macro   0x00000000       0x10 ./SDK/CMSIS/system_MK64F12.o
 .debug_macro   0x00000000       0x5c ./SDK/CMSIS/system_MK64F12.o
 .debug_macro   0x00000000       0x1c ./SDK/CMSIS/system_MK64F12.o
 .debug_macro   0x00000000       0x22 ./SDK/CMSIS/system_MK64F12.o
 .debug_macro   0x00000000       0xdf ./SDK/CMSIS/system_MK64F12.o
 .debug_macro   0x00000000      0xecf ./SDK/CMSIS/system_MK64F12.o
 .debug_macro   0x00000000       0x48 ./SDK/CMSIS/system_MK64F12.o
 .debug_macro   0x00000000     0xe07b ./SDK/CMSIS/system_MK64F12.o
 .debug_macro   0x00000000     0x122b ./SDK/CMSIS/system_MK64F12.o

Memory Configuration

Name             Origin             Length             Attributes
PROGRAM_FLASH    0x00000000         0x00100000         xr
SRAM_UPPER       0x20000000         0x00030000         xrw
SRAM_LOWER       0x1fff0000         0x00010000         xrw
FLEX_RAM         0x14000000         0x00001000         xrw
*default*        0x00000000         0xffffffff

Linker script and memory map

LOAD ./source/App.o
LOAD ./source/IRQ.o
LOAD ./source/SysTick.o
LOAD ./source/drv_K64.o
LOAD ./source/drv_MAGTEK.o
LOAD ./source/gpio.o
LOAD ./source/timer.o
LOAD ./SDK/startup/hardware.o
LOAD ./SDK/startup/main.o
LOAD ./SDK/startup/semihost_hardfault.o
LOAD ./SDK/startup/startup_mk64f12.o
LOAD ./SDK/CMSIS/system_MK64F12.o
START GROUP
LOAD c:/nxp/mcuxpressoide_10.2.0_759/ide/tools/bin/../lib/gcc/arm-none-eabi/7.2.1/../../../../arm-none-eabi/lib/thumb/v7e-m/fpv4-sp/hard\libcr_c.a
LOAD c:/nxp/mcuxpressoide_10.2.0_759/ide/tools/bin/../lib/gcc/arm-none-eabi/7.2.1/thumb/v7e-m/fpv4-sp/hard\libcr_eabihelpers.a
END GROUP
                0x00000000                __base_PROGRAM_FLASH = 0x0
                0x00000000                __base_Flash = 0x0
                0x00100000                __top_PROGRAM_FLASH = 0x100000
                0x00100000                __top_Flash = 0x100000
                0x20000000                __base_SRAM_UPPER = 0x20000000
                0x20000000                __base_RAM = 0x20000000
                0x20030000                __top_SRAM_UPPER = 0x20030000
                0x20030000                __top_RAM = 0x20030000
                0x1fff0000                __base_SRAM_LOWER = 0x1fff0000
                0x1fff0000                __base_RAM2 = 0x1fff0000
                0x20000000                __top_SRAM_LOWER = 0x20000000
                0x20000000                __top_RAM2 = 0x20000000
                0x14000000                __base_FLEX_RAM = 0x14000000
                0x14000000                __base_RAM3 = 0x14000000
                0x14001000                __top_FLEX_RAM = 0x14001000
                0x14001000                __top_RAM3 = 0x14001000

.text           0x00000000     0x11a8
 FILL mask 0xff
                0x00000000                __vectors_start__ = ABSOLUTE (.)
 *(SORT_BY_ALIGNMENT(.isr_vector))
 .isr_vector    0x00000000      0x198 ./SDK/startup/startup_mk64f12.o
                0x00000000                g_pfnVectors
                0x00000000                __Vectors
                0x00000198                . = ALIGN (0x4)
                0x00000198                __section_table_start = .
                0x00000198                __data_section_table = .
                0x00000198        0x4 LONG 0x11a8 LOADADDR (.data)
                0x0000019c        0x4 LONG 0x20000000 ADDR (.data)
                0x000001a0        0x4 LONG 0x60 SIZEOF (.data)
                0x000001a4        0x4 LONG 0x11a8 LOADADDR (.data_RAM2)
                0x000001a8        0x4 LONG 0x1fff0000 ADDR (.data_RAM2)
                0x000001ac        0x4 LONG 0x0 SIZEOF (.data_RAM2)
                0x000001b0        0x4 LONG 0x11a8 LOADADDR (.data_RAM3)
                0x000001b4        0x4 LONG 0x14000000 ADDR (.data_RAM3)
                0x000001b8        0x4 LONG 0x0 SIZEOF (.data_RAM3)
                0x000001bc                __data_section_table_end = .
                0x000001bc                __bss_section_table = .
                0x000001bc        0x4 LONG 0x20000060 ADDR (.bss)
                0x000001c0        0x4 LONG 0x310 SIZEOF (.bss)
                0x000001c4        0x4 LONG 0x1fff0000 ADDR (.bss_RAM2)
                0x000001c8        0x4 LONG 0x0 SIZEOF (.bss_RAM2)
                0x000001cc        0x4 LONG 0x14000000 ADDR (.bss_RAM3)
                0x000001d0        0x4 LONG 0x0 SIZEOF (.bss_RAM3)
                0x000001d4                __bss_section_table_end = .
                0x000001d4                __section_table_end = .
 *(SORT_BY_ALIGNMENT(.after_vectors*))
 .after_vectors.reset
                0x000001d4       0x4c ./SDK/startup/startup_mk64f12.o
                0x000001d4                ResetISR
 .after_vectors.init_data
                0x00000220       0x1e ./SDK/startup/startup_mk64f12.o
                0x00000220                data_init
 .after_vectors.init_bss
                0x0000023e       0x12 ./SDK/startup/startup_mk64f12.o
                0x0000023e                bss_init
 .after_vectors
                0x00000250       0x14 ./SDK/startup/startup_mk64f12.o
                0x00000250                NMI_Handler
                0x00000254                MemManage_Handler
                0x00000256                BusFault_Handler
                0x00000258                UsageFault_Handler
                0x0000025a                SVC_Handler
                0x0000025c                DebugMon_Handler
                0x0000025e                PendSV_Handler
                0x00000262                DMA_Error_DriverIRQHandler
                0x00000262                LPTMR0_DriverIRQHandler
                0x00000262                FTM1_DriverIRQHandler
                0x00000262                FTM2_DriverIRQHandler
                0x00000262                PIT2_DriverIRQHandler
                0x00000262                SDHC_DriverIRQHandler
                0x00000262                I2S0_Tx_DriverIRQHandler
                0x00000262                RTC_Seconds_DriverIRQHandler
                0x00000262                DMA6_DriverIRQHandler
                0x00000262                LLWU_DriverIRQHandler
                0x00000262                MCM_DriverIRQHandler
                0x00000262                MCG_DriverIRQHandler
                0x00000262                ENET_1588_Timer_DriverIRQHandler
                0x00000262                I2C2_DriverIRQHandler
                0x00000262                DAC1_DriverIRQHandler
                0x00000262                SPI1_DriverIRQHandler
                0x00000262                CMP1_DriverIRQHandler
                0x00000262                UART5_RX_TX_DriverIRQHandler
                0x00000262                FTM0_DriverIRQHandler
                0x00000262                IntDefaultHandler
                0x00000262                USB0_DriverIRQHandler
                0x00000262                UART5_ERR_DriverIRQHandler
                0x00000262                PORTC_DriverIRQHandler
                0x00000262                DMA11_DriverIRQHandler
                0x00000262                DAC0_DriverIRQHandler
                0x00000262                DMA10_DriverIRQHandler
                0x00000262                CMP2_DriverIRQHandler
                0x00000262                UART2_ERR_DriverIRQHandler
                0x00000262                SPI2_DriverIRQHandler
                0x00000262                LVD_LVW_DriverIRQHandler
                0x00000262                PIT0_DriverIRQHandler
                0x00000262                RNG_DriverIRQHandler
                0x00000262                DMA5_DriverIRQHandler
                0x00000262                DMA12_DriverIRQHandler
                0x00000262                UART2_RX_TX_DriverIRQHandler
                0x00000262                USBDCD_DriverIRQHandler
                0x00000262                UART3_ERR_DriverIRQHandler
                0x00000262                DMA3_DriverIRQHandler
                0x00000262                DMA8_DriverIRQHandler
                0x00000262                DMA9_DriverIRQHandler
                0x00000262                UART0_ERR_DriverIRQHandler
                0x00000262                CMT_DriverIRQHandler
                0x00000262                Reserved71_DriverIRQHandler
                0x00000262                ADC1_DriverIRQHandler
                0x00000262                PORTA_DriverIRQHandler
                0x00000262                DMA14_DriverIRQHandler
                0x00000262                PIT3_DriverIRQHandler
                0x00000262                PIT1_DriverIRQHandler
                0x00000262                WDOG_EWM_DriverIRQHandler
                0x00000262                PDB0_DriverIRQHandler
                0x00000262                RTC_DriverIRQHandler
                0x00000262                I2S0_Rx_DriverIRQHandler
                0x00000262                Read_Collision_DriverIRQHandler
                0x00000262                SWI_DriverIRQHandler
                0x00000262                UART4_RX_TX_DriverIRQHandler
                0x00000262                UART4_ERR_DriverIRQHandler
                0x00000262                PORTB_DriverIRQHandler
                0x00000262                UART0_LON_DriverIRQHandler
                0x00000262                DMA0_DriverIRQHandler
                0x00000262                DMA1_DriverIRQHandler
                0x00000262                I2C1_DriverIRQHandler
                0x00000262                UART3_RX_TX_DriverIRQHandler
                0x00000262                ENET_Receive_DriverIRQHandler
                0x00000262                DMA13_DriverIRQHandler
                0x00000262                ENET_Error_DriverIRQHandler
                0x00000262                DMA15_DriverIRQHandler
                0x00000262                UART0_RX_TX_DriverIRQHandler
                0x00000262                SPI0_DriverIRQHandler
                0x00000262                ADC0_DriverIRQHandler
                0x00000262                CMP0_DriverIRQHandler
                0x00000262                CAN0_DriverIRQHandler
                0x00000262                FTM3_DriverIRQHandler
                0x00000262                DMA4_DriverIRQHandler
                0x00000262                UART1_ERR_DriverIRQHandler
                0x00000262                DMA2_DriverIRQHandler
                0x00000262                ENET_Transmit_DriverIRQHandler
                0x00000262                PORTD_DriverIRQHandler
                0x00000262                PORTE_DriverIRQHandler
                0x00000262                FTFE_DriverIRQHandler
                0x00000262                I2C0_DriverIRQHandler
                0x00000262                DMA7_DriverIRQHandler
                0x00000262                UART1_RX_TX_DriverIRQHandler
                0x00000400                . = 0x400
 *fill*         0x00000264      0x19c ff
                0x00000400                PROVIDE (__FLASH_CONFIG_START__, .)
 *(SORT_BY_ALIGNMENT(.FlashConfig))
 .FlashConfig   0x00000400       0x10 ./SDK/startup/startup_mk64f12.o
                0x00000400                Flash_Config
                0x00000410                PROVIDE (__FLASH_CONFIG_END__, .)
                0x00000001                ASSERT (! ((__FLASH_CONFIG_START__ == __FLASH_CONFIG_END__)), Linker Flash Config Support Enabled, but no .FlashConfig section provided within application)
 *(SORT_BY_ALIGNMENT(.text*))
 .text.PORT_ClearInterruptFlag
                0x00000410       0x40 ./source/IRQ.o
                0x00000410                PORT_ClearInterruptFlag
 .text.PORTA_IRQHandler
                0x00000450       0x40 ./source/IRQ.o
                0x00000450                PORTA_IRQHandler
 .text.PORTB_IRQHandler
                0x00000490       0x40 ./source/IRQ.o
                0x00000490                PORTB_IRQHandler
 .text.PORTC_IRQHandler
                0x000004d0       0x40 ./source/IRQ.o
                0x000004d0                PORTC_IRQHandler
 .text.PORTD_IRQHandler
                0x00000510       0x40 ./source/IRQ.o
                0x00000510                PORTD_IRQHandler
 .text.PORTE_IRQHandler
                0x00000550       0x40 ./source/IRQ.o
                0x00000550                PORTE_IRQHandler
 .text.FindPinNum
                0x00000590       0x50 ./source/IRQ.o
                0x00000590                FindPinNum
 .text.SysTick_Handler
                0x000005e0       0x2c ./source/SysTick.o
                0x000005e0                SysTick_Handler
 .text.initMagtek
                0x0000060c       0x3c ./source/drv_MAGTEK.o
                0x0000060c                initMagtek
 .text.ptrToClock
                0x00000648      0x138 ./source/drv_MAGTEK.o
                0x00000648                ptrToClock
 .text.ptrToEnable
                0x00000780       0xac ./source/drv_MAGTEK.o
                0x00000780                ptrToEnable
 .text.initialize_data
                0x0000082c       0x3c ./source/drv_MAGTEK.o
                0x0000082c                initialize_data
 .text.arrayParser
                0x00000868      0x16c ./source/drv_MAGTEK.o
                0x00000868                arrayParser
 .text.__NVIC_EnableIRQ
                0x000009d4       0x3c ./source/gpio.o
 .text.gpioMode
                0x00000a10       0xf4 ./source/gpio.o
                0x00000a10                gpioMode
 .text.gpioIRQ  0x00000b04       0x98 ./source/gpio.o
                0x00000b04                gpioIRQ
 .text.gpioWrite
                0x00000b9c       0x70 ./source/gpio.o
                0x00000b9c                gpioWrite
 .text.gpioRead
                0x00000c0c       0x54 ./source/gpio.o
                0x00000c0c                gpioRead
 .text.hw_Init  0x00000c60      0x10c ./SDK/startup/hardware.o
                0x00000c60                hw_Init
 .text.hw_EnableInterrupts
                0x00000d6c       0x30 ./SDK/startup/hardware.o
                0x00000d6c                hw_EnableInterrupts
 .text.hw_DisableInterrupts
                0x00000d9c       0x20 ./SDK/startup/hardware.o
                0x00000d9c                hw_DisableInterrupts
 .text.SystemInit
                0x00000dbc       0x3c ./SDK/CMSIS/system_MK64F12.o
                0x00000dbc                SystemInit
 .text.App_Init
                0x00000df8       0x10 ./source/App.o
                0x00000df8                App_Init
 .text.App_Run  0x00000e08        0xe ./source/App.o
                0x00000e08                App_Run
 .text.init_K64Leds
                0x00000e16       0x50 ./source/drv_K64.o
                0x00000e16                init_K64Leds
 .text.turnOn_RedLed
                0x00000e66       0x10 ./source/drv_K64.o
                0x00000e66                turnOn_RedLed
 .text.turnOn_GreenLed
                0x00000e76       0x10 ./source/drv_K64.o
                0x00000e76                turnOn_GreenLed
 .text.turnOn_BlueLed
                0x00000e86       0x10 ./source/drv_K64.o
                0x00000e86                turnOn_BlueLed
 .text.turnOff_RedLed
                0x00000e96       0x10 ./source/drv_K64.o
                0x00000e96                turnOff_RedLed
 .text.turnOff_GreenLed
                0x00000ea6       0x10 ./source/drv_K64.o
                0x00000ea6                turnOff_GreenLed
 .text.turnOff_BlueLed
                0x00000eb6       0x10 ./source/drv_K64.o
                0x00000eb6                turnOff_BlueLed
 .text.main     0x00000ec6       0x1a ./SDK/startup/main.o
                0x00000ec6                main
 .text.HardFault_Handler
                0x00000ee0       0x2c ./SDK/startup/semihost_hardfault.o
                0x00000ee0                HardFault_Handler
 .text.DMA0_IRQHandler
                0x00000f0c        0x8 ./SDK/startup/startup_mk64f12.o
                0x00000f0c                DMA0_IRQHandler
 .text.DMA1_IRQHandler
                0x00000f14        0x8 ./SDK/startup/startup_mk64f12.o
                0x00000f14                DMA1_IRQHandler
 .text.DMA2_IRQHandler
                0x00000f1c        0x8 ./SDK/startup/startup_mk64f12.o
                0x00000f1c                DMA2_IRQHandler
 .text.DMA3_IRQHandler
                0x00000f24        0x8 ./SDK/startup/startup_mk64f12.o
                0x00000f24                DMA3_IRQHandler
 .text.DMA4_IRQHandler
                0x00000f2c        0x8 ./SDK/startup/startup_mk64f12.o
                0x00000f2c                DMA4_IRQHandler
 .text.DMA5_IRQHandler
                0x00000f34        0x8 ./SDK/startup/startup_mk64f12.o
                0x00000f34                DMA5_IRQHandler
 .text.DMA6_IRQHandler
                0x00000f3c        0x8 ./SDK/startup/startup_mk64f12.o
                0x00000f3c                DMA6_IRQHandler
 .text.DMA7_IRQHandler
                0x00000f44        0x8 ./SDK/startup/startup_mk64f12.o
                0x00000f44                DMA7_IRQHandler
 .text.DMA8_IRQHandler
                0x00000f4c        0x8 ./SDK/startup/startup_mk64f12.o
                0x00000f4c                DMA8_IRQHandler
 .text.DMA9_IRQHandler
                0x00000f54        0x8 ./SDK/startup/startup_mk64f12.o
                0x00000f54                DMA9_IRQHandler
 .text.DMA10_IRQHandler
                0x00000f5c        0x8 ./SDK/startup/startup_mk64f12.o
                0x00000f5c                DMA10_IRQHandler
 .text.DMA11_IRQHandler
                0x00000f64        0x8 ./SDK/startup/startup_mk64f12.o
                0x00000f64                DMA11_IRQHandler
 .text.DMA12_IRQHandler
                0x00000f6c        0x8 ./SDK/startup/startup_mk64f12.o
                0x00000f6c                DMA12_IRQHandler
 .text.DMA13_IRQHandler
                0x00000f74        0x8 ./SDK/startup/startup_mk64f12.o
                0x00000f74                DMA13_IRQHandler
 .text.DMA14_IRQHandler
                0x00000f7c        0x8 ./SDK/startup/startup_mk64f12.o
                0x00000f7c                DMA14_IRQHandler
 .text.DMA15_IRQHandler
                0x00000f84        0x8 ./SDK/startup/startup_mk64f12.o
                0x00000f84                DMA15_IRQHandler
 .text.DMA_Error_IRQHandler
                0x00000f8c        0x8 ./SDK/startup/startup_mk64f12.o
                0x00000f8c                DMA_Error_IRQHandler
 .text.MCM_IRQHandler
                0x00000f94        0x8 ./SDK/startup/startup_mk64f12.o
                0x00000f94                MCM_IRQHandler
 .text.FTFE_IRQHandler
                0x00000f9c        0x8 ./SDK/startup/startup_mk64f12.o
                0x00000f9c                FTFE_IRQHandler
 .text.Read_Collision_IRQHandler
                0x00000fa4        0x8 ./SDK/startup/startup_mk64f12.o
                0x00000fa4                Read_Collision_IRQHandler
 .text.LVD_LVW_IRQHandler
                0x00000fac        0x8 ./SDK/startup/startup_mk64f12.o
                0x00000fac                LVD_LVW_IRQHandler
 .text.LLWU_IRQHandler
                0x00000fb4        0x8 ./SDK/startup/startup_mk64f12.o
                0x00000fb4                LLWU_IRQHandler
 .text.WDOG_EWM_IRQHandler
                0x00000fbc        0x8 ./SDK/startup/startup_mk64f12.o
                0x00000fbc                WDOG_EWM_IRQHandler
 .text.RNG_IRQHandler
                0x00000fc4        0x8 ./SDK/startup/startup_mk64f12.o
                0x00000fc4                RNG_IRQHandler
 .text.I2C0_IRQHandler
                0x00000fcc        0x8 ./SDK/startup/startup_mk64f12.o
                0x00000fcc                I2C0_IRQHandler
 .text.I2C1_IRQHandler
                0x00000fd4        0x8 ./SDK/startup/startup_mk64f12.o
                0x00000fd4                I2C1_IRQHandler
 .text.SPI0_IRQHandler
                0x00000fdc        0x8 ./SDK/startup/startup_mk64f12.o
                0x00000fdc                SPI0_IRQHandler
 .text.SPI1_IRQHandler
                0x00000fe4        0x8 ./SDK/startup/startup_mk64f12.o
                0x00000fe4                SPI1_IRQHandler
 .text.I2S0_Tx_IRQHandler
                0x00000fec        0x8 ./SDK/startup/startup_mk64f12.o
                0x00000fec                I2S0_Tx_IRQHandler
 .text.I2S0_Rx_IRQHandler
                0x00000ff4        0x8 ./SDK/startup/startup_mk64f12.o
                0x00000ff4                I2S0_Rx_IRQHandler
 .text.UART0_LON_IRQHandler
                0x00000ffc        0x8 ./SDK/startup/startup_mk64f12.o
                0x00000ffc                UART0_LON_IRQHandler
 .text.UART0_RX_TX_IRQHandler
                0x00001004        0x8 ./SDK/startup/startup_mk64f12.o
                0x00001004                UART0_RX_TX_IRQHandler
 .text.UART0_ERR_IRQHandler
                0x0000100c        0x8 ./SDK/startup/startup_mk64f12.o
                0x0000100c                UART0_ERR_IRQHandler
 .text.UART1_RX_TX_IRQHandler
                0x00001014        0x8 ./SDK/startup/startup_mk64f12.o
                0x00001014                UART1_RX_TX_IRQHandler
 .text.UART1_ERR_IRQHandler
                0x0000101c        0x8 ./SDK/startup/startup_mk64f12.o
                0x0000101c                UART1_ERR_IRQHandler
 .text.UART2_RX_TX_IRQHandler
                0x00001024        0x8 ./SDK/startup/startup_mk64f12.o
                0x00001024                UART2_RX_TX_IRQHandler
 .text.UART2_ERR_IRQHandler
                0x0000102c        0x8 ./SDK/startup/startup_mk64f12.o
                0x0000102c                UART2_ERR_IRQHandler
 .text.UART3_RX_TX_IRQHandler
                0x00001034        0x8 ./SDK/startup/startup_mk64f12.o
                0x00001034                UART3_RX_TX_IRQHandler
 .text.UART3_ERR_IRQHandler
                0x0000103c        0x8 ./SDK/startup/startup_mk64f12.o
                0x0000103c                UART3_ERR_IRQHandler
 .text.ADC0_IRQHandler
                0x00001044        0x8 ./SDK/startup/startup_mk64f12.o
                0x00001044                ADC0_IRQHandler
 .text.CMP0_IRQHandler
                0x0000104c        0x8 ./SDK/startup/startup_mk64f12.o
                0x0000104c                CMP0_IRQHandler
 .text.CMP1_IRQHandler
                0x00001054        0x8 ./SDK/startup/startup_mk64f12.o
                0x00001054                CMP1_IRQHandler
 .text.FTM0_IRQHandler
                0x0000105c        0x8 ./SDK/startup/startup_mk64f12.o
                0x0000105c                FTM0_IRQHandler
 .text.FTM1_IRQHandler
                0x00001064        0x8 ./SDK/startup/startup_mk64f12.o
                0x00001064                FTM1_IRQHandler
 .text.FTM2_IRQHandler
                0x0000106c        0x8 ./SDK/startup/startup_mk64f12.o
                0x0000106c                FTM2_IRQHandler
 .text.CMT_IRQHandler
                0x00001074        0x8 ./SDK/startup/startup_mk64f12.o
                0x00001074                CMT_IRQHandler
 .text.RTC_IRQHandler
                0x0000107c        0x8 ./SDK/startup/startup_mk64f12.o
                0x0000107c                RTC_IRQHandler
 .text.RTC_Seconds_IRQHandler
                0x00001084        0x8 ./SDK/startup/startup_mk64f12.o
                0x00001084                RTC_Seconds_IRQHandler
 .text.PIT0_IRQHandler
                0x0000108c        0x8 ./SDK/startup/startup_mk64f12.o
                0x0000108c                PIT0_IRQHandler
 .text.PIT1_IRQHandler
                0x00001094        0x8 ./SDK/startup/startup_mk64f12.o
                0x00001094                PIT1_IRQHandler
 .text.PIT2_IRQHandler
                0x0000109c        0x8 ./SDK/startup/startup_mk64f12.o
                0x0000109c                PIT2_IRQHandler
 .text.PIT3_IRQHandler
                0x000010a4        0x8 ./SDK/startup/startup_mk64f12.o
                0x000010a4                PIT3_IRQHandler
 .text.PDB0_IRQHandler
                0x000010ac        0x8 ./SDK/startup/startup_mk64f12.o
                0x000010ac                PDB0_IRQHandler
 .text.USB0_IRQHandler
                0x000010b4        0x8 ./SDK/startup/startup_mk64f12.o
                0x000010b4                USB0_IRQHandler
 .text.USBDCD_IRQHandler
                0x000010bc        0x8 ./SDK/startup/startup_mk64f12.o
                0x000010bc                USBDCD_IRQHandler
 .text.Reserved71_IRQHandler
                0x000010c4        0x8 ./SDK/startup/startup_mk64f12.o
                0x000010c4                Reserved71_IRQHandler
 .text.DAC0_IRQHandler
                0x000010cc        0x8 ./SDK/startup/startup_mk64f12.o
                0x000010cc                DAC0_IRQHandler
 .text.MCG_IRQHandler
                0x000010d4        0x8 ./SDK/startup/startup_mk64f12.o
                0x000010d4                MCG_IRQHandler
 .text.LPTMR0_IRQHandler
                0x000010dc        0x8 ./SDK/startup/startup_mk64f12.o
                0x000010dc                LPTMR0_IRQHandler
 .text.SWI_IRQHandler
                0x000010e4        0x8 ./SDK/startup/startup_mk64f12.o
                0x000010e4                SWI_IRQHandler
 .text.SPI2_IRQHandler
                0x000010ec        0x8 ./SDK/startup/startup_mk64f12.o
                0x000010ec                SPI2_IRQHandler
 .text.UART4_RX_TX_IRQHandler
                0x000010f4        0x8 ./SDK/startup/startup_mk64f12.o
                0x000010f4                UART4_RX_TX_IRQHandler
 .text.UART4_ERR_IRQHandler
                0x000010fc        0x8 ./SDK/startup/startup_mk64f12.o
                0x000010fc                UART4_ERR_IRQHandler
 .text.UART5_RX_TX_IRQHandler
                0x00001104        0x8 ./SDK/startup/startup_mk64f12.o
                0x00001104                UART5_RX_TX_IRQHandler
 .text.UART5_ERR_IRQHandler
                0x0000110c        0x8 ./SDK/startup/startup_mk64f12.o
                0x0000110c                UART5_ERR_IRQHandler
 .text.CMP2_IRQHandler
                0x00001114        0x8 ./SDK/startup/startup_mk64f12.o
                0x00001114                CMP2_IRQHandler
 .text.FTM3_IRQHandler
                0x0000111c        0x8 ./SDK/startup/startup_mk64f12.o
                0x0000111c                FTM3_IRQHandler
 .text.DAC1_IRQHandler
                0x00001124        0x8 ./SDK/startup/startup_mk64f12.o
                0x00001124                DAC1_IRQHandler
 .text.ADC1_IRQHandler
                0x0000112c        0x8 ./SDK/startup/startup_mk64f12.o
                0x0000112c                ADC1_IRQHandler
 .text.I2C2_IRQHandler
                0x00001134        0x8 ./SDK/startup/startup_mk64f12.o
                0x00001134                I2C2_IRQHandler
 .text.CAN0_ORed_Message_buffer_IRQHandler
                0x0000113c        0x8 ./SDK/startup/startup_mk64f12.o
                0x0000113c                CAN0_ORed_Message_buffer_IRQHandler
 .text.CAN0_Bus_Off_IRQHandler
                0x00001144        0x8 ./SDK/startup/startup_mk64f12.o
                0x00001144                CAN0_Bus_Off_IRQHandler
 .text.CAN0_Error_IRQHandler
                0x0000114c        0x8 ./SDK/startup/startup_mk64f12.o
                0x0000114c                CAN0_Error_IRQHandler
 .text.CAN0_Tx_Warning_IRQHandler
                0x00001154        0x8 ./SDK/startup/startup_mk64f12.o
                0x00001154                CAN0_Tx_Warning_IRQHandler
 .text.CAN0_Rx_Warning_IRQHandler
                0x0000115c        0x8 ./SDK/startup/startup_mk64f12.o
                0x0000115c                CAN0_Rx_Warning_IRQHandler
 .text.CAN0_Wake_Up_IRQHandler
                0x00001164        0x8 ./SDK/startup/startup_mk64f12.o
                0x00001164                CAN0_Wake_Up_IRQHandler
 .text.SDHC_IRQHandler
                0x0000116c        0x8 ./SDK/startup/startup_mk64f12.o
                0x0000116c                SDHC_IRQHandler
 .text.ENET_1588_Timer_IRQHandler
                0x00001174        0x8 ./SDK/startup/startup_mk64f12.o
                0x00001174                ENET_1588_Timer_IRQHandler
 .text.ENET_Transmit_IRQHandler
                0x0000117c        0x8 ./SDK/startup/startup_mk64f12.o
                0x0000117c                ENET_Transmit_IRQHandler
 .text.ENET_Receive_IRQHandler
                0x00001184        0x8 ./SDK/startup/startup_mk64f12.o
                0x00001184                ENET_Receive_IRQHandler
 .text.ENET_Error_IRQHandler
                0x0000118c        0x8 ./SDK/startup/startup_mk64f12.o
                0x0000118c                ENET_Error_IRQHandler
 .text.SystemInitHook
                0x00001194        0xe ./SDK/CMSIS/system_MK64F12.o
                0x00001194                SystemInitHook
 *(SORT_BY_ALIGNMENT(.rodata) SORT_BY_ALIGNMENT(.rodata.*) SORT_BY_ALIGNMENT(.constdata) SORT_BY_ALIGNMENT(.constdata.*))
                0x000011a8                . = ALIGN (0x8)
 *fill*         0x000011a2        0x6 ff

.glue_7         0x000011a8        0x0
 .glue_7        0x000011a8        0x0 linker stubs

.glue_7t        0x000011a8        0x0
 .glue_7t       0x000011a8        0x0 linker stubs

.vfp11_veneer   0x000011a8        0x0
 .vfp11_veneer  0x000011a8        0x0 linker stubs

.v4_bx          0x000011a8        0x0
 .v4_bx         0x000011a8        0x0 linker stubs

.iplt           0x000011a8        0x0
 .iplt          0x000011a8        0x0 ./source/App.o

.rel.dyn        0x000011a8        0x0
 .rel.iplt      0x000011a8        0x0 ./source/App.o

.ARM.extab
 *(SORT_BY_ALIGNMENT(.ARM.extab*) SORT_BY_ALIGNMENT(.gnu.linkonce.armextab.*))
                0x000011a8                __exidx_start = .

.ARM.exidx
 *(SORT_BY_ALIGNMENT(.ARM.exidx*) SORT_BY_ALIGNMENT(.gnu.linkonce.armexidx.*))
                0x000011a8                __exidx_end = .
                0x000011a8                _etext = .

.m_usb_data
 *(SORT_BY_ALIGNMENT(m_usb_bdt))

.data_RAM2      0x1fff0000        0x0 load address 0x000011a8
 FILL mask 0xff
                [!provide]                PROVIDE (__start_data_RAM2, .)
 *(SORT_BY_ALIGNMENT(.ramfunc.$RAM2))
 *(SORT_BY_ALIGNMENT(.ramfunc.$SRAM_LOWER))
 *(SORT_BY_ALIGNMENT(.data.$RAM2*))
 *(SORT_BY_ALIGNMENT(.data.$SRAM_LOWER*))
                0x1fff0000                . = ALIGN (0x8)
                [!provide]                PROVIDE (__end_data_RAM2, .)

.data_RAM3      0x14000000        0x0 load address 0x000011a8
 FILL mask 0xff
                [!provide]                PROVIDE (__start_data_RAM3, .)
 *(SORT_BY_ALIGNMENT(.ramfunc.$RAM3))
 *(SORT_BY_ALIGNMENT(.ramfunc.$FLEX_RAM))
 *(SORT_BY_ALIGNMENT(.data.$RAM3*))
 *(SORT_BY_ALIGNMENT(.data.$FLEX_RAM*))
                0x14000000                . = ALIGN (0x8)
                [!provide]                PROVIDE (__end_data_RAM3, .)

.uninit_RESERVED
                0x20000000        0x0
 *(SORT_BY_ALIGNMENT(.bss.$RESERVED*))
                0x20000000                . = ALIGN (0x4)
                0x20000000                _end_uninit_RESERVED = .

.data           0x20000000       0x60 load address 0x000011a8
 FILL mask 0xff
                0x20000000                _data = .
 *(SORT_BY_ALIGNMENT(vtable))
 *(SORT_BY_ALIGNMENT(.ramfunc*))
 *(SORT_BY_ALIGNMENT(.data*))
 .data.PORT_PTRS
                0x20000000       0x14 ./source/IRQ.o
 .data.SIM_MASK
                0x20000014       0x14 ./source/gpio.o
 .data.SIM_PTR  0x20000028        0x4 ./source/gpio.o
 .data.GPIO_PTRS
                0x2000002c       0x14 ./source/gpio.o
 .data.PORT_PTRS
                0x20000040       0x14 ./source/gpio.o
 .data.PORTS_IRQ
                0x20000054        0x5 ./source/gpio.o
                0x20000060                . = ALIGN (0x8)
 *fill*         0x20000059        0x7 ff
                0x20000060                _edata = .

.igot.plt       0x20000060        0x0 load address 0x00001208
 .igot.plt      0x20000060        0x0 ./source/App.o

.bss_RAM2       0x1fff0000        0x0
                [!provide]                PROVIDE (__start_bss_RAM2, .)
 *(SORT_BY_ALIGNMENT(.bss.$RAM2*))
 *(SORT_BY_ALIGNMENT(.bss.$SRAM_LOWER*))
                0x1fff0000                . = ALIGN ((. != 0x0)?0x8:0x1)
                [!provide]                PROVIDE (__end_bss_RAM2, .)

.bss_RAM3       0x14000000        0x0
                [!provide]                PROVIDE (__start_bss_RAM3, .)
 *(SORT_BY_ALIGNMENT(.bss.$RAM3*))
 *(SORT_BY_ALIGNMENT(.bss.$FLEX_RAM*))
                0x14000000                . = ALIGN ((. != 0x0)?0x8:0x1)
                [!provide]                PROVIDE (__end_bss_RAM3, .)

.bss            0x20000060      0x310
                0x20000060                _bss = .
 *(SORT_BY_ALIGNMENT(.bss*))
 .bss.ptr_to_fun_systick
                0x20000060        0x4 ./source/SysTick.o
                0x20000060                ptr_to_fun_systick
 .bss.enable    0x20000064        0x4 ./source/drv_MAGTEK.o
 .bss.status    0x20000068        0x4 ./source/drv_MAGTEK.o
 .bss.data      0x2000006c       0x3c ./source/drv_MAGTEK.o
 .bss.readable_data
                0x200000a8       0x3c ./source/drv_MAGTEK.o
 .bss.PTRS_TO_FUN
                0x200000e4      0x280 ./source/gpio.o
                0x200000e4                PTRS_TO_FUN
 .bss.__LDM_interruptDisableCount
                0x20000364        0x4 ./SDK/startup/hardware.o
 .bss.read_data
                0x20000368        0x1 ./source/drv_MAGTEK.o
 .bss.ss_received
                0x20000369        0x1 ./source/drv_MAGTEK.o
 .bss.es_received
                0x2000036a        0x1 ./source/drv_MAGTEK.o
 .bss.card_ready
                0x2000036b        0x1 ./source/drv_MAGTEK.o
 .bss.char_counter
                0x2000036c        0x1 ./source/drv_MAGTEK.o
 .bss.bit_counter
                0x2000036d        0x1 ./source/drv_MAGTEK.o
 .bss.character
                0x2000036e        0x1 ./source/drv_MAGTEK.o
 .bss.new_data  0x2000036f        0x1 ./source/drv_MAGTEK.o
 *(SORT_BY_ALIGNMENT(COMMON))
                0x20000370                . = ALIGN (0x8)
                0x20000370                _ebss = .
                [!provide]                PROVIDE (end, .)

.noinit_RAM2    0x1fff0000        0x0
 *(SORT_BY_ALIGNMENT(.noinit.$RAM2*))
 *(SORT_BY_ALIGNMENT(.noinit.$SRAM_LOWER*))
                0x1fff0000                . = ALIGN (0x8)

.noinit_RAM3    0x14000000        0x0
 *(SORT_BY_ALIGNMENT(.noinit.$RAM3*))
 *(SORT_BY_ALIGNMENT(.noinit.$FLEX_RAM*))
                0x14000000                . = ALIGN (0x8)

.noinit         0x20000370        0x0
                0x20000370                _noinit = .
 *(SORT_BY_ALIGNMENT(.noinit*))
                0x20000370                . = ALIGN (0x8)
                0x20000370                _end_noinit = .
                0x00001000                _HeapSize = 0x1000

.heap           0x20000370     0x1000
                0x20000370                _pvHeapStart = .
                0x20001370                . = (. + _HeapSize)
 *fill*         0x20000370     0x1000 
                0x20001370                . = ALIGN (0x8)
                0x20001370                _pvHeapLimit = .
                0x00001000                _StackSize = 0x1000

.heap2stackfill
                0x20001370     0x1000
                0x20002370                . = (. + _StackSize)
 *fill*         0x20001370     0x1000 

.stack          0x2002f000        0x0
                0x2002f000                _vStackBase = .
                0x2002f000                . = ALIGN (0x8)
                0x20030000                _vStackTop = (. + _StackSize)
                0x00000000                _image_start = LOADADDR (.text)
                0x00001208                _image_end = (LOADADDR (.data) + SIZEOF (.data))
                0x00001208                _image_size = (_image_end - _image_start)
OUTPUT(Baliza.axf elf32-littlearm)

.debug_info     0x00000000     0x299e
 .debug_info    0x00000000       0xf1 ./source/App.o
 .debug_info    0x000000f1      0x32f ./source/IRQ.o
 .debug_info    0x00000420      0x15f ./source/SysTick.o
 .debug_info    0x0000057f      0x1a0 ./source/drv_K64.o
 .debug_info    0x0000071f      0x2be ./source/drv_MAGTEK.o
 .debug_info    0x000009dd      0x9ae ./source/gpio.o
 .debug_info    0x0000138b      0x675 ./SDK/startup/hardware.o
 .debug_info    0x00001a00       0xb7 ./SDK/startup/main.o
 .debug_info    0x00001ab7       0x3b ./SDK/startup/semihost_hardfault.o
 .debug_info    0x00001af2      0x8b0 ./SDK/startup/startup_mk64f12.o
 .debug_info    0x000023a2      0x5fc ./SDK/CMSIS/system_MK64F12.o

.debug_abbrev   0x00000000      0xb23
 .debug_abbrev  0x00000000       0xb5 ./source/App.o
 .debug_abbrev  0x000000b5      0x143 ./source/IRQ.o
 .debug_abbrev  0x000001f8      0x115 ./source/SysTick.o
 .debug_abbrev  0x0000030d       0xb7 ./source/drv_K64.o
 .debug_abbrev  0x000003c4      0x101 ./source/drv_MAGTEK.o
 .debug_abbrev  0x000004c5      0x1df ./source/gpio.o
 .debug_abbrev  0x000006a4      0x138 ./SDK/startup/hardware.o
 .debug_abbrev  0x000007dc       0x7d ./SDK/startup/main.o
 .debug_abbrev  0x00000859       0x2f ./SDK/startup/semihost_hardfault.o
 .debug_abbrev  0x00000888      0x15c ./SDK/startup/startup_mk64f12.o
 .debug_abbrev  0x000009e4      0x13f ./SDK/CMSIS/system_MK64F12.o

.debug_aranges  0x00000000      0x560
 .debug_aranges
                0x00000000       0x28 ./source/App.o
 .debug_aranges
                0x00000028       0x50 ./source/IRQ.o
 .debug_aranges
                0x00000078       0x28 ./source/SysTick.o
 .debug_aranges
                0x000000a0       0x68 ./source/drv_K64.o
 .debug_aranges
                0x00000108       0x40 ./source/drv_MAGTEK.o
 .debug_aranges
                0x00000148       0x48 ./source/gpio.o
 .debug_aranges
                0x00000190       0x30 ./SDK/startup/hardware.o
 .debug_aranges
                0x000001c0       0x20 ./SDK/startup/main.o
 .debug_aranges
                0x000001e0       0x20 ./SDK/startup/semihost_hardfault.o
 .debug_aranges
                0x00000200      0x330 ./SDK/startup/startup_mk64f12.o
 .debug_aranges
                0x00000530       0x30 ./SDK/CMSIS/system_MK64F12.o

.debug_ranges   0x00000000      0x4b0
 .debug_ranges  0x00000000       0x18 ./source/App.o
 .debug_ranges  0x00000018       0x40 ./source/IRQ.o
 .debug_ranges  0x00000058       0x18 ./source/SysTick.o
 .debug_ranges  0x00000070       0x58 ./source/drv_K64.o
 .debug_ranges  0x000000c8       0x30 ./source/drv_MAGTEK.o
 .debug_ranges  0x000000f8       0x38 ./source/gpio.o
 .debug_ranges  0x00000130       0x20 ./SDK/startup/hardware.o
 .debug_ranges  0x00000150       0x10 ./SDK/startup/main.o
 .debug_ranges  0x00000160       0x10 ./SDK/startup/semihost_hardfault.o
 .debug_ranges  0x00000170      0x320 ./SDK/startup/startup_mk64f12.o
 .debug_ranges  0x00000490       0x20 ./SDK/CMSIS/system_MK64F12.o

.debug_macro    0x00000000    0x118ad
 .debug_macro   0x00000000       0xd2 ./source/App.o
 .debug_macro   0x000000d2      0xa5a ./source/App.o
 .debug_macro   0x00000b2c      0x34e ./source/App.o
 .debug_macro   0x00000e7a       0x22 ./source/App.o
 .debug_macro   0x00000e9c       0x5c ./source/App.o
 .debug_macro   0x00000ef8       0x1c ./source/App.o
 .debug_macro   0x00000f14       0x22 ./source/App.o
 .debug_macro   0x00000f36       0xdf ./source/App.o
 .debug_macro   0x00001015      0xecf ./source/App.o
 .debug_macro   0x00001ee4       0x48 ./source/App.o
 .debug_macro   0x00001f2c     0xe07b ./source/App.o
 .debug_macro   0x0000ffa7       0x10 ./source/App.o
 .debug_macro   0x0000ffb7     0x122b ./source/App.o
 .debug_macro   0x000111e2       0x16 ./source/App.o
 .debug_macro   0x000111f8       0x46 ./source/App.o
 .debug_macro   0x0001123e       0x64 ./source/App.o
 .debug_macro   0x000112a2       0xb3 ./source/IRQ.o
 .debug_macro   0x00011355       0x1c ./source/IRQ.o
 .debug_macro   0x00011371       0xbc ./source/SysTick.o
 .debug_macro   0x0001142d       0xbe ./source/drv_K64.o
 .debug_macro   0x000114eb      0x111 ./source/drv_MAGTEK.o
 .debug_macro   0x000115fc       0x10 ./source/drv_MAGTEK.o
 .debug_macro   0x0001160c       0xaf ./source/gpio.o
 .debug_macro   0x000116bb       0x9c ./SDK/startup/hardware.o
 .debug_macro   0x00011757       0x9c ./SDK/startup/main.o
 .debug_macro   0x000117f3       0x11 ./SDK/startup/semihost_hardfault.o
 .debug_macro   0x00011804       0x29 ./SDK/startup/startup_mk64f12.o
 .debug_macro   0x0001182d       0x80 ./SDK/CMSIS/system_MK64F12.o

.debug_line     0x00000000     0x188e
 .debug_line    0x00000000      0x1ba ./source/App.o
 .debug_line    0x000001ba      0x20b ./source/IRQ.o
 .debug_line    0x000003c5      0x1a9 ./source/SysTick.o
 .debug_line    0x0000056e      0x235 ./source/drv_K64.o
 .debug_line    0x000007a3      0x2a7 ./source/drv_MAGTEK.o
 .debug_line    0x00000a4a      0x203 ./source/gpio.o
 .debug_line    0x00000c4d      0x1d4 ./SDK/startup/hardware.o
 .debug_line    0x00000e21      0x175 ./SDK/startup/main.o
 .debug_line    0x00000f96       0x59 ./SDK/startup/semihost_hardfault.o
 .debug_line    0x00000fef      0x6d8 ./SDK/startup/startup_mk64f12.o
 .debug_line    0x000016c7      0x1c7 ./SDK/CMSIS/system_MK64F12.o

.debug_str      0x00000000    0x7869a
 .debug_str     0x00000000    0x77116 ./source/App.o
                              0x7728e (size before relaxing)
 .debug_str     0x00077116       0xec ./source/IRQ.o
                              0x77124 (size before relaxing)
 .debug_str     0x00077202       0xf6 ./source/SysTick.o
                              0x770ad (size before relaxing)
 .debug_str     0x000772f8       0xab ./source/drv_K64.o
                              0x772fb (size before relaxing)
 .debug_str     0x000773a3      0x22b ./source/drv_MAGTEK.o
                              0x774ab (size before relaxing)
 .debug_str     0x000775ce      0x6cc ./source/gpio.o
                              0x777fa (size before relaxing)
 .debug_str     0x00077c9a      0x178 ./SDK/startup/hardware.o
                              0x771f8 (size before relaxing)
 .debug_str     0x00077e12       0x1b ./SDK/startup/main.o
                              0x76fcc (size before relaxing)
 .debug_str     0x00077e2d       0x36 ./SDK/startup/semihost_hardfault.o
                               0x2d32 (size before relaxing)
 .debug_str     0x00077e63      0x7d5 ./SDK/startup/startup_mk64f12.o
                               0x35a0 (size before relaxing)
 .debug_str     0x00078638       0x62 ./SDK/CMSIS/system_MK64F12.o
                              0x77107 (size before relaxing)

.comment        0x00000000       0x7e
 .comment       0x00000000       0x7e ./source/App.o
                                 0x7f (size before relaxing)
 .comment       0x0000007e       0x7f ./source/IRQ.o
 .comment       0x0000007e       0x7f ./source/SysTick.o
 .comment       0x0000007e       0x7f ./source/drv_K64.o
 .comment       0x0000007e       0x7f ./source/drv_MAGTEK.o
 .comment       0x0000007e       0x7f ./source/gpio.o
 .comment       0x0000007e       0x7f ./SDK/startup/hardware.o
 .comment       0x0000007e       0x7f ./SDK/startup/main.o
 .comment       0x0000007e       0x7f ./SDK/startup/semihost_hardfault.o
 .comment       0x0000007e       0x7f ./SDK/startup/startup_mk64f12.o
 .comment       0x0000007e       0x7f ./SDK/CMSIS/system_MK64F12.o

.ARM.attributes
                0x00000000       0x39
 .ARM.attributes
                0x00000000       0x39 ./source/App.o
 .ARM.attributes
                0x00000039       0x39 ./source/IRQ.o
 .ARM.attributes
                0x00000072       0x39 ./source/SysTick.o
 .ARM.attributes
                0x000000ab       0x39 ./source/drv_K64.o
 .ARM.attributes
                0x000000e4       0x39 ./source/drv_MAGTEK.o
 .ARM.attributes
                0x0000011d       0x39 ./source/gpio.o
 .ARM.attributes
                0x00000156       0x39 ./SDK/startup/hardware.o
 .ARM.attributes
                0x0000018f       0x39 ./SDK/startup/main.o
 .ARM.attributes
                0x000001c8       0x39 ./SDK/startup/semihost_hardfault.o
 .ARM.attributes
                0x00000201       0x39 ./SDK/startup/startup_mk64f12.o
 .ARM.attributes
                0x0000023a       0x39 ./SDK/CMSIS/system_MK64F12.o

.debug_frame    0x00000000      0xf0c
 .debug_frame   0x00000000       0x4c ./source/App.o
 .debug_frame   0x0000004c      0x150 ./source/IRQ.o
 .debug_frame   0x0000019c       0x64 ./source/SysTick.o
 .debug_frame   0x00000200      0x128 ./source/drv_K64.o
 .debug_frame   0x00000328       0xb4 ./source/drv_MAGTEK.o
 .debug_frame   0x000003dc       0xfc ./source/gpio.o
 .debug_frame   0x000004d8       0x70 ./SDK/startup/hardware.o
 .debug_frame   0x00000548       0x2c ./SDK/startup/main.o
 .debug_frame   0x00000574       0x20 ./SDK/startup/semihost_hardfault.o
 .debug_frame   0x00000594      0x904 ./SDK/startup/startup_mk64f12.o
 .debug_frame   0x00000e98       0x74 ./SDK/CMSIS/system_MK64F12.o
