
Discarded input sections

 .group         0x00000000        0xc ./source/App.o
 .group         0x00000000        0xc ./source/App.o
 .group         0x00000000        0xc ./source/App.o
 .group         0x00000000        0xc ./source/App.o
 .group         0x00000000        0xc ./source/App.o
 .group         0x00000000        0xc ./source/App.o
 .group         0x00000000        0xc ./source/App.o
 .group         0x00000000        0xc ./source/App.o
 .group         0x00000000        0xc ./source/App.o
 .group         0x00000000        0xc ./source/App.o
 .group         0x00000000        0xc ./source/App.o
 .group         0x00000000        0xc ./source/App.o
 .group         0x00000000        0xc ./source/App.o
 .group         0x00000000        0xc ./source/App.o
 .group         0x00000000        0xc ./source/App.o
 .group         0x00000000        0xc ./source/App.o
 .group         0x00000000        0xc ./source/App.o
 .group         0x00000000        0xc ./source/App.o
 .group         0x00000000        0xc ./source/App.o
 .group         0x00000000        0xc ./source/App.o
 .group         0x00000000        0xc ./source/App.o
 .group         0x00000000        0xc ./source/App.o
 .group         0x00000000        0xc ./source/App.o
 .group         0x00000000        0xc ./source/App.o
 .group         0x00000000        0xc ./source/App.o
 .group         0x00000000        0xc ./source/App.o
 .group         0x00000000        0xc ./source/App.o
 .group         0x00000000        0xc ./source/App.o
 .group         0x00000000        0xc ./source/App.o
 .group         0x00000000        0xc ./source/App.o
 .group         0x00000000        0xc ./source/App.o
 .group         0x00000000        0xc ./source/App.o
 .group         0x00000000        0xc ./source/App.o
 .group         0x00000000        0xc ./source/App.o
 .group         0x00000000        0xc ./source/App.o
 .group         0x00000000        0xc ./source/App.o
 .group         0x00000000        0xc ./source/App.o
 .group         0x00000000        0xc ./source/App.o
 .group         0x00000000        0xc ./source/App.o
 .group         0x00000000        0xc ./source/App.o
 .group         0x00000000        0xc ./source/App.o
 .group         0x00000000        0xc ./source/App.o
 .group         0x00000000        0xc ./source/App.o
 .group         0x00000000        0xc ./source/App.o
 .group         0x00000000        0xc ./source/App.o
 .group         0x00000000        0xc ./source/App.o
 .group         0x00000000        0xc ./source/App.o
 .group         0x00000000        0xc ./source/App.o
 .group         0x00000000        0xc ./source/App.o
 .group         0x00000000        0xc ./source/App.o
 .group         0x00000000        0xc ./source/App.o
 .group         0x00000000        0xc ./source/App.o
 .text          0x00000000        0x0 ./source/App.o
 .data          0x00000000        0x0 ./source/App.o
 .bss           0x00000000        0x0 ./source/App.o
 .group         0x00000000        0xc ./source/IRQ.o
 .group         0x00000000        0xc ./source/IRQ.o
 .group         0x00000000        0xc ./source/IRQ.o
 .group         0x00000000        0xc ./source/IRQ.o
 .group         0x00000000        0xc ./source/IRQ.o
 .group         0x00000000        0xc ./source/IRQ.o
 .group         0x00000000        0xc ./source/IRQ.o
 .group         0x00000000        0xc ./source/IRQ.o
 .group         0x00000000        0xc ./source/IRQ.o
 .group         0x00000000        0xc ./source/IRQ.o
 .group         0x00000000        0xc ./source/IRQ.o
 .group         0x00000000        0xc ./source/IRQ.o
 .group         0x00000000        0xc ./source/IRQ.o
 .group         0x00000000        0xc ./source/IRQ.o
 .text          0x00000000        0x0 ./source/IRQ.o
 .data          0x00000000        0x0 ./source/IRQ.o
 .bss           0x00000000        0x0 ./source/IRQ.o
 .debug_macro   0x00000000      0xa5a ./source/IRQ.o
 .debug_macro   0x00000000      0x34e ./source/IRQ.o
 .debug_macro   0x00000000       0x22 ./source/IRQ.o
 .debug_macro   0x00000000       0x5c ./source/IRQ.o
 .debug_macro   0x00000000       0x1c ./source/IRQ.o
 .debug_macro   0x00000000       0x22 ./source/IRQ.o
 .debug_macro   0x00000000       0xdf ./source/IRQ.o
 .debug_macro   0x00000000      0xecf ./source/IRQ.o
 .debug_macro   0x00000000       0x48 ./source/IRQ.o
 .debug_macro   0x00000000     0xe07b ./source/IRQ.o
 .debug_macro   0x00000000       0x10 ./source/IRQ.o
 .debug_macro   0x00000000     0x122b ./source/IRQ.o
 .debug_macro   0x00000000       0x16 ./source/IRQ.o
 .group         0x00000000        0xc ./source/SysTick.o
 .group         0x00000000        0xc ./source/SysTick.o
 .group         0x00000000        0xc ./source/SysTick.o
 .group         0x00000000        0xc ./source/SysTick.o
 .group         0x00000000        0xc ./source/SysTick.o
 .group         0x00000000        0xc ./source/SysTick.o
 .group         0x00000000        0xc ./source/SysTick.o
 .group         0x00000000        0xc ./source/SysTick.o
[...]
Memory Configuration

Name             Origin             Length             Attributes
PROGRAM_FLASH    0x00000000         0x00100000         xr
SRAM_UPPER       0x20000000         0x00030000         xrw
SRAM_LOWER       0x1fff0000         0x00010000         xrw
FLEX_RAM         0x14000000         0x00001000         xrw
*default*        0x00000000         0xffffffff

Linker script and memory map

LOAD ./source/App.o
LOAD ./source/IRQ.o
LOAD ./source/SysTick.o
LOAD ./source/alphabet.o
LOAD ./source/display.o
LOAD ./source/drv_DEVBOARD.o
LOAD ./source/drv_DEVLEDS.o
LOAD ./source/drv_ENCODER.o
LOAD ./source/drv_K64.o
LOAD ./source/drv_MAGTEK.o
LOAD ./source/fsm.o
LOAD ./source/gpio.o
LOAD ./source/mcuDisplay.o
LOAD ./source/timer.o
LOAD ./SDK/startup/hardware.o
LOAD ./SDK/startup/main.o
LOAD ./SDK/startup/semihost_hardfault.o
LOAD ./SDK/startup/startup_mk64f12.o
LOAD ./SDK/CMSIS/system_MK64F12.o
START GROUP
LOAD c:/nxp/mcuxpressoide_10.2.0_759/ide/tools/bin/../lib/gcc/arm-none-eabi/7.2.1/../../../../arm-none-eabi/lib/thumb/v7e-m/fpv4-sp/hard\libcr_c.a
LOAD c:/nxp/mcuxpressoide_10.2.0_759/ide/tools/bin/../lib/gcc/arm-none-eabi/7.2.1/thumb/v7e-m/fpv4-sp/hard\libcr_eabihelpers.a
END GROUP
                0x00000000                __base_PROGRAM_FLASH = 0x0
                0x00000000                __base_Flash = 0x0
                0x00100000                __top_PROGRAM_FLASH = 0x100000
                0x00100000                __top_Flash = 0x100000
                0x20000000                __base_SRAM_UPPER = 0x20000000
                0x20000000                __base_RAM = 0x20000000
                0x20030000                __top_SRAM_UPPER = 0x20030000
                0x20030000                __top_RAM = 0x20030000
                0x1fff0000                __base_SRAM_LOWER = 0x1fff0000
                0x1fff0000                __base_RAM2 = 0x1fff0000
                0x20000000                __top_SRAM_LOWER = 0x20000000
                0x20000000                __top_RAM2 = 0x20000000
                0x14000000                __base_FLEX_RAM = 0x14000000
                0x14000000                __base_RAM3 = 0x14000000
                0x14001000                __top_FLEX_RAM = 0x14001000
                0x14001000                __top_RAM3 = 0x14001000

.text           0x00000000     0x4c68
 FILL mask 0xff
                0x00000000                __vectors_start__ = ABSOLUTE (.)
 *(SORT_BY_ALIGNMENT(.isr_vector))
 .isr_vector    0x00000000      0x198 ./SDK/startup/startup_mk64f12.o
                0x00000000                g_pfnVectors
                0x00000000                __Vectors
                0x00000198                . = ALIGN (0x4)
                0x00000198                __section_table_start = .
                0x00000198                __data_section_table = .
                0x00000198        0x4 LONG 0x4c68 LOADADDR (.data)
                0x0000019c        0x4 LONG 0x20000000 ADDR (.data)
                0x000001a0        0x4 LONG 0x180 SIZEOF (.data)
                0x000001a4        0x4 LONG 0x4c68 LOADADDR (.data_RAM2)
                0x000001a8        0x4 LONG 0x1fff0000 ADDR (.data_RAM2)
                0x000001ac        0x4 LONG 0x0 SIZEOF (.data_RAM2)
                0x000001b0        0x4 LONG 0x4c68 LOADADDR (.data_RAM3)
                0x000001b4        0x4 LONG 0x14000000 ADDR (.data_RAM3)
                0x000001b8        0x4 LONG 0x0 SIZEOF (.data_RAM3)
                0x000001bc                __data_section_table_end = .
                0x000001bc                __bss_section_table = .
                0x000001bc        0x4 LONG 0x20000180 ADDR (.bss)
                0x000001c0        0x4 LONG 0x4f8 SIZEOF (.bss)
                0x000001c4        0x4 LONG 0x1fff0000 ADDR (.bss_RAM2)
                0x000001c8        0x4 LONG 0x0 SIZEOF (.bss_RAM2)
                0x000001cc        0x4 LONG 0x14000000 ADDR (.bss_RAM3)
                0x000001d0        0x4 LONG 0x0 SIZEOF (.bss_RAM3)
                0x000001d4                __bss_section_table_end = .
                0x000001d4                __section_table_end = .
 *(SORT_BY_ALIGNMENT(.after_vectors*))
 .after_vectors.reset
                0x000001d4       0x4c ./SDK/startup/startup_mk64f12.o
                0x000001d4                ResetISR
 .after_vectors.init_data
                0x00000220       0x1e ./SDK/startup/startup_mk64f12.o
                0x00000220                data_init
 .after_vectors.init_bss
                0x0000023e       0x12 ./SDK/startup/startup_mk64f12.o
                0x0000023e                bss_init
 .after_vectors
                0x00000250       0x14 ./SDK/startup/startup_mk64f12.o
                0x00000250                NMI_Handler
                0x00000254                MemManage_Handler
                0x00000256                BusFault_Handler
                0x00000258                UsageFault_Handler
                0x0000025a                SVC_Handler
                0x0000025c                DebugMon_Handler
                0x0000025e                PendSV_Handler
                0x00000262                DMA_Error_DriverIRQHandler
                0x00000262                LPTMR0_DriverIRQHandler
                0x00000262                FTM1_DriverIRQHandler
                0x00000262                FTM2_DriverIRQHandler
                0x00000262                PIT2_DriverIRQHandler
                0x00000262                SDHC_DriverIRQHandler
                0x00000262                I2S0_Tx_DriverIRQHandler
                0x00000262                RTC_Seconds_DriverIRQHandler
                0x00000262                DMA6_DriverIRQHandler
                0x00000262                LLWU_DriverIRQHandler
                0x00000262                MCM_DriverIRQHandler
                0x00000262                MCG_DriverIRQHandler
                0x00000262                ENET_1588_Timer_DriverIRQHandler
                0x00000262                I2C2_DriverIRQHandler
                0x00000262                DAC1_DriverIRQHandler
                0x00000262                SPI1_DriverIRQHandler
                0x00000262                CMP1_DriverIRQHandler
                0x00000262                UART5_RX_TX_DriverIRQHandler
                0x00000262                FTM0_DriverIRQHandler
                0x00000262                IntDefaultHandler
                0x00000262                USB0_DriverIRQHandler
                0x00000262                UART5_ERR_DriverIRQHandler
                0x00000262                PORTC_DriverIRQHandler
                0x00000262                DMA11_DriverIRQHandler
                0x00000262                DAC0_DriverIRQHandler
                0x00000262                DMA10_DriverIRQHandler
                0x00000262                CMP2_DriverIRQHandler
                0x00000262                UART2_ERR_DriverIRQHandler
                0x00000262                SPI2_DriverIRQHandler
                0x00000262                LVD_LVW_DriverIRQHandler
                0x00000262                PIT0_DriverIRQHandler
                0x00000262                RNG_DriverIRQHandler
                0x00000262                DMA5_DriverIRQHandler
                0x00000262                DMA12_DriverIRQHandler
                0x00000262                UART2_RX_TX_DriverIRQHandler
                0x00000262                USBDCD_DriverIRQHandler
                0x00000262                UART3_ERR_DriverIRQHandler
                0x00000262                DMA3_DriverIRQHandler
                0x00000262                DMA8_DriverIRQHandler
                0x00000262                DMA9_DriverIRQHandler
                0x00000262                UART0_ERR_DriverIRQHandler
                0x00000262                CMT_DriverIRQHandler
                0x00000262                Reserved71_DriverIRQHandler
                0x00000262                ADC1_DriverIRQHandler
                0x00000262                PORTA_DriverIRQHandler
                0x00000262                DMA14_DriverIRQHandler
                0x00000262                PIT3_DriverIRQHandler
                0x00000262                PIT1_DriverIRQHandler
                0x00000262                WDOG_EWM_DriverIRQHandler
                0x00000262                PDB0_DriverIRQHandler
                0x00000262                RTC_DriverIRQHandler
                0x00000262                I2S0_Rx_DriverIRQHandler
                0x00000262                Read_Collision_DriverIRQHandler
                0x00000262                SWI_DriverIRQHandler
                0x00000262                UART4_RX_TX_DriverIRQHandler
                0x00000262                UART4_ERR_DriverIRQHandler
                0x00000262                PORTB_DriverIRQHandler
                0x00000262                UART0_LON_DriverIRQHandler
                0x00000262                DMA0_DriverIRQHandler
                0x00000262                DMA1_DriverIRQHandler
                0x00000262                I2C1_DriverIRQHandler
                0x00000262                UART3_RX_TX_DriverIRQHandler
                0x00000262                ENET_Receive_DriverIRQHandler
                0x00000262                DMA13_DriverIRQHandler
                0x00000262                ENET_Error_DriverIRQHandler
                0x00000262                DMA15_DriverIRQHandler
                0x00000262                UART0_RX_TX_DriverIRQHandler
                0x00000262                SPI0_DriverIRQHandler
                0x00000262                ADC0_DriverIRQHandler
                0x00000262                CMP0_DriverIRQHandler
                0x00000262                CAN0_DriverIRQHandler
                0x00000262                FTM3_DriverIRQHandler
                0x00000262                DMA4_DriverIRQHandler
                0x00000262                UART1_ERR_DriverIRQHandler
                0x00000262                DMA2_DriverIRQHandler
                0x00000262                ENET_Transmit_DriverIRQHandler
                0x00000262                PORTD_DriverIRQHandler
                0x00000262                PORTE_DriverIRQHandler
                0x00000262                FTFE_DriverIRQHandler
                0x00000262                I2C0_DriverIRQHandler
                0x00000262                DMA7_DriverIRQHandler
                0x00000262                UART1_RX_TX_DriverIRQHandler
                0x00000400                . = 0x400
 *fill*         0x00000264      0x19c ff
                0x00000400                PROVIDE (__FLASH_CONFIG_START__, .)
 *(SORT_BY_ALIGNMENT(.FlashConfig))
 .FlashConfig   0x00000400       0x10 ./SDK/startup/startup_mk64f12.o
                0x00000400                Flash_Config
                0x00000410                PROVIDE (__FLASH_CONFIG_END__, .)
                0x00000001                ASSERT (! ((__FLASH_CONFIG_START__ == __FLASH_CONFIG_END__)), Linker Flash Config Support Enabled, but no .FlashConfig section provided within application)
 *(SORT_BY_ALIGNMENT(.text*))
 .text.__NVIC_SetPriority
                0x00000410       0x54 ./source/App.o
 .text.PORT_ClearInterruptFlag
                0x00000464       0x40 ./source/IRQ.o
                0x00000464                PORT_ClearInterruptFlag
 .text.PORTA_IRQHandler
                0x000004a4       0x40 ./source/IRQ.o
                0x000004a4                PORTA_IRQHandler
 .text.PORTB_IRQHandler
                0x000004e4       0x40 ./source/IRQ.o
                0x000004e4                PORTB_IRQHandler
 .text.PORTC_IRQHandler
                0x00000524       0x40 ./source/IRQ.o
                0x00000524                PORTC_IRQHandler
 .text.PORTD_IRQHandler
                0x00000564       0x40 ./source/IRQ.o
                0x00000564                PORTD_IRQHandler
 .text.PORTE_IRQHandler
                0x000005a4       0x40 ./source/IRQ.o
                0x000005a4                PORTE_IRQHandler
 .text.FindPinNum
                0x000005e4       0x50 ./source/IRQ.o
                0x000005e4                FindPinNum
 .text.SysTick_Init
                0x00000634       0x60 ./source/SysTick.o
                0x00000634                SysTick_Init
 .text.SysTick_Handler
                0x00000694       0x2c ./source/SysTick.o
                0x00000694                SysTick_Handler
 .text.translateChar
                0x000006c0      0x324 ./source/alphabet.o
                0x000006c0                translateChar
 .text.change_brightness
                0x000009e4       0x88 ./source/display.o
                0x000009e4                change_brightness
 .text.print_msg
                0x00000a6c       0x6c ./source/display.o
                0x00000a6c                print_msg
 .text.drv_ENCODER_init
                0x00000ad8       0xd0 ./source/drv_ENCODER.o
                0x00000ad8                drv_ENCODER_init
 .text.encoderEvent
                0x00000ba8       0xd8 ./source/drv_ENCODER.o
                0x00000ba8                encoderEvent
 .text.ptrToRSwitch
                0x00000c80       0x90 ./source/drv_ENCODER.o
                0x00000c80                ptrToRSwitch
 .text.readStatus
                0x00000d10       0x50 ./source/drv_ENCODER.o
                0x00000d10                readStatus
 .text.encoderInterrup
                0x00000d60       0x18 ./source/drv_ENCODER.o
                0x00000d60                encoderInterrup
 .text.clearEncoderInter
                0x00000d78       0x28 ./source/drv_ENCODER.o
                0x00000d78                clearEncoderInter
 .text.getEncoder
                0x00000da0       0x28 ./source/drv_ENCODER.o
                0x00000da0                getEncoder
 .text.clearEncoderGiros
                0x00000dc8       0x18 ./source/drv_ENCODER.o
                0x00000dc8                clearEncoderGiros
 .text.clearEncoderPresiones
                0x00000de0       0x18 ./source/drv_ENCODER.o
                0x00000de0                clearEncoderPresiones
 .text.check_expired
                0x00000df8       0x30 ./source/drv_ENCODER.o
 .text.initMagtek
                0x00000e28       0x60 ./source/drv_MAGTEK.o
                0x00000e28                initMagtek
 .text.ptrToClock
                0x00000e88       0x58 ./source/drv_MAGTEK.o
                0x00000e88                ptrToClock
 .text.ptrToEnable
                0x00000ee0       0x74 ./source/drv_MAGTEK.o
                0x00000ee0                ptrToEnable
 .text.check_card_ready
                0x00000f54       0x28 ./source/drv_MAGTEK.o
                0x00000f54                check_card_ready
 .text.flush    0x00000f7c       0x6c ./source/drv_MAGTEK.o
                0x00000f7c                flush
 .text.parse    0x00000fe8      0x140 ./source/drv_MAGTEK.o
                0x00000fe8                parse
 .text.parse_alphanumeric
                0x00001128      0x1c8 ./source/drv_MAGTEK.o
                0x00001128                parse_alphanumeric
 .text.write    0x000012f0       0x44 ./source/drv_MAGTEK.o
                0x000012f0                write
 .text.magtek_iter
                0x00001334       0x18 ./source/drv_MAGTEK.o
                0x00001334                magtek_iter
 .text.magtek_clear
                0x0000134c       0x1c ./source/drv_MAGTEK.o
                0x0000134c                magtek_clear
 .text.get_ID   0x00001368       0x14 ./source/drv_MAGTEK.o
                0x00001368                get_ID
 .text.fsm      0x0000137c     0x1f50 ./source/fsm.o
                0x0000137c                fsm
 .text.verify_id
                0x000032cc       0x88 ./source/fsm.o
                0x000032cc                verify_id
 .text.verify_pin
                0x00003354       0x7c ./source/fsm.o
                0x00003354                verify_pin
 .text.check_users
                0x000033d0       0x88 ./source/fsm.o
                0x000033d0                check_users
 .text.enter_new_user
                0x00003458       0xb0 ./source/fsm.o
                0x00003458                enter_new_user
 .text.remove_user
                0x00003508       0x94 ./source/fsm.o
                0x00003508                remove_user
 .text.get_number
                0x0000359c       0xc4 ./source/fsm.o
                0x0000359c                get_number
 .text.change_password
                0x00003660       0x4c ./source/fsm.o
                0x00003660                change_password
 .text.__NVIC_EnableIRQ
                0x000036ac       0x3c ./source/gpio.o
 .text.gpioMode
                0x000036e8       0xf4 ./source/gpio.o
                0x000036e8                gpioMode
 .text.gpioIRQ  0x000037dc       0x98 ./source/gpio.o
                0x000037dc                gpioIRQ
 .text.gpioWrite
                0x00003874       0x70 ./source/gpio.o
                0x00003874                gpioWrite
 .text.gpioRead
                0x000038e4       0x54 ./source/gpio.o
                0x000038e4                gpioRead
 .text.initMcuDisplay
                0x00003938       0xc4 ./source/mcuDisplay.o
                0x00003938                initMcuDisplay
 .text.updateMcuDisplay
                0x000039fc       0x34 ./source/mcuDisplay.o
                0x000039fc                updateMcuDisplay
 .text.textToDisplay
                0x00003a30       0x28 ./source/mcuDisplay.o
                0x00003a30                textToDisplay
 .text.textLenDisplay
                0x00003a58       0x28 ./source/mcuDisplay.o
                0x00003a58                textLenDisplay
 .text.next_character
                0x00003a80       0xf8 ./source/mcuDisplay.o
                0x00003a80                next_character
 .text.next_status
                0x00003b78       0x58 ./source/mcuDisplay.o
                0x00003b78                next_status
 .text.printMcuD
                0x00003bd0      0x4a0 ./source/mcuDisplay.o
                0x00003bd0                printMcuD
 .text.modeToDisplay
                0x00004070       0x38 ./source/mcuDisplay.o
                0x00004070                modeToDisplay
 .text.brighnessDisplay
                0x000040a8       0x20 ./source/mcuDisplay.o
                0x000040a8                brighnessDisplay
 .text.timerInit
                0x000040c8       0x28 ./source/timer.o
                0x000040c8                timerInit
 .text.timerGetId
                0x000040f0       0x5c ./source/timer.o
                0x000040f0                timerGetId
 .text.timerStart
                0x0000414c      0x130 ./source/timer.o
                0x0000414c                timerStart
 .text.timerStop
                0x0000427c       0x58 ./source/timer.o
                0x0000427c                timerStop
 .text.timerExpired
                0x000042d4       0x4c ./source/timer.o
                0x000042d4                timerExpired
 .text.timerRunning
                0x00004320       0x38 ./source/timer.o
                0x00004320                timerRunning
 .text.timer_isr
                0x00004358       0xf4 ./source/timer.o
 .text.hw_Init  0x0000444c      0x10c ./SDK/startup/hardware.o
                0x0000444c                hw_Init
 .text.hw_EnableInterrupts
                0x00004558       0x30 ./SDK/startup/hardware.o
                0x00004558                hw_EnableInterrupts
 .text.hw_DisableInterrupts
                0x00004588       0x20 ./SDK/startup/hardware.o
                0x00004588                hw_DisableInterrupts
 .text.SystemInit
                0x000045a8       0x3c ./SDK/CMSIS/system_MK64F12.o
                0x000045a8                SystemInit
 .text.App_Init
                0x000045e4       0x4c ./source/App.o
                0x000045e4                App_Init
 .text.App_Run  0x00004630        0xc ./source/App.o
                0x00004630                App_Run
 .text.displayInit
                0x0000463c        0xc ./source/display.o
                0x0000463c                displayInit
 .text.arr_len  0x00004648       0x38 ./source/display.o
                0x00004648                arr_len
 .text.clear_text
                0x00004680       0x2c ./source/display.o
                0x00004680                clear_text
 .text.init_DEVBOARD
                0x000046ac       0x28 ./source/drv_DEVBOARD.o
                0x000046ac                init_DEVBOARD
 .text.turnOn_DebugLed_1
                0x000046d4       0x10 ./source/drv_DEVBOARD.o
                0x000046d4                turnOn_DebugLed_1
 .text.turnOff_DebugLed_1
                0x000046e4       0x10 ./source/drv_DEVBOARD.o
                0x000046e4                turnOff_DebugLed_1
 .text.turnOn_DebugLed_2
                0x000046f4       0x10 ./source/drv_DEVBOARD.o
                0x000046f4                turnOn_DebugLed_2
 .text.turnOff_DebugLed_2
                0x00004704       0x10 ./source/drv_DEVBOARD.o
                0x00004704                turnOff_DebugLed_2
 .text.init_DEVLED
                0x00004714       0x48 ./source/drv_DEVLEDS.o
                0x00004714                init_DEVLED
 .text.turnOn_D1Led
                0x0000475c       0x18 ./source/drv_DEVLEDS.o
                0x0000475c                turnOn_D1Led
 .text.turnOn_D2Led
                0x00004774       0x18 ./source/drv_DEVLEDS.o
                0x00004774                turnOn_D2Led
 .text.turnOn_D3Led
                0x0000478c       0x18 ./source/drv_DEVLEDS.o
                0x0000478c                turnOn_D3Led
 .text.turnOff_D1Led
                0x000047a4       0x18 ./source/drv_DEVLEDS.o
                0x000047a4                turnOff_D1Led
 .text.turnOff_D2Led
                0x000047bc       0x18 ./source/drv_DEVLEDS.o
                0x000047bc                turnOff_D2Led
 .text.turnOff_D3Led
                0x000047d4       0x18 ./source/drv_DEVLEDS.o
                0x000047d4                turnOff_D3Led
 .text.detecTurn
                0x000047ec        0xe ./source/drv_ENCODER.o
 .text.buttonPress
                0x000047fa        0xe ./source/drv_ENCODER.o
 .text.fun      0x00004808        0xe ./source/drv_ENCODER.o
 .text.init_K64Leds
                0x00004816       0x50 ./source/drv_K64.o
                0x00004816                init_K64Leds
 .text.turnOn_RedLed
                0x00004866       0x10 ./source/drv_K64.o
                0x00004866                turnOn_RedLed
 .text.turnOff_RedLed
                0x00004876       0x10 ./source/drv_K64.o
                0x00004876                turnOff_RedLed
 .text.turnOff_GreenLed
                0x00004886       0x10 ./source/drv_K64.o
                0x00004886                turnOff_GreenLed
 .text.callback_timer
                0x00004896        0xe ./source/fsm.o
                0x00004896                callback_timer
 .text.timerDelay
                0x000048a4       0x30 ./source/timer.o
                0x000048a4                timerDelay
 .text.main     0x000048d4       0x1a ./SDK/startup/main.o
                0x000048d4                main
 .text.HardFault_Handler
                0x000048ee       0x2c ./SDK/startup/semihost_hardfault.o
                0x000048ee                HardFault_Handler
 .text.DMA0_IRQHandler
                0x0000491a        0x8 ./SDK/startup/startup_mk64f12.o
                0x0000491a                DMA0_IRQHandler
 .text.DMA1_IRQHandler
                0x00004922        0x8 ./SDK/startup/startup_mk64f12.o
                0x00004922                DMA1_IRQHandler
 .text.DMA2_IRQHandler
                0x0000492a        0x8 ./SDK/startup/startup_mk64f12.o
                0x0000492a                DMA2_IRQHandler
 .text.DMA3_IRQHandler
                0x00004932        0x8 ./SDK/startup/startup_mk64f12.o
                0x00004932                DMA3_IRQHandler
 .text.DMA4_IRQHandler
                0x0000493a        0x8 ./SDK/startup/startup_mk64f12.o
                0x0000493a                DMA4_IRQHandler
 .text.DMA5_IRQHandler
                0x00004942        0x8 ./SDK/startup/startup_mk64f12.o
                0x00004942                DMA5_IRQHandler
 .text.DMA6_IRQHandler
                0x0000494a        0x8 ./SDK/startup/startup_mk64f12.o
                0x0000494a                DMA6_IRQHandler
 .text.DMA7_IRQHandler
                0x00004952        0x8 ./SDK/startup/startup_mk64f12.o
                0x00004952                DMA7_IRQHandler
 .text.DMA8_IRQHandler
                0x0000495a        0x8 ./SDK/startup/startup_mk64f12.o
                0x0000495a                DMA8_IRQHandler
 .text.DMA9_IRQHandler
                0x00004962        0x8 ./SDK/startup/startup_mk64f12.o
                0x00004962                DMA9_IRQHandler
 .text.DMA10_IRQHandler
                0x0000496a        0x8 ./SDK/startup/startup_mk64f12.o
                0x0000496a                DMA10_IRQHandler
 .text.DMA11_IRQHandler
                0x00004972        0x8 ./SDK/startup/startup_mk64f12.o
                0x00004972                DMA11_IRQHandler
 .text.DMA12_IRQHandler
                0x0000497a        0x8 ./SDK/startup/startup_mk64f12.o
                0x0000497a                DMA12_IRQHandler
 .text.DMA13_IRQHandler
                0x00004982        0x8 ./SDK/startup/startup_mk64f12.o
                0x00004982                DMA13_IRQHandler
 .text.DMA14_IRQHandler
                0x0000498a        0x8 ./SDK/startup/startup_mk64f12.o
                0x0000498a                DMA14_IRQHandler
 .text.DMA15_IRQHandler
                0x00004992        0x8 ./SDK/startup/startup_mk64f12.o
                0x00004992                DMA15_IRQHandler
 .text.DMA_Error_IRQHandler
                0x0000499a        0x8 ./SDK/startup/startup_mk64f12.o
                0x0000499a                DMA_Error_IRQHandler
 .text.MCM_IRQHandler
                0x000049a2        0x8 ./SDK/startup/startup_mk64f12.o
                0x000049a2                MCM_IRQHandler
 .text.FTFE_IRQHandler
                0x000049aa        0x8 ./SDK/startup/startup_mk64f12.o
                0x000049aa                FTFE_IRQHandler
 .text.Read_Collision_IRQHandler
                0x000049b2        0x8 ./SDK/startup/startup_mk64f12.o
                0x000049b2                Read_Collision_IRQHandler
 .text.LVD_LVW_IRQHandler
                0x000049ba        0x8 ./SDK/startup/startup_mk64f12.o
                0x000049ba                LVD_LVW_IRQHandler
 .text.LLWU_IRQHandler
                0x000049c2        0x8 ./SDK/startup/startup_mk64f12.o
                0x000049c2                LLWU_IRQHandler
 .text.WDOG_EWM_IRQHandler
                0x000049ca        0x8 ./SDK/startup/startup_mk64f12.o
                0x000049ca                WDOG_EWM_IRQHandler
 .text.RNG_IRQHandler
                0x000049d2        0x8 ./SDK/startup/startup_mk64f12.o
                0x000049d2                RNG_IRQHandler
 .text.I2C0_IRQHandler
                0x000049da        0x8 ./SDK/startup/startup_mk64f12.o
                0x000049da                I2C0_IRQHandler
 .text.I2C1_IRQHandler
                0x000049e2        0x8 ./SDK/startup/startup_mk64f12.o
                0x000049e2                I2C1_IRQHandler
 .text.SPI0_IRQHandler
                0x000049ea        0x8 ./SDK/startup/startup_mk64f12.o
                0x000049ea                SPI0_IRQHandler
 .text.SPI1_IRQHandler
                0x000049f2        0x8 ./SDK/startup/startup_mk64f12.o
                0x000049f2                SPI1_IRQHandler
 .text.I2S0_Tx_IRQHandler
                0x000049fa        0x8 ./SDK/startup/startup_mk64f12.o
                0x000049fa                I2S0_Tx_IRQHandler
 .text.I2S0_Rx_IRQHandler
                0x00004a02        0x8 ./SDK/startup/startup_mk64f12.o
                0x00004a02                I2S0_Rx_IRQHandler
 .text.UART0_LON_IRQHandler
                0x00004a0a        0x8 ./SDK/startup/startup_mk64f12.o
                0x00004a0a                UART0_LON_IRQHandler
 .text.UART0_RX_TX_IRQHandler
                0x00004a12        0x8 ./SDK/startup/startup_mk64f12.o
                0x00004a12                UART0_RX_TX_IRQHandler
 .text.UART0_ERR_IRQHandler
                0x00004a1a        0x8 ./SDK/startup/startup_mk64f12.o
                0x00004a1a                UART0_ERR_IRQHandler
 .text.UART1_RX_TX_IRQHandler
                0x00004a22        0x8 ./SDK/startup/startup_mk64f12.o
                0x00004a22                UART1_RX_TX_IRQHandler
 .text.UART1_ERR_IRQHandler
                0x00004a2a        0x8 ./SDK/startup/startup_mk64f12.o
                0x00004a2a                UART1_ERR_IRQHandler
 .text.UART2_RX_TX_IRQHandler
                0x00004a32        0x8 ./SDK/startup/startup_mk64f12.o
                0x00004a32                UART2_RX_TX_IRQHandler
 .text.UART2_ERR_IRQHandler
                0x00004a3a        0x8 ./SDK/startup/startup_mk64f12.o
                0x00004a3a                UART2_ERR_IRQHandler
 .text.UART3_RX_TX_IRQHandler
                0x00004a42        0x8 ./SDK/startup/startup_mk64f12.o
                0x00004a42                UART3_RX_TX_IRQHandler
 .text.UART3_ERR_IRQHandler
                0x00004a4a        0x8 ./SDK/startup/startup_mk64f12.o
                0x00004a4a                UART3_ERR_IRQHandler
 .text.ADC0_IRQHandler
                0x00004a52        0x8 ./SDK/startup/startup_mk64f12.o
                0x00004a52                ADC0_IRQHandler
 .text.CMP0_IRQHandler
                0x00004a5a        0x8 ./SDK/startup/startup_mk64f12.o
                0x00004a5a                CMP0_IRQHandler
 .text.CMP1_IRQHandler
                0x00004a62        0x8 ./SDK/startup/startup_mk64f12.o
                0x00004a62                CMP1_IRQHandler
 .text.FTM0_IRQHandler
                0x00004a6a        0x8 ./SDK/startup/startup_mk64f12.o
                0x00004a6a                FTM0_IRQHandler
 .text.FTM1_IRQHandler
                0x00004a72        0x8 ./SDK/startup/startup_mk64f12.o
                0x00004a72                FTM1_IRQHandler
 .text.FTM2_IRQHandler
                0x00004a7a        0x8 ./SDK/startup/startup_mk64f12.o
                0x00004a7a                FTM2_IRQHandler
 .text.CMT_IRQHandler
                0x00004a82        0x8 ./SDK/startup/startup_mk64f12.o
                0x00004a82                CMT_IRQHandler
 .text.RTC_IRQHandler
                0x00004a8a        0x8 ./SDK/startup/startup_mk64f12.o
                0x00004a8a                RTC_IRQHandler
 .text.RTC_Seconds_IRQHandler
                0x00004a92        0x8 ./SDK/startup/startup_mk64f12.o
                0x00004a92                RTC_Seconds_IRQHandler
 .text.PIT0_IRQHandler
                0x00004a9a        0x8 ./SDK/startup/startup_mk64f12.o
                0x00004a9a                PIT0_IRQHandler
 .text.PIT1_IRQHandler
                0x00004aa2        0x8 ./SDK/startup/startup_mk64f12.o
                0x00004aa2                PIT1_IRQHandler
 .text.PIT2_IRQHandler
                0x00004aaa        0x8 ./SDK/startup/startup_mk64f12.o
                0x00004aaa                PIT2_IRQHandler
 .text.PIT3_IRQHandler
                0x00004ab2        0x8 ./SDK/startup/startup_mk64f12.o
                0x00004ab2                PIT3_IRQHandler
 .text.PDB0_IRQHandler
                0x00004aba        0x8 ./SDK/startup/startup_mk64f12.o
                0x00004aba                PDB0_IRQHandler
 .text.USB0_IRQHandler
                0x00004ac2        0x8 ./SDK/startup/startup_mk64f12.o
                0x00004ac2                USB0_IRQHandler
 .text.USBDCD_IRQHandler
                0x00004aca        0x8 ./SDK/startup/startup_mk64f12.o
                0x00004aca                USBDCD_IRQHandler
 .text.Reserved71_IRQHandler
                0x00004ad2        0x8 ./SDK/startup/startup_mk64f12.o
                0x00004ad2                Reserved71_IRQHandler
 .text.DAC0_IRQHandler
                0x00004ada        0x8 ./SDK/startup/startup_mk64f12.o
                0x00004ada                DAC0_IRQHandler
 .text.MCG_IRQHandler
                0x00004ae2        0x8 ./SDK/startup/startup_mk64f12.o
                0x00004ae2                MCG_IRQHandler
 .text.LPTMR0_IRQHandler
                0x00004aea        0x8 ./SDK/startup/startup_mk64f12.o
                0x00004aea                LPTMR0_IRQHandler
 .text.SWI_IRQHandler
                0x00004af2        0x8 ./SDK/startup/startup_mk64f12.o
                0x00004af2                SWI_IRQHandler
 .text.SPI2_IRQHandler
                0x00004afa        0x8 ./SDK/startup/startup_mk64f12.o
                0x00004afa                SPI2_IRQHandler
 .text.UART4_RX_TX_IRQHandler
                0x00004b02        0x8 ./SDK/startup/startup_mk64f12.o
                0x00004b02                UART4_RX_TX_IRQHandler
 .text.UART4_ERR_IRQHandler
                0x00004b0a        0x8 ./SDK/startup/startup_mk64f12.o
                0x00004b0a                UART4_ERR_IRQHandler
 .text.UART5_RX_TX_IRQHandler
                0x00004b12        0x8 ./SDK/startup/startup_mk64f12.o
                0x00004b12                UART5_RX_TX_IRQHandler
 .text.UART5_ERR_IRQHandler
                0x00004b1a        0x8 ./SDK/startup/startup_mk64f12.o
                0x00004b1a                UART5_ERR_IRQHandler
 .text.CMP2_IRQHandler
                0x00004b22        0x8 ./SDK/startup/startup_mk64f12.o
                0x00004b22                CMP2_IRQHandler
 .text.FTM3_IRQHandler
                0x00004b2a        0x8 ./SDK/startup/startup_mk64f12.o
                0x00004b2a                FTM3_IRQHandler
 .text.DAC1_IRQHandler
                0x00004b32        0x8 ./SDK/startup/startup_mk64f12.o
                0x00004b32                DAC1_IRQHandler
 .text.ADC1_IRQHandler
                0x00004b3a        0x8 ./SDK/startup/startup_mk64f12.o
                0x00004b3a                ADC1_IRQHandler
 .text.I2C2_IRQHandler
                0x00004b42        0x8 ./SDK/startup/startup_mk64f12.o
                0x00004b42                I2C2_IRQHandler
 .text.CAN0_ORed_Message_buffer_IRQHandler
                0x00004b4a        0x8 ./SDK/startup/startup_mk64f12.o
                0x00004b4a                CAN0_ORed_Message_buffer_IRQHandler
 .text.CAN0_Bus_Off_IRQHandler
                0x00004b52        0x8 ./SDK/startup/startup_mk64f12.o
                0x00004b52                CAN0_Bus_Off_IRQHandler
 .text.CAN0_Error_IRQHandler
                0x00004b5a        0x8 ./SDK/startup/startup_mk64f12.o
                0x00004b5a                CAN0_Error_IRQHandler
 .text.CAN0_Tx_Warning_IRQHandler
                0x00004b62        0x8 ./SDK/startup/startup_mk64f12.o
                0x00004b62                CAN0_Tx_Warning_IRQHandler
 .text.CAN0_Rx_Warning_IRQHandler
                0x00004b6a        0x8 ./SDK/startup/startup_mk64f12.o
                0x00004b6a                CAN0_Rx_Warning_IRQHandler
 .text.CAN0_Wake_Up_IRQHandler
                0x00004b72        0x8 ./SDK/startup/startup_mk64f12.o
                0x00004b72                CAN0_Wake_Up_IRQHandler
 .text.SDHC_IRQHandler
                0x00004b7a        0x8 ./SDK/startup/startup_mk64f12.o
                0x00004b7a                SDHC_IRQHandler
 .text.ENET_1588_Timer_IRQHandler
                0x00004b82        0x8 ./SDK/startup/startup_mk64f12.o
                0x00004b82                ENET_1588_Timer_IRQHandler
 .text.ENET_Transmit_IRQHandler
                0x00004b8a        0x8 ./SDK/startup/startup_mk64f12.o
                0x00004b8a                ENET_Transmit_IRQHandler
 .text.ENET_Receive_IRQHandler
                0x00004b92        0x8 ./SDK/startup/startup_mk64f12.o
                0x00004b92                ENET_Receive_IRQHandler
 .text.ENET_Error_IRQHandler
                0x00004b9a        0x8 ./SDK/startup/startup_mk64f12.o
                0x00004b9a                ENET_Error_IRQHandler
 .text.SystemInitHook
                0x00004ba2        0xe ./SDK/CMSIS/system_MK64F12.o
                0x00004ba2                SystemInitHook
 *(SORT_BY_ALIGNMENT(.rodata) SORT_BY_ALIGNMENT(.rodata.*) SORT_BY_ALIGNMENT(.constdata) SORT_BY_ALIGNMENT(.constdata.*))
 .rodata        0x00004bb0       0xb2 ./source/fsm.o
                0x00004c68                . = ALIGN (0x8)
 *fill*         0x00004c62        0x6 ff

.glue_7         0x00004c68        0x0
 .glue_7        0x00004c68        0x0 linker stubs

.glue_7t        0x00004c68        0x0
 .glue_7t       0x00004c68        0x0 linker stubs

.vfp11_veneer   0x00004c68        0x0
 .vfp11_veneer  0x00004c68        0x0 linker stubs

.v4_bx          0x00004c68        0x0
 .v4_bx         0x00004c68        0x0 linker stubs

.iplt           0x00004c68        0x0
 .iplt          0x00004c68        0x0 ./source/App.o

.rel.dyn        0x00004c68        0x0
 .rel.iplt      0x00004c68        0x0 ./source/App.o

.ARM.extab
 *(SORT_BY_ALIGNMENT(.ARM.extab*) SORT_BY_ALIGNMENT(.gnu.linkonce.armextab.*))
                0x00004c68                __exidx_start = .

.ARM.exidx
 *(SORT_BY_ALIGNMENT(.ARM.exidx*) SORT_BY_ALIGNMENT(.gnu.linkonce.armexidx.*))
                0x00004c68                __exidx_end = .
                0x00004c68                _etext = .

.m_usb_data
 *(SORT_BY_ALIGNMENT(m_usb_bdt))

.data_RAM2      0x1fff0000        0x0 load address 0x00004c68
 FILL mask 0xff
                [!provide]                PROVIDE (__start_data_RAM2, .)
 *(SORT_BY_ALIGNMENT(.ramfunc.$RAM2))
 *(SORT_BY_ALIGNMENT(.ramfunc.$SRAM_LOWER))
 *(SORT_BY_ALIGNMENT(.data.$RAM2*))
 *(SORT_BY_ALIGNMENT(.data.$SRAM_LOWER*))
                0x1fff0000                . = ALIGN (0x8)
                [!provide]                PROVIDE (__end_data_RAM2, .)

.data_RAM3      0x14000000        0x0 load address 0x00004c68
 FILL mask 0xff
                [!provide]                PROVIDE (__start_data_RAM3, .)
 *(SORT_BY_ALIGNMENT(.ramfunc.$RAM3))
 *(SORT_BY_ALIGNMENT(.ramfunc.$FLEX_RAM))
 *(SORT_BY_ALIGNMENT(.data.$RAM3*))
 *(SORT_BY_ALIGNMENT(.data.$FLEX_RAM*))
                0x14000000                . = ALIGN (0x8)
                [!provide]                PROVIDE (__end_data_RAM3, .)

.uninit_RESERVED
                0x20000000        0x0
 *(SORT_BY_ALIGNMENT(.bss.$RESERVED*))
                0x20000000                . = ALIGN (0x4)
                0x20000000                _end_uninit_RESERVED = .

.data           0x20000000      0x180 load address 0x00004c68
 FILL mask 0xff
                0x20000000                _data = .
 *(SORT_BY_ALIGNMENT(vtable))
 *(SORT_BY_ALIGNMENT(.ramfunc*))
 *(SORT_BY_ALIGNMENT(.data*))
 .data.PORT_PTRS
                0x20000000       0x14 ./source/IRQ.o
 .data.brighnes_value.6020
                0x20000014        0x4 ./source/display.o
 .data.myID     0x20000018       0x25 ./source/drv_MAGTEK.o
 *fill*         0x2000003d        0x3 ff
 .data.users    0x20000040       0xc8 ./source/fsm.o
 .data.data.8473
                0x20000108       0x14 ./source/fsm.o
 .data.temp_pin.8471
                0x2000011c        0x5 ./source/fsm.o
 *fill*         0x20000121        0x3 ff
 .data.temp_id.8472
                0x20000124       0x14 ./source/fsm.o
 .data.SIM_MASK
                0x20000138       0x14 ./source/gpio.o
 .data.SIM_PTR  0x2000014c        0x4 ./source/gpio.o
 .data.GPIO_PTRS
                0x20000150       0x14 ./source/gpio.o
 .data.PORT_PTRS
                0x20000164       0x14 ./source/gpio.o
 .data.PORTS_IRQ
                0x20000178        0x5 ./source/gpio.o
 .data.timers_cant
                0x2000017d        0x1 ./source/timer.o
                0x20000180                . = ALIGN (0x8)
 *fill*         0x2000017e        0x2 ff
                0x20000180                _edata = .

.igot.plt       0x20000180        0x0 load address 0x00004de8
 .igot.plt      0x20000180        0x0 ./source/App.o

.bss_RAM2       0x1fff0000        0x0
                [!provide]                PROVIDE (__start_bss_RAM2, .)
 *(SORT_BY_ALIGNMENT(.bss.$RAM2*))
 *(SORT_BY_ALIGNMENT(.bss.$SRAM_LOWER*))
                0x1fff0000                . = ALIGN ((. != 0x0)?0x8:0x1)
                [!provide]                PROVIDE (__end_bss_RAM2, .)

.bss_RAM3       0x14000000        0x0
                [!provide]                PROVIDE (__start_bss_RAM3, .)
 *(SORT_BY_ALIGNMENT(.bss.$RAM3*))
 *(SORT_BY_ALIGNMENT(.bss.$FLEX_RAM*))
                0x14000000                . = ALIGN ((. != 0x0)?0x8:0x1)
                [!provide]                PROVIDE (__end_bss_RAM3, .)

.bss            0x20000180      0x4f8
                0x20000180                _bss = .
 *(SORT_BY_ALIGNMENT(.bss*))
 .bss.ptr_to_fun_systick
                0x20000180        0x4 ./source/SysTick.o
                0x20000180                ptr_to_fun_systick
 .bss.prev_brightness.6021
                0x20000184        0x4 ./source/display.o
 .bss.len_arr.6027
                0x20000188        0x4 ./source/display.o
 .bss.encoder_a
                0x2000018c        0x8 ./source/drv_ENCODER.o
 .bss.data_m    0x20000194       0xc8 ./source/drv_MAGTEK.o
 .bss.mydata    0x2000025c        0x1 ./source/drv_MAGTEK.o
 *fill*         0x2000025d        0x3 
 .bss.encoder   0x20000260        0x8 ./source/fsm.o
 .bss.msg_sent.8467
                0x20000268        0x4 ./source/fsm.o
 .bss.i.8468    0x2000026c        0x4 ./source/fsm.o
 .bss.user_count.8465
                0x20000270        0x4 ./source/fsm.o
 .bss.waiting_pin.8469
                0x20000274        0x4 ./source/fsm.o
 .bss.aux_user_count.8466
                0x20000278        0x4 ./source/fsm.o
 .bss.error.8470
                0x2000027c        0x4 ./source/fsm.o
 .bss.PTRS_TO_FUN
                0x20000280      0x280 ./source/gpio.o
                0x20000280                PTRS_TO_FUN
 .bss.display   0x20000500       0x14 ./source/mcuDisplay.o
 .bss.arr_text  0x20000514       0x32 ./source/mcuDisplay.o
 *fill*         0x20000546        0x2 
 .bss.char_counter
                0x20000548        0x4 ./source/mcuDisplay.o
 .bss.brighness_counter.7523
                0x2000054c        0x4 ./source/mcuDisplay.o
 .bss.timers    0x20000550      0x100 ./source/timer.o
 .bss.__LDM_interruptDisableCount
                0x20000650        0x4 ./SDK/startup/hardware.o
 .bss.bit_counter
                0x20000654        0x2 ./source/drv_MAGTEK.o
 .bss.shift_counter
                0x20000656        0x2 ./source/drv_MAGTEK.o
 .bss.iterator  0x20000658        0x2 ./source/drv_MAGTEK.o
 .bss.writer    0x2000065a        0x2 ./source/drv_MAGTEK.o
 .bss.yaInit.6772
                0x2000065c        0x1 ./source/SysTick.o
 .bss.stateA    0x2000065d        0x1 ./source/drv_ENCODER.o
 .bss.stateB    0x2000065e        0x1 ./source/drv_ENCODER.o
 .bss.lastStatusA
                0x2000065f        0x1 ./source/drv_ENCODER.o
 .bss.lastStatusB
                0x20000660        0x1 ./source/drv_ENCODER.o
 .bss.antiBouncingTimer
                0x20000661        0x1 ./source/drv_ENCODER.o
 .bss.buttonPressTimer
                0x20000662        0x1 ./source/drv_ENCODER.o
 .bss.antiInterrup
                0x20000663        0x1 ./source/drv_ENCODER.o
 .bss.antiInterrupBouncing
                0x20000664        0x1 ./source/drv_ENCODER.o
 .bss.encoderInter
                0x20000665        0x1 ./source/drv_ENCODER.o
 .bss.timer_check_expired
                0x20000666        0x1 ./source/drv_ENCODER.o
 .bss.state_m   0x20000667        0x1 ./source/drv_MAGTEK.o
 .bss.status_m  0x20000668        0x1 ./source/drv_MAGTEK.o
 .bss.magtek_interrupt
                0x20000669        0x1 ./source/drv_MAGTEK.o
 .bss.magtek_card_ready
                0x2000066a        0x1 ./source/drv_MAGTEK.o
 .bss.timer_check_expired_magtek
                0x2000066b        0x1 ./source/drv_MAGTEK.o
 .bss.timer     0x2000066c        0x1 ./source/fsm.o
 .bss.encoder_inter
                0x2000066d        0x1 ./source/fsm.o
 .bss.magtek_inter
                0x2000066e        0x1 ./source/fsm.o
 .bss.pre_state_fsm
                0x2000066f        0x1 ./source/fsm.o
 .bss.state_fsm
                0x20000670        0x1 ./source/fsm.o
 .bss.using_timer
                0x20000671        0x1 ./source/fsm.o
 .bss.waiting_id
                0x20000672        0x1 ./source/fsm.o
 .bss.yaInit.7447
                0x20000673        0x1 ./source/timer.o
 *(SORT_BY_ALIGNMENT(COMMON))
                0x20000678                . = ALIGN (0x8)
 *fill*         0x20000674        0x4 
                0x20000678                _ebss = .
                [!provide]                PROVIDE (end, .)

.noinit_RAM2    0x1fff0000        0x0
 *(SORT_BY_ALIGNMENT(.noinit.$RAM2*))
 *(SORT_BY_ALIGNMENT(.noinit.$SRAM_LOWER*))
                0x1fff0000                . = ALIGN (0x8)

.noinit_RAM3    0x14000000        0x0
 *(SORT_BY_ALIGNMENT(.noinit.$RAM3*))
 *(SORT_BY_ALIGNMENT(.noinit.$FLEX_RAM*))
                0x14000000                . = ALIGN (0x8)

.noinit         0x20000678        0x0
                0x20000678                _noinit = .
 *(SORT_BY_ALIGNMENT(.noinit*))
                0x20000678                . = ALIGN (0x8)
                0x20000678                _end_noinit = .
                0x00001000                _HeapSize = 0x1000

.heap           0x20000678     0x1000
                0x20000678                _pvHeapStart = .
                0x20001678                . = (. + _HeapSize)
 *fill*         0x20000678     0x1000 
                0x20001678                . = ALIGN (0x8)
                0x20001678                _pvHeapLimit = .
                0x00001000                _StackSize = 0x1000

.heap2stackfill
                0x20001678     0x1000
                0x20002678                . = (. + _StackSize)
 *fill*         0x20001678     0x1000 

.stack          0x2002f000        0x0
                0x2002f000                _vStackBase = .
                0x2002f000                . = ALIGN (0x8)
                0x20030000                _vStackTop = (. + _StackSize)
                0x00000000                _image_start = LOADADDR (.text)
                0x00004de8                _image_end = (LOADADDR (.data) + SIZEOF (.data))
                0x00004de8                _image_size = (_image_end - _image_start)
OUTPUT(Balizafsm.axf elf32-littlearm)

.debug_info     0x00000000     0x88e1
 .debug_info    0x00000000      0xeac ./source/App.o
 .debug_info    0x00000eac      0x32f ./source/IRQ.o
 .debug_info    0x000011db      0x15f ./source/SysTick.o
 .debug_info    0x0000133a       0xb6 ./source/alphabet.o
 .debug_info    0x000013f0      0x9b3 ./source/display.o
 .debug_info    0x00001da3      0x16d ./source/drv_DEVBOARD.o
 .debug_info    0x00001f10      0x99a ./source/drv_DEVLEDS.o
 .debug_info    0x000028aa      0xc0f ./source/drv_ENCODER.o
 .debug_info    0x000034b9      0x1a0 ./source/drv_K64.o
 .debug_info    0x00003659      0xd4b ./source/drv_MAGTEK.o
 .debug_info    0x000043a4      0xea9 ./source/fsm.o
 .debug_info    0x0000524d      0x9ae ./source/gpio.o
 .debug_info    0x00005bfb      0xb58 ./source/mcuDisplay.o
 .debug_info    0x00006753      0xb7b ./source/timer.o
 .debug_info    0x000072ce      0x675 ./SDK/startup/hardware.o
 .debug_info    0x00007943       0xb7 ./SDK/startup/main.o
 .debug_info    0x000079fa       0x3b ./SDK/startup/semihost_hardfault.o
 .debug_info    0x00007a35      0x8b0 ./SDK/startup/startup_mk64f12.o
 .debug_info    0x000082e5      0x5fc ./SDK/CMSIS/system_MK64F12.o

.debug_abbrev   0x00000000     0x1dc1
 .debug_abbrev  0x00000000      0x249 ./source/App.o
 .debug_abbrev  0x00000249      0x143 ./source/IRQ.o
 .debug_abbrev  0x0000038c      0x115 ./source/SysTick.o
 .debug_abbrev  0x000004a1       0x74 ./source/alphabet.o
 .debug_abbrev  0x00000515      0x20b ./source/display.o
 .debug_abbrev  0x00000720       0xb7 ./source/drv_DEVBOARD.o
 .debug_abbrev  0x000007d7      0x1cb ./source/drv_DEVLEDS.o
 .debug_abbrev  0x000009a2      0x26a ./source/drv_ENCODER.o
 .debug_abbrev  0x00000c0c       0xb7 ./source/drv_K64.o
 .debug_abbrev  0x00000cc3      0x302 ./source/drv_MAGTEK.o
 .debug_abbrev  0x00000fc5      0x296 ./source/fsm.o
 .debug_abbrev  0x0000125b      0x1df ./source/gpio.o
 .debug_abbrev  0x0000143a      0x256 ./source/mcuDisplay.o
 .debug_abbrev  0x00001690      0x2b2 ./source/timer.o
 .debug_abbrev  0x00001942      0x138 ./SDK/startup/hardware.o
 .debug_abbrev  0x00001a7a       0x7d ./SDK/startup/main.o
 .debug_abbrev  0x00001af7       0x2f ./SDK/startup/semihost_hardfault.o
 .debug_abbrev  0x00001b26      0x15c ./SDK/startup/startup_mk64f12.o
 .debug_abbrev  0x00001c82      0x13f ./SDK/CMSIS/system_MK64F12.o

.debug_aranges  0x00000000      0x838
 .debug_aranges
                0x00000000       0x30 ./source/App.o
 .debug_aranges
                0x00000030       0x50 ./source/IRQ.o
 .debug_aranges
                0x00000080       0x28 ./source/SysTick.o
 .debug_aranges
                0x000000a8       0x20 ./source/alphabet.o
 .debug_aranges
                0x000000c8       0x40 ./source/display.o
 .debug_aranges
                0x00000108       0x50 ./source/drv_DEVBOARD.o
 .debug_aranges
                0x00000158       0x50 ./source/drv_DEVLEDS.o
 .debug_aranges
                0x000001a8       0x80 ./source/drv_ENCODER.o
 .debug_aranges
                0x00000228       0x68 ./source/drv_K64.o
 .debug_aranges
                0x00000290       0x78 ./source/drv_MAGTEK.o
 .debug_aranges
                0x00000308       0x60 ./source/fsm.o
 .debug_aranges
                0x00000368       0x48 ./source/gpio.o
 .debug_aranges
                0x000003b0       0x60 ./source/mcuDisplay.o
 .debug_aranges
                0x00000410       0x58 ./source/timer.o
 .debug_aranges
                0x00000468       0x30 ./SDK/startup/hardware.o
 .debug_aranges
                0x00000498       0x20 ./SDK/startup/main.o
 .debug_aranges
                0x000004b8       0x20 ./SDK/startup/semihost_hardfault.o
 .debug_aranges
                0x000004d8      0x330 ./SDK/startup/startup_mk64f12.o
 .debug_aranges
                0x00000808       0x30 ./SDK/CMSIS/system_MK64F12.o

.debug_ranges   0x00000000      0x708
 .debug_ranges  0x00000000       0x20 ./source/App.o
 .debug_ranges  0x00000020       0x40 ./source/IRQ.o
 .debug_ranges  0x00000060       0x18 ./source/SysTick.o
 .debug_ranges  0x00000078       0x10 ./source/alphabet.o
 .debug_ranges  0x00000088       0x30 ./source/display.o
 .debug_ranges  0x000000b8       0x40 ./source/drv_DEVBOARD.o
 .debug_ranges  0x000000f8       0x40 ./source/drv_DEVLEDS.o
 .debug_ranges  0x00000138       0x70 ./source/drv_ENCODER.o
 .debug_ranges  0x000001a8       0x58 ./source/drv_K64.o
 .debug_ranges  0x00000200       0x68 ./source/drv_MAGTEK.o
 .debug_ranges  0x00000268       0x50 ./source/fsm.o
 .debug_ranges  0x000002b8       0x38 ./source/gpio.o
 .debug_ranges  0x000002f0       0x50 ./source/mcuDisplay.o
 .debug_ranges  0x00000340       0x48 ./source/timer.o
 .debug_ranges  0x00000388       0x20 ./SDK/startup/hardware.o
 .debug_ranges  0x000003a8       0x10 ./SDK/startup/main.o
 .debug_ranges  0x000003b8       0x10 ./SDK/startup/semihost_hardfault.o
 .debug_ranges  0x000003c8      0x320 ./SDK/startup/startup_mk64f12.o
 .debug_ranges  0x000006e8       0x20 ./SDK/CMSIS/system_MK64F12.o

.debug_macro    0x00000000    0x142cf
 .debug_macro   0x00000000      0x2dd ./source/App.o
 .debug_macro   0x000002dd      0xa5a ./source/App.o
 .debug_macro   0x00000d37      0x34e ./source/App.o
 .debug_macro   0x00001085       0x22 ./source/App.o
 .debug_macro   0x000010a7       0x5c ./source/App.o
 .debug_macro   0x00001103       0x1c ./source/App.o
 .debug_macro   0x0000111f       0x22 ./source/App.o
 .debug_macro   0x00001141       0xdf ./source/App.o
 .debug_macro   0x00001220      0xecf ./source/App.o
 .debug_macro   0x000020ef       0x48 ./source/App.o
 .debug_macro   0x00002137     0xe07b ./source/App.o
 .debug_macro   0x000101b2       0x10 ./source/App.o
 .debug_macro   0x000101c2     0x122b ./source/App.o
 .debug_macro   0x000113ed       0x16 ./source/App.o
 .debug_macro   0x00011403       0x46 ./source/App.o
 .debug_macro   0x00011449       0xca ./source/App.o
 .debug_macro   0x00011513       0x17 ./source/App.o
 .debug_macro   0x0001152a       0x22 ./source/App.o
 .debug_macro   0x0001154c       0x52 ./source/App.o
 .debug_macro   0x0001159e       0x8d ./source/App.o
 .debug_macro   0x0001162b       0x35 ./source/App.o
 .debug_macro   0x00011660       0x9c ./source/App.o
 .debug_macro   0x000116fc       0x16 ./source/App.o
 .debug_macro   0x00011712      0x10e ./source/App.o
 .debug_macro   0x00011820       0x8d ./source/App.o
 .debug_macro   0x000118ad       0x57 ./source/App.o
 .debug_macro   0x00011904       0x58 ./source/App.o
 .debug_macro   0x0001195c       0x1f ./source/App.o
 .debug_macro   0x0001197b       0x43 ./source/App.o
 .debug_macro   0x000119be       0x20 ./source/App.o
 .debug_macro   0x000119de      0x18e ./source/App.o
 .debug_macro   0x00011b6c      0x32a ./source/App.o
 .debug_macro   0x00011e96       0x16 ./source/App.o
 .debug_macro   0x00011eac       0x29 ./source/App.o
 .debug_macro   0x00011ed5       0x28 ./source/App.o
 .debug_macro   0x00011efd       0x16 ./source/App.o
 .debug_macro   0x00011f13       0x1c ./source/App.o
 .debug_macro   0x00011f2f       0x1c ./source/App.o
 .debug_macro   0x00011f4b       0x35 ./source/App.o
 .debug_macro   0x00011f80       0x10 ./source/App.o
 .debug_macro   0x00011f90       0x10 ./source/App.o
 .debug_macro   0x00011fa0       0x6a ./source/App.o
 .debug_macro   0x0001200a       0x1c ./source/App.o
 .debug_macro   0x00012026       0x52 ./source/App.o
 .debug_macro   0x00012078       0x40 ./source/App.o
 .debug_macro   0x000120b8       0x10 ./source/App.o
 .debug_macro   0x000120c8       0x40 ./source/App.o
 .debug_macro   0x00012108       0xd7 ./source/App.o
 .debug_macro   0x000121df       0x1c ./source/App.o
 .debug_macro   0x000121fb       0x3d ./source/App.o
 .debug_macro   0x00012238       0x16 ./source/App.o
 .debug_macro   0x0001224e      0x16f ./source/App.o
 .debug_macro   0x000123bd       0x2e ./source/App.o
 .debug_macro   0x000123eb       0xb3 ./source/IRQ.o
 .debug_macro   0x0001249e       0x1c ./source/IRQ.o
 .debug_macro   0x000124ba       0xbc ./source/SysTick.o
 .debug_macro   0x00012576       0x33 ./source/alphabet.o
 .debug_macro   0x000125a9       0xe8 ./source/alphabet.o
 .debug_macro   0x00012691      0x1d4 ./source/display.o
 .debug_macro   0x00012865       0x16 ./source/display.o
 .debug_macro   0x0001287b       0x97 ./source/display.o
 .debug_macro   0x00012912      0x330 ./source/display.o
 .debug_macro   0x00012c42       0xfd ./source/display.o
 .debug_macro   0x00012d3f       0x28 ./source/display.o
 .debug_macro   0x00012d67       0xee ./source/display.o
 .debug_macro   0x00012e55       0xc2 ./source/drv_DEVBOARD.o
 .debug_macro   0x00012f17       0xd0 ./source/drv_DEVBOARD.o
 .debug_macro   0x00012fe7      0x1bc ./source/drv_DEVLEDS.o
 .debug_macro   0x000131a3      0x1d3 ./source/drv_ENCODER.o
 .debug_macro   0x00013376       0x4c ./source/drv_ENCODER.o
 .debug_macro   0x000133c2       0xbe ./source/drv_K64.o
 .debug_macro   0x00013480      0x335 ./source/drv_MAGTEK.o
 .debug_macro   0x000137b5       0xd9 ./source/drv_MAGTEK.o
 .debug_macro   0x0001388e      0x41d ./source/fsm.o
 .debug_macro   0x00013cab       0xaf ./source/gpio.o
 .debug_macro   0x00013d5a      0x1d3 ./source/mcuDisplay.o
 .debug_macro   0x00013f2d      0x1b0 ./source/timer.o
 .debug_macro   0x000140dd       0x9c ./SDK/startup/hardware.o
 .debug_macro   0x00014179       0x9c ./SDK/startup/main.o
 .debug_macro   0x00014215       0x11 ./SDK/startup/semihost_hardfault.o
 .debug_macro   0x00014226       0x29 ./SDK/startup/startup_mk64f12.o
 .debug_macro   0x0001424f       0x80 ./SDK/CMSIS/system_MK64F12.o

.debug_line     0x00000000     0x4186
 .debug_line    0x00000000      0x4a8 ./source/App.o
 .debug_line    0x000004a8      0x20b ./source/IRQ.o
 .debug_line    0x000006b3      0x1a9 ./source/SysTick.o
 .debug_line    0x0000085c      0x144 ./source/alphabet.o
 .debug_line    0x000009a0      0x382 ./source/display.o
 .debug_line    0x00000d22      0x215 ./source/drv_DEVBOARD.o
 .debug_line    0x00000f37      0x3c8 ./source/drv_DEVLEDS.o
 .debug_line    0x000012ff      0x47e ./source/drv_ENCODER.o
 .debug_line    0x0000177d      0x235 ./source/drv_K64.o
 .debug_line    0x000019b2      0x5d6 ./source/drv_MAGTEK.o
 .debug_line    0x00001f88      0xb49 ./source/fsm.o
 .debug_line    0x00002ad1      0x203 ./source/gpio.o
 .debug_line    0x00002cd4      0x455 ./source/mcuDisplay.o
 .debug_line    0x00003129      0x41c ./source/timer.o
 .debug_line    0x00003545      0x1d4 ./SDK/startup/hardware.o
 .debug_line    0x00003719      0x175 ./SDK/startup/main.o
 .debug_line    0x0000388e       0x59 ./SDK/startup/semihost_hardfault.o
 .debug_line    0x000038e7      0x6d8 ./SDK/startup/startup_mk64f12.o
 .debug_line    0x00003fbf      0x1c7 ./SDK/CMSIS/system_MK64F12.o

.debug_str      0x00000000    0x7dddd
 .debug_str     0x00000000    0x7c0a8 ./source/App.o
                              0x7c3b4 (size before relaxing)
 .debug_str     0x0007c0a8       0xe4 ./source/IRQ.o
                              0x77136 (size before relaxing)
 .debug_str     0x0007c18c       0xf6 ./source/SysTick.o
                              0x770bf (size before relaxing)
 .debug_str     0x0007c282      0x12f ./source/alphabet.o
                               0x3901 (size before relaxing)
 .debug_str     0x0007c3b1       0x9b ./source/display.o
                               0x80f7 (size before relaxing)
 .debug_str     0x0007c44c       0x96 ./source/drv_DEVBOARD.o
                              0x7751a (size before relaxing)
 .debug_str     0x0007c4e2       0x75 ./source/drv_DEVLEDS.o
                              0x7a9a2 (size before relaxing)
 .debug_str     0x0007c557      0x2ec ./source/drv_ENCODER.o
                              0x7ac74 (size before relaxing)
 .debug_str     0x0007c843       0xab ./source/drv_K64.o
                              0x7751d (size before relaxing)
 .debug_str     0x0007c8ee      0x2f4 ./source/drv_MAGTEK.o
                              0x7c15b (size before relaxing)
 .debug_str     0x0007cbe2      0x444 ./source/fsm.o
                              0x7c30f (size before relaxing)
 .debug_str     0x0007d026      0x1a8 ./source/gpio.o
                              0x7780c (size before relaxing)
 .debug_str     0x0007d1ce      0x17f ./source/mcuDisplay.o
                              0x7ab6e (size before relaxing)
 .debug_str     0x0007d34d       0xed ./source/timer.o
                              0x7a606 (size before relaxing)
 .debug_str     0x0007d43a      0x11b ./SDK/startup/hardware.o
                              0x7720a (size before relaxing)
 .debug_str     0x0007d555       0x1b ./SDK/startup/main.o
                              0x76fde (size before relaxing)
 .debug_str     0x0007d570       0x36 ./SDK/startup/semihost_hardfault.o
                               0x2d44 (size before relaxing)
 .debug_str     0x0007d5a6      0x7d5 ./SDK/startup/startup_mk64f12.o
                               0x35b2 (size before relaxing)
 .debug_str     0x0007dd7b       0x62 ./SDK/CMSIS/system_MK64F12.o
                              0x77119 (size before relaxing)

.comment        0x00000000       0x7e
 .comment       0x00000000       0x7e ./source/App.o
                                 0x7f (size before relaxing)
 .comment       0x0000007e       0x7f ./source/IRQ.o
 .comment       0x0000007e       0x7f ./source/SysTick.o
 .comment       0x0000007e       0x7f ./source/alphabet.o
 .comment       0x0000007e       0x7f ./source/display.o
 .comment       0x0000007e       0x7f ./source/drv_DEVBOARD.o
 .comment       0x0000007e       0x7f ./source/drv_DEVLEDS.o
 .comment       0x0000007e       0x7f ./source/drv_ENCODER.o
 .comment       0x0000007e       0x7f ./source/drv_K64.o
 .comment       0x0000007e       0x7f ./source/drv_MAGTEK.o
 .comment       0x0000007e       0x7f ./source/fsm.o
 .comment       0x0000007e       0x7f ./source/gpio.o
 .comment       0x0000007e       0x7f ./source/mcuDisplay.o
 .comment       0x0000007e       0x7f ./source/timer.o
 .comment       0x0000007e       0x7f ./SDK/startup/hardware.o
 .comment       0x0000007e       0x7f ./SDK/startup/main.o
 .comment       0x0000007e       0x7f ./SDK/startup/semihost_hardfault.o
 .comment       0x0000007e       0x7f ./SDK/startup/startup_mk64f12.o
 .comment       0x0000007e       0x7f ./SDK/CMSIS/system_MK64F12.o

.ARM.attributes
                0x00000000       0x39
 .ARM.attributes
                0x00000000       0x39 ./source/App.o
 .ARM.attributes
                0x00000039       0x39 ./source/IRQ.o
 .ARM.attributes
                0x00000072       0x39 ./source/SysTick.o
 .ARM.attributes
                0x000000ab       0x39 ./source/alphabet.o
 .ARM.attributes
                0x000000e4       0x39 ./source/display.o
 .ARM.attributes
                0x0000011d       0x39 ./source/drv_DEVBOARD.o
 .ARM.attributes
                0x00000156       0x39 ./source/drv_DEVLEDS.o
 .ARM.attributes
                0x0000018f       0x39 ./source/drv_ENCODER.o
 .ARM.attributes
                0x000001c8       0x39 ./source/drv_K64.o
 .ARM.attributes
                0x00000201       0x39 ./source/drv_MAGTEK.o
 .ARM.attributes
                0x0000023a       0x39 ./source/fsm.o
 .ARM.attributes
                0x00000273       0x39 ./source/gpio.o
 .ARM.attributes
                0x000002ac       0x39 ./source/mcuDisplay.o
 .ARM.attributes
                0x000002e5       0x39 ./source/timer.o
 .ARM.attributes
                0x0000031e       0x39 ./SDK/startup/hardware.o
 .ARM.attributes
                0x00000357       0x39 ./SDK/startup/main.o
 .ARM.attributes
                0x00000390       0x39 ./SDK/startup/semihost_hardfault.o
 .ARM.attributes
                0x000003c9       0x39 ./SDK/startup/startup_mk64f12.o
 .ARM.attributes
                0x00000402       0x39 ./SDK/CMSIS/system_MK64F12.o

.debug_frame    0x00000000     0x1850
 .debug_frame   0x00000000       0x70 ./source/App.o
 .debug_frame   0x00000070      0x150 ./source/IRQ.o
 .debug_frame   0x000001c0       0x64 ./source/SysTick.o
 .debug_frame   0x00000224       0x38 ./source/alphabet.o
 .debug_frame   0x0000025c       0xc4 ./source/display.o
 .debug_frame   0x00000320       0xd4 ./source/drv_DEVBOARD.o
 .debug_frame   0x000003f4       0xd4 ./source/drv_DEVLEDS.o
 .debug_frame   0x000004c8      0x1a4 ./source/drv_ENCODER.o
 .debug_frame   0x0000066c      0x128 ./source/drv_K64.o
 .debug_frame   0x00000794      0x19c ./source/drv_MAGTEK.o
 .debug_frame   0x00000930      0x16c ./source/fsm.o
 .debug_frame   0x00000a9c       0xfc ./source/gpio.o
 .debug_frame   0x00000b98      0x14c ./source/mcuDisplay.o
 .debug_frame   0x00000ce4      0x138 ./source/timer.o
 .debug_frame   0x00000e1c       0x70 ./SDK/startup/hardware.o
 .debug_frame   0x00000e8c       0x2c ./SDK/startup/main.o
 .debug_frame   0x00000eb8       0x20 ./SDK/startup/semihost_hardfault.o
 .debug_frame   0x00000ed8      0x904 ./SDK/startup/startup_mk64f12.o
 .debug_frame   0x000017dc       0x74 ./SDK/CMSIS/system_MK64F12.o
