
Discarded input sections

 .group         0x00000000        0xc ./source/App.o
 .group         0x00000000        0xc ./source/App.o
 .group         0x00000000        0xc ./source/App.o
 .group         0x00000000        0xc ./source/App.o
 .group         0x00000000        0xc ./source/App.o
 .group         0x00000000        0xc ./source/App.o
 .group         0x00000000        0xc ./source/App.o
 .group         0x00000000        0xc ./source/App.o
 .group         0x00000000        0xc ./source/App.o
 .group         0x00000000        0xc ./source/App.o
 .group         0x00000000        0xc ./source/App.o
 .group         0x00000000        0xc ./source/App.o
 .group         0x00000000        0xc ./source/App.o
 .group         0x00000000        0xc ./source/App.o
 .group         0x00000000        0xc ./source/App.o
 .group         0x00000000        0xc ./source/App.o
 .group         0x00000000        0xc ./source/App.o
 .group         0x00000000        0xc ./source/App.o
 .group         0x00000000        0xc ./source/App.o
 .group         0x00000000        0xc ./source/App.o
 .group         0x00000000        0xc ./source/App.o
 .group         0x00000000        0xc ./source/App.o
 .group         0x00000000        0xc ./source/App.o
 .group         0x00000000        0xc ./source/App.o
 .group         0x00000000        0xc ./source/App.o
 .group         0x00000000        0xc ./source/App.o
 .group         0x00000000        0xc ./source/App.o
 .group         0x00000000        0xc ./source/App.o
 .group         0x00000000        0xc ./source/App.o
 .group         0x00000000        0xc ./source/App.o
 .group         0x00000000        0xc ./source/App.o
 .group         0x00000000        0xc ./source/App.o
 .group         0x00000000        0xc ./source/App.o
 .group         0x00000000        0xc ./source/App.o
 .group         0x00000000        0xc ./source/App.o
 .group         0x00000000        0xc ./source/App.o
 .group         0x00000000        0xc ./source/App.o
 .group         0x00000000        0xc ./source/App.o
 .group         0x00000000        0xc ./source/App.o
 .group         0x00000000        0xc ./source/App.o
 .group         0x00000000        0xc ./source/App.o
 .group         0x00000000        0xc ./source/App.o
 .group         0x00000000        0xc ./source/App.o
 .group         0x00000000        0xc ./source/App.o
 .group         0x00000000        0xc ./source/App.o
 .group         0x00000000        0xc ./source/App.o
 .group         0x00000000        0xc ./source/App.o
 .group         0x00000000        0xc ./source/App.o
 .group         0x00000000        0xc ./source/App.o
 .group         0x00000000        0xc ./source/App.o
 .group         0x00000000        0xc ./source/App.o
 .group         0x00000000        0xc ./source/App.o
 .text          0x00000000        0x0 ./source/App.o
 .data          0x00000000        0x0 ./source/App.o
 .bss           0x00000000        0x0 ./source/App.o
 .group         0x00000000        0xc ./source/IRQ.o
 .group         0x00000000        0xc ./source/IRQ.o
 .group         0x00000000        0xc ./source/IRQ.o
 .group         0x00000000        0xc ./source/IRQ.o
 .group         0x00000000        0xc ./source/IRQ.o
 .group         0x00000000        0xc ./source/IRQ.o
 .group         0x00000000        0xc ./source/IRQ.o
 .group         0x00000000        0xc ./source/IRQ.o
 .group         0x00000000        0xc ./source/IRQ.o
 .group         0x00000000        0xc ./source/IRQ.o
 .group         0x00000000        0xc ./source/IRQ.o
 .group         0x00000000        0xc ./source/IRQ.o
 .group         0x00000000        0xc ./source/IRQ.o
 .group         0x00000000        0xc ./source/IRQ.o
 .text          0x00000000        0x0 ./source/IRQ.o
 .data          0x00000000        0x0 ./source/IRQ.o
 .bss           0x00000000        0x0 ./source/IRQ.o
 .debug_macro   0x00000000      0xa5a ./source/IRQ.o
 .debug_macro   0x00000000      0x34e ./source/IRQ.o
 .debug_macro   0x00000000       0x22 ./source/IRQ.o
 .debug_macro   0x00000000       0x5c ./source/IRQ.o
 .debug_macro   0x00000000       0x1c ./source/IRQ.o
 .debug_macro   0x00000000       0x22 ./source/IRQ.o
 .debug_macro   0x00000000       0xdf ./source/IRQ.o
 .debug_macro   0x00000000      0xecf ./source/IRQ.o
 .debug_macro   0x00000000       0x48 ./source/IRQ.o
 .debug_macro   0x00000000     0xe07b ./source/IRQ.o
 .debug_macro   0x00000000       0x10 ./source/IRQ.o
 .debug_macro   0x00000000     0x122b ./source/IRQ.o
 .debug_macro   0x00000000       0x16 ./source/IRQ.o
 .group         0x00000000        0xc ./source/SysTick.o
 .group         0x00000000        0xc ./source/SysTick.o
 .group         0x00000000        0xc ./source/SysTick.o
 .group         0x00000000        0xc ./source/SysTick.o
 .group         0x00000000        0xc ./source/SysTick.o
 .group         0x00000000        0xc ./source/SysTick.o
 .group         0x00000000        0xc ./source/SysTick.o
 .group         0x00000000        0xc ./source/SysTick.o
[...]
Memory Configuration

Name             Origin             Length             Attributes
PROGRAM_FLASH    0x00000000         0x00100000         xr
SRAM_UPPER       0x20000000         0x00030000         xrw
SRAM_LOWER       0x1fff0000         0x00010000         xrw
FLEX_RAM         0x14000000         0x00001000         xrw
*default*        0x00000000         0xffffffff

Linker script and memory map

LOAD ./source/App.o
LOAD ./source/IRQ.o
LOAD ./source/SysTick.o
LOAD ./source/alphabet.o
LOAD ./source/display.o
LOAD ./source/drv_DEVBOARD.o
LOAD ./source/drv_ENCODER.o
LOAD ./source/drv_K64.o
LOAD ./source/drv_MAGTEK.o
LOAD ./source/fsm.o
LOAD ./source/gpio.o
LOAD ./source/mcuDisplay.o
LOAD ./source/timer.o
LOAD ./SDK/startup/hardware.o
LOAD ./SDK/startup/main.o
LOAD ./SDK/startup/semihost_hardfault.o
LOAD ./SDK/startup/startup_mk64f12.o
LOAD ./SDK/CMSIS/system_MK64F12.o
START GROUP
LOAD c:/nxp/mcuxpressoide_10.2.0_759/ide/tools/bin/../lib/gcc/arm-none-eabi/7.2.1/../../../../arm-none-eabi/lib/thumb/v7e-m/fpv4-sp/hard\libcr_c.a
LOAD c:/nxp/mcuxpressoide_10.2.0_759/ide/tools/bin/../lib/gcc/arm-none-eabi/7.2.1/thumb/v7e-m/fpv4-sp/hard\libcr_eabihelpers.a
END GROUP
                0x00000000                __base_PROGRAM_FLASH = 0x0
                0x00000000                __base_Flash = 0x0
                0x00100000                __top_PROGRAM_FLASH = 0x100000
                0x00100000                __top_Flash = 0x100000
                0x20000000                __base_SRAM_UPPER = 0x20000000
                0x20000000                __base_RAM = 0x20000000
                0x20030000                __top_SRAM_UPPER = 0x20030000
                0x20030000                __top_RAM = 0x20030000
                0x1fff0000                __base_SRAM_LOWER = 0x1fff0000
                0x1fff0000                __base_RAM2 = 0x1fff0000
                0x20000000                __top_SRAM_LOWER = 0x20000000
                0x20000000                __top_RAM2 = 0x20000000
                0x14000000                __base_FLEX_RAM = 0x14000000
                0x14000000                __base_RAM3 = 0x14000000
                0x14001000                __top_FLEX_RAM = 0x14001000
                0x14001000                __top_RAM3 = 0x14001000

.text           0x00000000     0x3d58
 FILL mask 0xff
                0x00000000                __vectors_start__ = ABSOLUTE (.)
 *(SORT_BY_ALIGNMENT(.isr_vector))
 .isr_vector    0x00000000      0x198 ./SDK/startup/startup_mk64f12.o
                0x00000000                g_pfnVectors
                0x00000000                __Vectors
                0x00000198                . = ALIGN (0x4)
                0x00000198                __section_table_start = .
                0x00000198                __data_section_table = .
                0x00000198        0x4 LONG 0x3d58 LOADADDR (.data)
                0x0000019c        0x4 LONG 0x20000000 ADDR (.data)
                0x000001a0        0x4 LONG 0x1f0 SIZEOF (.data)
                0x000001a4        0x4 LONG 0x3d58 LOADADDR (.data_RAM2)
                0x000001a8        0x4 LONG 0x1fff0000 ADDR (.data_RAM2)
                0x000001ac        0x4 LONG 0x0 SIZEOF (.data_RAM2)
                0x000001b0        0x4 LONG 0x3d58 LOADADDR (.data_RAM3)
                0x000001b4        0x4 LONG 0x14000000 ADDR (.data_RAM3)
                0x000001b8        0x4 LONG 0x0 SIZEOF (.data_RAM3)
                0x000001bc                __data_section_table_end = .
                0x000001bc                __bss_section_table = .
                0x000001bc        0x4 LONG 0x200001f0 ADDR (.bss)
                0x000001c0        0x4 LONG 0x4f0 SIZEOF (.bss)
                0x000001c4        0x4 LONG 0x1fff0000 ADDR (.bss_RAM2)
                0x000001c8        0x4 LONG 0x0 SIZEOF (.bss_RAM2)
                0x000001cc        0x4 LONG 0x14000000 ADDR (.bss_RAM3)
                0x000001d0        0x4 LONG 0x0 SIZEOF (.bss_RAM3)
                0x000001d4                __bss_section_table_end = .
                0x000001d4                __section_table_end = .
 *(SORT_BY_ALIGNMENT(.after_vectors*))
 .after_vectors.reset
                0x000001d4       0x4c ./SDK/startup/startup_mk64f12.o
                0x000001d4                ResetISR
 .after_vectors.init_data
                0x00000220       0x1e ./SDK/startup/startup_mk64f12.o
                0x00000220                data_init
 .after_vectors.init_bss
                0x0000023e       0x12 ./SDK/startup/startup_mk64f12.o
                0x0000023e                bss_init
 .after_vectors
                0x00000250       0x14 ./SDK/startup/startup_mk64f12.o
                0x00000250                NMI_Handler
                0x00000254                MemManage_Handler
                0x00000256                BusFault_Handler
                0x00000258                UsageFault_Handler
                0x0000025a                SVC_Handler
                0x0000025c                DebugMon_Handler
                0x0000025e                PendSV_Handler
                0x00000262                DMA_Error_DriverIRQHandler
                0x00000262                LPTMR0_DriverIRQHandler
                0x00000262                FTM1_DriverIRQHandler
                0x00000262                FTM2_DriverIRQHandler
                0x00000262                PIT2_DriverIRQHandler
                0x00000262                SDHC_DriverIRQHandler
                0x00000262                I2S0_Tx_DriverIRQHandler
                0x00000262                RTC_Seconds_DriverIRQHandler
                0x00000262                DMA6_DriverIRQHandler
                0x00000262                LLWU_DriverIRQHandler
                0x00000262                MCM_DriverIRQHandler
                0x00000262                MCG_DriverIRQHandler
                0x00000262                ENET_1588_Timer_DriverIRQHandler
                0x00000262                I2C2_DriverIRQHandler
                0x00000262                DAC1_DriverIRQHandler
                0x00000262                SPI1_DriverIRQHandler
                0x00000262                CMP1_DriverIRQHandler
                0x00000262                UART5_RX_TX_DriverIRQHandler
                0x00000262                FTM0_DriverIRQHandler
                0x00000262                IntDefaultHandler
                0x00000262                USB0_DriverIRQHandler
                0x00000262                UART5_ERR_DriverIRQHandler
                0x00000262                PORTC_DriverIRQHandler
                0x00000262                DMA11_DriverIRQHandler
                0x00000262                DAC0_DriverIRQHandler
                0x00000262                DMA10_DriverIRQHandler
                0x00000262                CMP2_DriverIRQHandler
                0x00000262                UART2_ERR_DriverIRQHandler
                0x00000262                SPI2_DriverIRQHandler
                0x00000262                LVD_LVW_DriverIRQHandler
                0x00000262                PIT0_DriverIRQHandler
                0x00000262                RNG_DriverIRQHandler
                0x00000262                DMA5_DriverIRQHandler
                0x00000262                DMA12_DriverIRQHandler
                0x00000262                UART2_RX_TX_DriverIRQHandler
                0x00000262                USBDCD_DriverIRQHandler
                0x00000262                UART3_ERR_DriverIRQHandler
                0x00000262                DMA3_DriverIRQHandler
                0x00000262                DMA8_DriverIRQHandler
                0x00000262                DMA9_DriverIRQHandler
                0x00000262                UART0_ERR_DriverIRQHandler
                0x00000262                CMT_DriverIRQHandler
                0x00000262                Reserved71_DriverIRQHandler
                0x00000262                ADC1_DriverIRQHandler
                0x00000262                PORTA_DriverIRQHandler
                0x00000262                DMA14_DriverIRQHandler
                0x00000262                PIT3_DriverIRQHandler
                0x00000262                PIT1_DriverIRQHandler
                0x00000262                WDOG_EWM_DriverIRQHandler
                0x00000262                PDB0_DriverIRQHandler
                0x00000262                RTC_DriverIRQHandler
                0x00000262                I2S0_Rx_DriverIRQHandler
                0x00000262                Read_Collision_DriverIRQHandler
                0x00000262                SWI_DriverIRQHandler
                0x00000262                UART4_RX_TX_DriverIRQHandler
                0x00000262                UART4_ERR_DriverIRQHandler
                0x00000262                PORTB_DriverIRQHandler
                0x00000262                UART0_LON_DriverIRQHandler
                0x00000262                DMA0_DriverIRQHandler
                0x00000262                DMA1_DriverIRQHandler
                0x00000262                I2C1_DriverIRQHandler
                0x00000262                UART3_RX_TX_DriverIRQHandler
                0x00000262                ENET_Receive_DriverIRQHandler
                0x00000262                DMA13_DriverIRQHandler
                0x00000262                ENET_Error_DriverIRQHandler
                0x00000262                DMA15_DriverIRQHandler
                0x00000262                UART0_RX_TX_DriverIRQHandler
                0x00000262                SPI0_DriverIRQHandler
                0x00000262                ADC0_DriverIRQHandler
                0x00000262                CMP0_DriverIRQHandler
                0x00000262                CAN0_DriverIRQHandler
                0x00000262                FTM3_DriverIRQHandler
                0x00000262                DMA4_DriverIRQHandler
                0x00000262                UART1_ERR_DriverIRQHandler
                0x00000262                DMA2_DriverIRQHandler
                0x00000262                ENET_Transmit_DriverIRQHandler
                0x00000262                PORTD_DriverIRQHandler
                0x00000262                PORTE_DriverIRQHandler
                0x00000262                FTFE_DriverIRQHandler
                0x00000262                I2C0_DriverIRQHandler
                0x00000262                DMA7_DriverIRQHandler
                0x00000262                UART1_RX_TX_DriverIRQHandler
                0x00000400                . = 0x400
 *fill*         0x00000264      0x19c ff
                0x00000400                PROVIDE (__FLASH_CONFIG_START__, .)
 *(SORT_BY_ALIGNMENT(.FlashConfig))
 .FlashConfig   0x00000400       0x10 ./SDK/startup/startup_mk64f12.o
                0x00000400                Flash_Config
                0x00000410                PROVIDE (__FLASH_CONFIG_END__, .)
                0x00000001                ASSERT (! ((__FLASH_CONFIG_START__ == __FLASH_CONFIG_END__)), Linker Flash Config Support Enabled, but no .FlashConfig section provided within application)
 *(SORT_BY_ALIGNMENT(.text*))
 .text.PORT_ClearInterruptFlag
                0x00000410       0x40 ./source/IRQ.o
                0x00000410                PORT_ClearInterruptFlag
 .text.PORTA_IRQHandler
                0x00000450       0x40 ./source/IRQ.o
                0x00000450                PORTA_IRQHandler
 .text.PORTB_IRQHandler
                0x00000490       0x40 ./source/IRQ.o
                0x00000490                PORTB_IRQHandler
 .text.PORTC_IRQHandler
                0x000004d0       0x40 ./source/IRQ.o
                0x000004d0                PORTC_IRQHandler
 .text.PORTD_IRQHandler
                0x00000510       0x40 ./source/IRQ.o
                0x00000510                PORTD_IRQHandler
 .text.PORTE_IRQHandler
                0x00000550       0x40 ./source/IRQ.o
                0x00000550                PORTE_IRQHandler
 .text.FindPinNum
                0x00000590       0x50 ./source/IRQ.o
                0x00000590                FindPinNum
 .text.SysTick_Init
                0x000005e0       0x60 ./source/SysTick.o
                0x000005e0                SysTick_Init
 .text.SysTick_Handler
                0x00000640       0x2c ./source/SysTick.o
                0x00000640                SysTick_Handler
 .text.translateChar
                0x0000066c      0x324 ./source/alphabet.o
                0x0000066c                translateChar
 .text.change_brightness
                0x00000990       0x50 ./source/display.o
                0x00000990                change_brightness
 .text.print_msg
                0x000009e0       0x64 ./source/display.o
                0x000009e0                print_msg
 .text.drv_ENCODER_init
                0x00000a44       0xd0 ./source/drv_ENCODER.o
                0x00000a44                drv_ENCODER_init
 .text.encoderEvent
                0x00000b14       0xcc ./source/drv_ENCODER.o
                0x00000b14                encoderEvent
 .text.ptrToRSwitch
                0x00000be0       0x8c ./source/drv_ENCODER.o
                0x00000be0                ptrToRSwitch
 .text.readStatus
                0x00000c6c       0x50 ./source/drv_ENCODER.o
                0x00000c6c                readStatus
 .text.encoderInterrup
                0x00000cbc       0x18 ./source/drv_ENCODER.o
                0x00000cbc                encoderInterrup
 .text.clearEncoderInter
                0x00000cd4       0x28 ./source/drv_ENCODER.o
                0x00000cd4                clearEncoderInter
 .text.getEncoder
                0x00000cfc       0x28 ./source/drv_ENCODER.o
                0x00000cfc                getEncoder
 .text.clearEncoderGiros
                0x00000d24       0x18 ./source/drv_ENCODER.o
                0x00000d24                clearEncoderGiros
 .text.clearEncoderPresiones
                0x00000d3c       0x18 ./source/drv_ENCODER.o
                0x00000d3c                clearEncoderPresiones
 .text.check_expired
                0x00000d54       0x28 ./source/drv_ENCODER.o
 .text.initMagtek
                0x00000d7c       0x44 ./source/drv_MAGTEK.o
                0x00000d7c                initMagtek
 .text.ptrToClock
                0x00000dc0       0x58 ./source/drv_MAGTEK.o
                0x00000dc0                ptrToClock
 .text.ptrToEnable
                0x00000e18       0x80 ./source/drv_MAGTEK.o
                0x00000e18                ptrToEnable
 .text.flush    0x00000e98       0x6c ./source/drv_MAGTEK.o
                0x00000e98                flush
 .text.parse    0x00000f04      0x140 ./source/drv_MAGTEK.o
                0x00000f04                parse
 .text.parse_alphanumeric
                0x00001044      0x1c8 ./source/drv_MAGTEK.o
                0x00001044                parse_alphanumeric
 .text.write    0x0000120c       0x44 ./source/drv_MAGTEK.o
                0x0000120c                write
 .text.magtek_iter
                0x00001250       0x18 ./source/drv_MAGTEK.o
                0x00001250                magtek_iter
 .text.magtek_clear
                0x00001268       0x1c ./source/drv_MAGTEK.o
                0x00001268                magtek_clear
 .text.get_ID   0x00001284       0x14 ./source/drv_MAGTEK.o
                0x00001284                get_ID
 .text.fsm      0x00001298     0x13d0 ./source/fsm.o
                0x00001298                fsm
 .text.verify_id
                0x00002668       0x80 ./source/fsm.o
                0x00002668                verify_id
 .text.verify_pin
                0x000026e8       0x68 ./source/fsm.o
                0x000026e8                verify_pin
 .text.check_users
                0x00002750       0xa4 ./source/fsm.o
                0x00002750                check_users
 .text.enter_new_user
                0x000027f4       0x98 ./source/fsm.o
                0x000027f4                enter_new_user
 .text.remove_user
                0x0000288c       0x7c ./source/fsm.o
                0x0000288c                remove_user
 .text.get_number
                0x00002908       0x9c ./source/fsm.o
                0x00002908                get_number
 .text.__NVIC_EnableIRQ
                0x000029a4       0x3c ./source/gpio.o
 .text.__NVIC_SetPriority
                0x000029e0       0x54 ./source/gpio.o
 .text.gpioMode
                0x00002a34       0xf4 ./source/gpio.o
                0x00002a34                gpioMode
 .text.gpioIRQ  0x00002b28       0xb0 ./source/gpio.o
                0x00002b28                gpioIRQ
 .text.gpioWrite
                0x00002bd8       0x70 ./source/gpio.o
                0x00002bd8                gpioWrite
 .text.gpioRead
                0x00002c48       0x54 ./source/gpio.o
                0x00002c48                gpioRead
 .text.initMcuDisplay
                0x00002c9c       0xbc ./source/mcuDisplay.o
                0x00002c9c                initMcuDisplay
 .text.updateMcuDisplay
                0x00002d58       0x34 ./source/mcuDisplay.o
                0x00002d58                updateMcuDisplay
 .text.textToDisplay
                0x00002d8c       0x28 ./source/mcuDisplay.o
                0x00002d8c                textToDisplay
 .text.textLenDisplay
                0x00002db4       0x28 ./source/mcuDisplay.o
                0x00002db4                textLenDisplay
 .text.next_character
                0x00002ddc       0x9c ./source/mcuDisplay.o
                0x00002ddc                next_character
 .text.next_status
                0x00002e78       0x58 ./source/mcuDisplay.o
                0x00002e78                next_status
 .text.printMcuD
                0x00002ed0      0x460 ./source/mcuDisplay.o
                0x00002ed0                printMcuD
 .text.brighnessDisplay
                0x00003330       0x20 ./source/mcuDisplay.o
                0x00003330                brighnessDisplay
 .text.timerInit
                0x00003350       0x28 ./source/timer.o
                0x00003350                timerInit
 .text.timerGetId
                0x00003378       0x5c ./source/timer.o
                0x00003378                timerGetId
 .text.timerStart
                0x000033d4      0x130 ./source/timer.o
                0x000033d4                timerStart
 .text.timerStop
                0x00003504       0x58 ./source/timer.o
                0x00003504                timerStop
 .text.timerExpired
                0x0000355c       0x4c ./source/timer.o
                0x0000355c                timerExpired
 .text.timerRunning
                0x000035a8       0x38 ./source/timer.o
                0x000035a8                timerRunning
 .text.timer_isr
                0x000035e0       0xf4 ./source/timer.o
 .text.hw_Init  0x000036d4      0x10c ./SDK/startup/hardware.o
                0x000036d4                hw_Init
 .text.hw_EnableInterrupts
                0x000037e0       0x30 ./SDK/startup/hardware.o
                0x000037e0                hw_EnableInterrupts
 .text.hw_DisableInterrupts
                0x00003810       0x20 ./SDK/startup/hardware.o
                0x00003810                hw_DisableInterrupts
 .text.SystemInit
                0x00003830       0x3c ./SDK/CMSIS/system_MK64F12.o
                0x00003830                SystemInit
 .text.App_Init
                0x0000386c       0x20 ./source/App.o
                0x0000386c                App_Init
 .text.App_Run  0x0000388c        0xc ./source/App.o
                0x0000388c                App_Run
 .text.displayInit
                0x00003898        0xc ./source/display.o
                0x00003898                displayInit
 .text.arr_len  0x000038a4       0x38 ./source/display.o
                0x000038a4                arr_len
 .text.clear_text
                0x000038dc       0x2c ./source/display.o
                0x000038dc                clear_text
 .text.init_DEVBOARD
                0x00003908       0x18 ./source/drv_DEVBOARD.o
                0x00003908                init_DEVBOARD
 .text.detecTurn
                0x00003920        0xe ./source/drv_ENCODER.o
 .text.buttonPress
                0x0000392e        0xe ./source/drv_ENCODER.o
 .text.fun      0x0000393c        0xe ./source/drv_ENCODER.o
 .text.init_K64Leds
                0x0000394a       0x50 ./source/drv_K64.o
                0x0000394a                init_K64Leds
 .text.turnOn_RedLed
                0x0000399a       0x10 ./source/drv_K64.o
                0x0000399a                turnOn_RedLed
 .text.turnOn_GreenLed
                0x000039aa       0x10 ./source/drv_K64.o
                0x000039aa                turnOn_GreenLed
 .text.turnOn_BlueLed
                0x000039ba       0x10 ./source/drv_K64.o
                0x000039ba                turnOn_BlueLed
 .text.turnOff_RedLed
                0x000039ca       0x10 ./source/drv_K64.o
                0x000039ca                turnOff_RedLed
 .text.turnOff_GreenLed
                0x000039da       0x10 ./source/drv_K64.o
                0x000039da                turnOff_GreenLed
 .text.turnOff_BlueLed
                0x000039ea       0x10 ./source/drv_K64.o
                0x000039ea                turnOff_BlueLed
 .text.callback_timer
                0x000039fa        0xe ./source/fsm.o
                0x000039fa                callback_timer
 .text.main     0x00003a08       0x1a ./SDK/startup/main.o
                0x00003a08                main
 .text.HardFault_Handler
                0x00003a22       0x2c ./SDK/startup/semihost_hardfault.o
                0x00003a22                HardFault_Handler
 .text.DMA0_IRQHandler
                0x00003a4e        0x8 ./SDK/startup/startup_mk64f12.o
                0x00003a4e                DMA0_IRQHandler
 .text.DMA1_IRQHandler
                0x00003a56        0x8 ./SDK/startup/startup_mk64f12.o
                0x00003a56                DMA1_IRQHandler
 .text.DMA2_IRQHandler
                0x00003a5e        0x8 ./SDK/startup/startup_mk64f12.o
                0x00003a5e                DMA2_IRQHandler
 .text.DMA3_IRQHandler
                0x00003a66        0x8 ./SDK/startup/startup_mk64f12.o
                0x00003a66                DMA3_IRQHandler
 .text.DMA4_IRQHandler
                0x00003a6e        0x8 ./SDK/startup/startup_mk64f12.o
                0x00003a6e                DMA4_IRQHandler
 .text.DMA5_IRQHandler
                0x00003a76        0x8 ./SDK/startup/startup_mk64f12.o
                0x00003a76                DMA5_IRQHandler
 .text.DMA6_IRQHandler
                0x00003a7e        0x8 ./SDK/startup/startup_mk64f12.o
                0x00003a7e                DMA6_IRQHandler
 .text.DMA7_IRQHandler
                0x00003a86        0x8 ./SDK/startup/startup_mk64f12.o
                0x00003a86                DMA7_IRQHandler
 .text.DMA8_IRQHandler
                0x00003a8e        0x8 ./SDK/startup/startup_mk64f12.o
                0x00003a8e                DMA8_IRQHandler
 .text.DMA9_IRQHandler
                0x00003a96        0x8 ./SDK/startup/startup_mk64f12.o
                0x00003a96                DMA9_IRQHandler
 .text.DMA10_IRQHandler
                0x00003a9e        0x8 ./SDK/startup/startup_mk64f12.o
                0x00003a9e                DMA10_IRQHandler
 .text.DMA11_IRQHandler
                0x00003aa6        0x8 ./SDK/startup/startup_mk64f12.o
                0x00003aa6                DMA11_IRQHandler
 .text.DMA12_IRQHandler
                0x00003aae        0x8 ./SDK/startup/startup_mk64f12.o
                0x00003aae                DMA12_IRQHandler
 .text.DMA13_IRQHandler
                0x00003ab6        0x8 ./SDK/startup/startup_mk64f12.o
                0x00003ab6                DMA13_IRQHandler
 .text.DMA14_IRQHandler
                0x00003abe        0x8 ./SDK/startup/startup_mk64f12.o
                0x00003abe                DMA14_IRQHandler
 .text.DMA15_IRQHandler
                0x00003ac6        0x8 ./SDK/startup/startup_mk64f12.o
                0x00003ac6                DMA15_IRQHandler
 .text.DMA_Error_IRQHandler
                0x00003ace        0x8 ./SDK/startup/startup_mk64f12.o
                0x00003ace                DMA_Error_IRQHandler
 .text.MCM_IRQHandler
                0x00003ad6        0x8 ./SDK/startup/startup_mk64f12.o
                0x00003ad6                MCM_IRQHandler
 .text.FTFE_IRQHandler
                0x00003ade        0x8 ./SDK/startup/startup_mk64f12.o
                0x00003ade                FTFE_IRQHandler
 .text.Read_Collision_IRQHandler
                0x00003ae6        0x8 ./SDK/startup/startup_mk64f12.o
                0x00003ae6                Read_Collision_IRQHandler
 .text.LVD_LVW_IRQHandler
                0x00003aee        0x8 ./SDK/startup/startup_mk64f12.o
                0x00003aee                LVD_LVW_IRQHandler
 .text.LLWU_IRQHandler
                0x00003af6        0x8 ./SDK/startup/startup_mk64f12.o
                0x00003af6                LLWU_IRQHandler
 .text.WDOG_EWM_IRQHandler
                0x00003afe        0x8 ./SDK/startup/startup_mk64f12.o
                0x00003afe                WDOG_EWM_IRQHandler
 .text.RNG_IRQHandler
                0x00003b06        0x8 ./SDK/startup/startup_mk64f12.o
                0x00003b06                RNG_IRQHandler
 .text.I2C0_IRQHandler
                0x00003b0e        0x8 ./SDK/startup/startup_mk64f12.o
                0x00003b0e                I2C0_IRQHandler
 .text.I2C1_IRQHandler
                0x00003b16        0x8 ./SDK/startup/startup_mk64f12.o
                0x00003b16                I2C1_IRQHandler
 .text.SPI0_IRQHandler
                0x00003b1e        0x8 ./SDK/startup/startup_mk64f12.o
                0x00003b1e                SPI0_IRQHandler
 .text.SPI1_IRQHandler
                0x00003b26        0x8 ./SDK/startup/startup_mk64f12.o
                0x00003b26                SPI1_IRQHandler
 .text.I2S0_Tx_IRQHandler
                0x00003b2e        0x8 ./SDK/startup/startup_mk64f12.o
                0x00003b2e                I2S0_Tx_IRQHandler
 .text.I2S0_Rx_IRQHandler
                0x00003b36        0x8 ./SDK/startup/startup_mk64f12.o
                0x00003b36                I2S0_Rx_IRQHandler
 .text.UART0_LON_IRQHandler
                0x00003b3e        0x8 ./SDK/startup/startup_mk64f12.o
                0x00003b3e                UART0_LON_IRQHandler
 .text.UART0_RX_TX_IRQHandler
                0x00003b46        0x8 ./SDK/startup/startup_mk64f12.o
                0x00003b46                UART0_RX_TX_IRQHandler
 .text.UART0_ERR_IRQHandler
                0x00003b4e        0x8 ./SDK/startup/startup_mk64f12.o
                0x00003b4e                UART0_ERR_IRQHandler
 .text.UART1_RX_TX_IRQHandler
                0x00003b56        0x8 ./SDK/startup/startup_mk64f12.o
                0x00003b56                UART1_RX_TX_IRQHandler
 .text.UART1_ERR_IRQHandler
                0x00003b5e        0x8 ./SDK/startup/startup_mk64f12.o
                0x00003b5e                UART1_ERR_IRQHandler
 .text.UART2_RX_TX_IRQHandler
                0x00003b66        0x8 ./SDK/startup/startup_mk64f12.o
                0x00003b66                UART2_RX_TX_IRQHandler
 .text.UART2_ERR_IRQHandler
                0x00003b6e        0x8 ./SDK/startup/startup_mk64f12.o
                0x00003b6e                UART2_ERR_IRQHandler
 .text.UART3_RX_TX_IRQHandler
                0x00003b76        0x8 ./SDK/startup/startup_mk64f12.o
                0x00003b76                UART3_RX_TX_IRQHandler
 .text.UART3_ERR_IRQHandler
                0x00003b7e        0x8 ./SDK/startup/startup_mk64f12.o
                0x00003b7e                UART3_ERR_IRQHandler
 .text.ADC0_IRQHandler
                0x00003b86        0x8 ./SDK/startup/startup_mk64f12.o
                0x00003b86                ADC0_IRQHandler
 .text.CMP0_IRQHandler
                0x00003b8e        0x8 ./SDK/startup/startup_mk64f12.o
                0x00003b8e                CMP0_IRQHandler
 .text.CMP1_IRQHandler
                0x00003b96        0x8 ./SDK/startup/startup_mk64f12.o
                0x00003b96                CMP1_IRQHandler
 .text.FTM0_IRQHandler
                0x00003b9e        0x8 ./SDK/startup/startup_mk64f12.o
                0x00003b9e                FTM0_IRQHandler
 .text.FTM1_IRQHandler
                0x00003ba6        0x8 ./SDK/startup/startup_mk64f12.o
                0x00003ba6                FTM1_IRQHandler
 .text.FTM2_IRQHandler
                0x00003bae        0x8 ./SDK/startup/startup_mk64f12.o
                0x00003bae                FTM2_IRQHandler
 .text.CMT_IRQHandler
                0x00003bb6        0x8 ./SDK/startup/startup_mk64f12.o
                0x00003bb6                CMT_IRQHandler
 .text.RTC_IRQHandler
                0x00003bbe        0x8 ./SDK/startup/startup_mk64f12.o
                0x00003bbe                RTC_IRQHandler
 .text.RTC_Seconds_IRQHandler
                0x00003bc6        0x8 ./SDK/startup/startup_mk64f12.o
                0x00003bc6                RTC_Seconds_IRQHandler
 .text.PIT0_IRQHandler
                0x00003bce        0x8 ./SDK/startup/startup_mk64f12.o
                0x00003bce                PIT0_IRQHandler
 .text.PIT1_IRQHandler
                0x00003bd6        0x8 ./SDK/startup/startup_mk64f12.o
                0x00003bd6                PIT1_IRQHandler
 .text.PIT2_IRQHandler
                0x00003bde        0x8 ./SDK/startup/startup_mk64f12.o
                0x00003bde                PIT2_IRQHandler
 .text.PIT3_IRQHandler
                0x00003be6        0x8 ./SDK/startup/startup_mk64f12.o
                0x00003be6                PIT3_IRQHandler
 .text.PDB0_IRQHandler
                0x00003bee        0x8 ./SDK/startup/startup_mk64f12.o
                0x00003bee                PDB0_IRQHandler
 .text.USB0_IRQHandler
                0x00003bf6        0x8 ./SDK/startup/startup_mk64f12.o
                0x00003bf6                USB0_IRQHandler
 .text.USBDCD_IRQHandler
                0x00003bfe        0x8 ./SDK/startup/startup_mk64f12.o
                0x00003bfe                USBDCD_IRQHandler
 .text.Reserved71_IRQHandler
                0x00003c06        0x8 ./SDK/startup/startup_mk64f12.o
                0x00003c06                Reserved71_IRQHandler
 .text.DAC0_IRQHandler
                0x00003c0e        0x8 ./SDK/startup/startup_mk64f12.o
                0x00003c0e                DAC0_IRQHandler
 .text.MCG_IRQHandler
                0x00003c16        0x8 ./SDK/startup/startup_mk64f12.o
                0x00003c16                MCG_IRQHandler
 .text.LPTMR0_IRQHandler
                0x00003c1e        0x8 ./SDK/startup/startup_mk64f12.o
                0x00003c1e                LPTMR0_IRQHandler
 .text.SWI_IRQHandler
                0x00003c26        0x8 ./SDK/startup/startup_mk64f12.o
                0x00003c26                SWI_IRQHandler
 .text.SPI2_IRQHandler
                0x00003c2e        0x8 ./SDK/startup/startup_mk64f12.o
                0x00003c2e                SPI2_IRQHandler
 .text.UART4_RX_TX_IRQHandler
                0x00003c36        0x8 ./SDK/startup/startup_mk64f12.o
                0x00003c36                UART4_RX_TX_IRQHandler
 .text.UART4_ERR_IRQHandler
                0x00003c3e        0x8 ./SDK/startup/startup_mk64f12.o
                0x00003c3e                UART4_ERR_IRQHandler
 .text.UART5_RX_TX_IRQHandler
                0x00003c46        0x8 ./SDK/startup/startup_mk64f12.o
                0x00003c46                UART5_RX_TX_IRQHandler
 .text.UART5_ERR_IRQHandler
                0x00003c4e        0x8 ./SDK/startup/startup_mk64f12.o
                0x00003c4e                UART5_ERR_IRQHandler
 .text.CMP2_IRQHandler
                0x00003c56        0x8 ./SDK/startup/startup_mk64f12.o
                0x00003c56                CMP2_IRQHandler
 .text.FTM3_IRQHandler
                0x00003c5e        0x8 ./SDK/startup/startup_mk64f12.o
                0x00003c5e                FTM3_IRQHandler
 .text.DAC1_IRQHandler
                0x00003c66        0x8 ./SDK/startup/startup_mk64f12.o
                0x00003c66                DAC1_IRQHandler
 .text.ADC1_IRQHandler
                0x00003c6e        0x8 ./SDK/startup/startup_mk64f12.o
                0x00003c6e                ADC1_IRQHandler
 .text.I2C2_IRQHandler
                0x00003c76        0x8 ./SDK/startup/startup_mk64f12.o
                0x00003c76                I2C2_IRQHandler
 .text.CAN0_ORed_Message_buffer_IRQHandler
                0x00003c7e        0x8 ./SDK/startup/startup_mk64f12.o
                0x00003c7e                CAN0_ORed_Message_buffer_IRQHandler
 .text.CAN0_Bus_Off_IRQHandler
                0x00003c86        0x8 ./SDK/startup/startup_mk64f12.o
                0x00003c86                CAN0_Bus_Off_IRQHandler
 .text.CAN0_Error_IRQHandler
                0x00003c8e        0x8 ./SDK/startup/startup_mk64f12.o
                0x00003c8e                CAN0_Error_IRQHandler
 .text.CAN0_Tx_Warning_IRQHandler
                0x00003c96        0x8 ./SDK/startup/startup_mk64f12.o
                0x00003c96                CAN0_Tx_Warning_IRQHandler
 .text.CAN0_Rx_Warning_IRQHandler
                0x00003c9e        0x8 ./SDK/startup/startup_mk64f12.o
                0x00003c9e                CAN0_Rx_Warning_IRQHandler
 .text.CAN0_Wake_Up_IRQHandler
                0x00003ca6        0x8 ./SDK/startup/startup_mk64f12.o
                0x00003ca6                CAN0_Wake_Up_IRQHandler
 .text.SDHC_IRQHandler
                0x00003cae        0x8 ./SDK/startup/startup_mk64f12.o
                0x00003cae                SDHC_IRQHandler
 .text.ENET_1588_Timer_IRQHandler
                0x00003cb6        0x8 ./SDK/startup/startup_mk64f12.o
                0x00003cb6                ENET_1588_Timer_IRQHandler
 .text.ENET_Transmit_IRQHandler
                0x00003cbe        0x8 ./SDK/startup/startup_mk64f12.o
                0x00003cbe                ENET_Transmit_IRQHandler
 .text.ENET_Receive_IRQHandler
                0x00003cc6        0x8 ./SDK/startup/startup_mk64f12.o
                0x00003cc6                ENET_Receive_IRQHandler
 .text.ENET_Error_IRQHandler
                0x00003cce        0x8 ./SDK/startup/startup_mk64f12.o
                0x00003cce                ENET_Error_IRQHandler
 .text.SystemInitHook
                0x00003cd6        0xe ./SDK/CMSIS/system_MK64F12.o
                0x00003cd6                SystemInitHook
 *(SORT_BY_ALIGNMENT(.rodata) SORT_BY_ALIGNMENT(.rodata.*) SORT_BY_ALIGNMENT(.constdata) SORT_BY_ALIGNMENT(.constdata.*))
 .rodata        0x00003ce4       0x6e ./source/fsm.o
                0x00003d58                . = ALIGN (0x8)
 *fill*         0x00003d52        0x6 ff

.glue_7         0x00003d58        0x0
 .glue_7        0x00003d58        0x0 linker stubs

.glue_7t        0x00003d58        0x0
 .glue_7t       0x00003d58        0x0 linker stubs

.vfp11_veneer   0x00003d58        0x0
 .vfp11_veneer  0x00003d58        0x0 linker stubs

.v4_bx          0x00003d58        0x0
 .v4_bx         0x00003d58        0x0 linker stubs

.iplt           0x00003d58        0x0
 .iplt          0x00003d58        0x0 ./source/App.o

.rel.dyn        0x00003d58        0x0
 .rel.iplt      0x00003d58        0x0 ./source/App.o

.ARM.extab
 *(SORT_BY_ALIGNMENT(.ARM.extab*) SORT_BY_ALIGNMENT(.gnu.linkonce.armextab.*))
                0x00003d58                __exidx_start = .

.ARM.exidx
 *(SORT_BY_ALIGNMENT(.ARM.exidx*) SORT_BY_ALIGNMENT(.gnu.linkonce.armexidx.*))
                0x00003d58                __exidx_end = .
                0x00003d58                _etext = .

.m_usb_data
 *(SORT_BY_ALIGNMENT(m_usb_bdt))

.data_RAM2      0x1fff0000        0x0 load address 0x00003d58
 FILL mask 0xff
                [!provide]                PROVIDE (__start_data_RAM2, .)
 *(SORT_BY_ALIGNMENT(.ramfunc.$RAM2))
 *(SORT_BY_ALIGNMENT(.ramfunc.$SRAM_LOWER))
 *(SORT_BY_ALIGNMENT(.data.$RAM2*))
 *(SORT_BY_ALIGNMENT(.data.$SRAM_LOWER*))
                0x1fff0000                . = ALIGN (0x8)
                [!provide]                PROVIDE (__end_data_RAM2, .)

.data_RAM3      0x14000000        0x0 load address 0x00003d58
 FILL mask 0xff
                [!provide]                PROVIDE (__start_data_RAM3, .)
 *(SORT_BY_ALIGNMENT(.ramfunc.$RAM3))
 *(SORT_BY_ALIGNMENT(.ramfunc.$FLEX_RAM))
 *(SORT_BY_ALIGNMENT(.data.$RAM3*))
 *(SORT_BY_ALIGNMENT(.data.$FLEX_RAM*))
                0x14000000                . = ALIGN (0x8)
                [!provide]                PROVIDE (__end_data_RAM3, .)

.uninit_RESERVED
                0x20000000        0x0
 *(SORT_BY_ALIGNMENT(.bss.$RESERVED*))
                0x20000000                . = ALIGN (0x4)
                0x20000000                _end_uninit_RESERVED = .

.data           0x20000000      0x1f0 load address 0x00003d58
 FILL mask 0xff
                0x20000000                _data = .
 *(SORT_BY_ALIGNMENT(vtable))
 *(SORT_BY_ALIGNMENT(.ramfunc*))
 *(SORT_BY_ALIGNMENT(.data*))
 .data.PORT_PTRS
                0x20000000       0x14 ./source/IRQ.o
 .data.brighnes_value.6016
                0x20000014        0x4 ./source/display.o
 .data.myID     0x20000018       0x25 ./source/drv_MAGTEK.o
 *fill*         0x2000003d        0x3 ff
 .data.users    0x20000040      0x140 ./source/fsm.o
 .data.data.8460
                0x20000180       0x20 ./source/fsm.o
 .data.temp.8455
                0x200001a0        0x2 ./source/fsm.o
 *fill*         0x200001a2        0x2 ff
 .data.SIM_MASK
                0x200001a4       0x14 ./source/gpio.o
 .data.SIM_PTR  0x200001b8        0x4 ./source/gpio.o
 .data.GPIO_PTRS
                0x200001bc       0x14 ./source/gpio.o
 .data.PORT_PTRS
                0x200001d0       0x14 ./source/gpio.o
 .data.PORTS_IRQ
                0x200001e4        0x5 ./source/gpio.o
 .data.timers_cant
                0x200001e9        0x1 ./source/timer.o
                0x200001f0                . = ALIGN (0x8)
 *fill*         0x200001ea        0x6 ff
                0x200001f0                _edata = .

.igot.plt       0x200001f0        0x0 load address 0x00003f48
 .igot.plt      0x200001f0        0x0 ./source/App.o

.bss_RAM2       0x1fff0000        0x0
                [!provide]                PROVIDE (__start_bss_RAM2, .)
 *(SORT_BY_ALIGNMENT(.bss.$RAM2*))
 *(SORT_BY_ALIGNMENT(.bss.$SRAM_LOWER*))
                0x1fff0000                . = ALIGN ((. != 0x0)?0x8:0x1)
                [!provide]                PROVIDE (__end_bss_RAM2, .)

.bss_RAM3       0x14000000        0x0
                [!provide]                PROVIDE (__start_bss_RAM3, .)
 *(SORT_BY_ALIGNMENT(.bss.$RAM3*))
 *(SORT_BY_ALIGNMENT(.bss.$FLEX_RAM*))
                0x14000000                . = ALIGN ((. != 0x0)?0x8:0x1)
                [!provide]                PROVIDE (__end_bss_RAM3, .)

.bss            0x200001f0      0x4f0
                0x200001f0                _bss = .
 *(SORT_BY_ALIGNMENT(.bss*))
 .bss.ptr_to_fun_systick
                0x200001f0        0x4 ./source/SysTick.o
                0x200001f0                ptr_to_fun_systick
 .bss.len_arr.6022
                0x200001f4        0x4 ./source/display.o
 .bss.encoder_a
                0x200001f8        0x8 ./source/drv_ENCODER.o
 .bss.data      0x20000200       0xc8 ./source/drv_MAGTEK.o
 .bss.mydata    0x200002c8        0x1 ./source/drv_MAGTEK.o
 *fill*         0x200002c9        0x3 
 .bss.encoder   0x200002cc        0x8 ./source/fsm.o
 .bss.state_fsm.8459
                0x200002d4        0x4 ./source/fsm.o
 .bss.pre_state_fsm.8458
                0x200002d8        0x4 ./source/fsm.o
 .bss.waiting_id.8452
                0x200002dc        0x4 ./source/fsm.o
 .bss.msg_sent.8450
                0x200002e0        0x4 ./source/fsm.o
 .bss.i.8451    0x200002e4        0x4 ./source/fsm.o
 .bss.user_count.8448
                0x200002e8        0x4 ./source/fsm.o
 .bss.waiting_pin.8453
                0x200002ec        0x4 ./source/fsm.o
 .bss.aux_user_count.8449
                0x200002f0        0x4 ./source/fsm.o
 .bss.error.8454
                0x200002f4        0x4 ./source/fsm.o
 .bss.PTRS_TO_FUN
                0x200002f8      0x280 ./source/gpio.o
                0x200002f8                PTRS_TO_FUN
 .bss.display   0x20000578       0x10 ./source/mcuDisplay.o
 .bss.arr_text  0x20000588       0x32 ./source/mcuDisplay.o
 *fill*         0x200005ba        0x2 
 .bss.char_counter
                0x200005bc        0x4 ./source/mcuDisplay.o
 .bss.brighness_counter.7520
                0x200005c0        0x4 ./source/mcuDisplay.o
 .bss.timers    0x200005c4      0x100 ./source/timer.o
 .bss.__LDM_interruptDisableCount
                0x200006c4        0x4 ./SDK/startup/hardware.o
 .bss.bit_counter
                0x200006c8        0x2 ./source/drv_MAGTEK.o
 .bss.shift_counter
                0x200006ca        0x2 ./source/drv_MAGTEK.o
 .bss.iterator  0x200006cc        0x2 ./source/drv_MAGTEK.o
 .bss.writer    0x200006ce        0x2 ./source/drv_MAGTEK.o
 .bss.yaInit.6772
                0x200006d0        0x1 ./source/SysTick.o
 .bss.stateA    0x200006d1        0x1 ./source/drv_ENCODER.o
 .bss.stateB    0x200006d2        0x1 ./source/drv_ENCODER.o
 .bss.lastStatusA
                0x200006d3        0x1 ./source/drv_ENCODER.o
 .bss.lastStatusB
                0x200006d4        0x1 ./source/drv_ENCODER.o
 .bss.antiBouncingTimer
                0x200006d5        0x1 ./source/drv_ENCODER.o
 .bss.buttonPressTimer
                0x200006d6        0x1 ./source/drv_ENCODER.o
 .bss.antiInterrup
                0x200006d7        0x1 ./source/drv_ENCODER.o
 .bss.antiInterrupBouncing
                0x200006d8        0x1 ./source/drv_ENCODER.o
 .bss.encoderInter
                0x200006d9        0x1 ./source/drv_ENCODER.o
 .bss.timer_check_expired
                0x200006da        0x1 ./source/drv_ENCODER.o
 .bss.state_m   0x200006db        0x1 ./source/drv_MAGTEK.o
 .bss.status_m  0x200006dc        0x1 ./source/drv_MAGTEK.o
 .bss.magtek_interrupt
                0x200006dd        0x1 ./source/drv_MAGTEK.o
 .bss.timer     0x200006de        0x1 ./source/fsm.o
 .bss.yaInit.7447
                0x200006df        0x1 ./source/timer.o
 *(SORT_BY_ALIGNMENT(COMMON))
                0x200006e0                . = ALIGN (0x8)
                0x200006e0                _ebss = .
                [!provide]                PROVIDE (end, .)

.noinit_RAM2    0x1fff0000        0x0
 *(SORT_BY_ALIGNMENT(.noinit.$RAM2*))
 *(SORT_BY_ALIGNMENT(.noinit.$SRAM_LOWER*))
                0x1fff0000                . = ALIGN (0x8)

.noinit_RAM3    0x14000000        0x0
 *(SORT_BY_ALIGNMENT(.noinit.$RAM3*))
 *(SORT_BY_ALIGNMENT(.noinit.$FLEX_RAM*))
                0x14000000                . = ALIGN (0x8)

.noinit         0x200006e0        0x0
                0x200006e0                _noinit = .
 *(SORT_BY_ALIGNMENT(.noinit*))
                0x200006e0                . = ALIGN (0x8)
                0x200006e0                _end_noinit = .
                0x00001000                _HeapSize = 0x1000

.heap           0x200006e0     0x1000
                0x200006e0                _pvHeapStart = .
                0x200016e0                . = (. + _HeapSize)
 *fill*         0x200006e0     0x1000 
                0x200016e0                . = ALIGN (0x8)
                0x200016e0                _pvHeapLimit = .
                0x00001000                _StackSize = 0x1000

.heap2stackfill
                0x200016e0     0x1000
                0x200026e0                . = (. + _StackSize)
 *fill*         0x200016e0     0x1000 

.stack          0x2002f000        0x0
                0x2002f000                _vStackBase = .
                0x2002f000                . = ALIGN (0x8)
                0x20030000                _vStackTop = (. + _StackSize)
                0x00000000                _image_start = LOADADDR (.text)
                0x00003f48                _image_end = (LOADADDR (.data) + SIZEOF (.data))
                0x00003f48                _image_size = (_image_end - _image_start)
OUTPUT(Balizafsm.axf elf32-littlearm)

.debug_info     0x00000000     0x796d
 .debug_info    0x00000000      0x91e ./source/App.o
 .debug_info    0x0000091e      0x32f ./source/IRQ.o
 .debug_info    0x00000c4d      0x15f ./source/SysTick.o
 .debug_info    0x00000dac       0xb6 ./source/alphabet.o
 .debug_info    0x00000e62      0x9a2 ./source/display.o
 .debug_info    0x00001804      0x16d ./source/drv_DEVBOARD.o
 .debug_info    0x00001971      0xc0f ./source/drv_ENCODER.o
 .debug_info    0x00002580      0x1a0 ./source/drv_K64.o
 .debug_info    0x00002720      0xce2 ./source/drv_MAGTEK.o
 .debug_info    0x00003402      0xd48 ./source/fsm.o
 .debug_info    0x0000414a      0xb6d ./source/gpio.o
 .debug_info    0x00004cb7      0xb28 ./source/mcuDisplay.o
 .debug_info    0x000057df      0xb7b ./source/timer.o
 .debug_info    0x0000635a      0x675 ./SDK/startup/hardware.o
 .debug_info    0x000069cf       0xb7 ./SDK/startup/main.o
 .debug_info    0x00006a86       0x3b ./SDK/startup/semihost_hardfault.o
 .debug_info    0x00006ac1      0x8b0 ./SDK/startup/startup_mk64f12.o
 .debug_info    0x00007371      0x5fc ./SDK/CMSIS/system_MK64F12.o

.debug_abbrev   0x00000000     0x1b85
 .debug_abbrev  0x00000000      0x1b1 ./source/App.o
 .debug_abbrev  0x000001b1      0x143 ./source/IRQ.o
 .debug_abbrev  0x000002f4      0x115 ./source/SysTick.o
 .debug_abbrev  0x00000409       0x74 ./source/alphabet.o
 .debug_abbrev  0x0000047d      0x20b ./source/display.o
 .debug_abbrev  0x00000688       0xb7 ./source/drv_DEVBOARD.o
 .debug_abbrev  0x0000073f      0x26a ./source/drv_ENCODER.o
 .debug_abbrev  0x000009a9       0xb7 ./source/drv_K64.o
 .debug_abbrev  0x00000a60      0x302 ./source/drv_MAGTEK.o
 .debug_abbrev  0x00000d62      0x296 ./source/fsm.o
 .debug_abbrev  0x00000ff8      0x1f7 ./source/gpio.o
 .debug_abbrev  0x000011ef      0x265 ./source/mcuDisplay.o
 .debug_abbrev  0x00001454      0x2b2 ./source/timer.o
 .debug_abbrev  0x00001706      0x138 ./SDK/startup/hardware.o
 .debug_abbrev  0x0000183e       0x7d ./SDK/startup/main.o
 .debug_abbrev  0x000018bb       0x2f ./SDK/startup/semihost_hardfault.o
 .debug_abbrev  0x000018ea      0x15c ./SDK/startup/startup_mk64f12.o
 .debug_abbrev  0x00001a46      0x13f ./SDK/CMSIS/system_MK64F12.o

.debug_aranges  0x00000000      0x7d0
 .debug_aranges
                0x00000000       0x28 ./source/App.o
 .debug_aranges
                0x00000028       0x50 ./source/IRQ.o
 .debug_aranges
                0x00000078       0x28 ./source/SysTick.o
 .debug_aranges
                0x000000a0       0x20 ./source/alphabet.o
 .debug_aranges
                0x000000c0       0x40 ./source/display.o
 .debug_aranges
                0x00000100       0x50 ./source/drv_DEVBOARD.o
 .debug_aranges
                0x00000150       0x80 ./source/drv_ENCODER.o
 .debug_aranges
                0x000001d0       0x68 ./source/drv_K64.o
 .debug_aranges
                0x00000238       0x70 ./source/drv_MAGTEK.o
 .debug_aranges
                0x000002a8       0x58 ./source/fsm.o
 .debug_aranges
                0x00000300       0x50 ./source/gpio.o
 .debug_aranges
                0x00000350       0x58 ./source/mcuDisplay.o
 .debug_aranges
                0x000003a8       0x58 ./source/timer.o
 .debug_aranges
                0x00000400       0x30 ./SDK/startup/hardware.o
 .debug_aranges
                0x00000430       0x20 ./SDK/startup/main.o
 .debug_aranges
                0x00000450       0x20 ./SDK/startup/semihost_hardfault.o
 .debug_aranges
                0x00000470      0x330 ./SDK/startup/startup_mk64f12.o
 .debug_aranges
                0x000007a0       0x30 ./SDK/CMSIS/system_MK64F12.o

.debug_ranges   0x00000000      0x6b0
 .debug_ranges  0x00000000       0x18 ./source/App.o
 .debug_ranges  0x00000018       0x40 ./source/IRQ.o
 .debug_ranges  0x00000058       0x18 ./source/SysTick.o
 .debug_ranges  0x00000070       0x10 ./source/alphabet.o
 .debug_ranges  0x00000080       0x30 ./source/display.o
 .debug_ranges  0x000000b0       0x40 ./source/drv_DEVBOARD.o
 .debug_ranges  0x000000f0       0x70 ./source/drv_ENCODER.o
 .debug_ranges  0x00000160       0x58 ./source/drv_K64.o
 .debug_ranges  0x000001b8       0x60 ./source/drv_MAGTEK.o
 .debug_ranges  0x00000218       0x48 ./source/fsm.o
 .debug_ranges  0x00000260       0x40 ./source/gpio.o
 .debug_ranges  0x000002a0       0x48 ./source/mcuDisplay.o
 .debug_ranges  0x000002e8       0x48 ./source/timer.o
 .debug_ranges  0x00000330       0x20 ./SDK/startup/hardware.o
 .debug_ranges  0x00000350       0x10 ./SDK/startup/main.o
 .debug_ranges  0x00000360       0x10 ./SDK/startup/semihost_hardfault.o
 .debug_ranges  0x00000370      0x320 ./SDK/startup/startup_mk64f12.o
 .debug_ranges  0x00000690       0x20 ./SDK/CMSIS/system_MK64F12.o

.debug_macro    0x00000000    0x14000
 .debug_macro   0x00000000      0x2d3 ./source/App.o
 .debug_macro   0x000002d3      0xa5a ./source/App.o
 .debug_macro   0x00000d2d      0x34e ./source/App.o
 .debug_macro   0x0000107b       0x22 ./source/App.o
 .debug_macro   0x0000109d       0x5c ./source/App.o
 .debug_macro   0x000010f9       0x1c ./source/App.o
 .debug_macro   0x00001115       0x22 ./source/App.o
 .debug_macro   0x00001137       0xdf ./source/App.o
 .debug_macro   0x00001216      0xecf ./source/App.o
 .debug_macro   0x000020e5       0x48 ./source/App.o
 .debug_macro   0x0000212d     0xe07b ./source/App.o
 .debug_macro   0x000101a8       0x10 ./source/App.o
 .debug_macro   0x000101b8     0x122b ./source/App.o
 .debug_macro   0x000113e3       0x16 ./source/App.o
 .debug_macro   0x000113f9       0x46 ./source/App.o
 .debug_macro   0x0001143f       0xc4 ./source/App.o
 .debug_macro   0x00011503       0x17 ./source/App.o
 .debug_macro   0x0001151a       0x22 ./source/App.o
 .debug_macro   0x0001153c       0x52 ./source/App.o
 .debug_macro   0x0001158e       0x8d ./source/App.o
 .debug_macro   0x0001161b       0x35 ./source/App.o
 .debug_macro   0x00011650       0x9c ./source/App.o
 .debug_macro   0x000116ec       0x16 ./source/App.o
 .debug_macro   0x00011702      0x10e ./source/App.o
 .debug_macro   0x00011810       0x8d ./source/App.o
 .debug_macro   0x0001189d       0x57 ./source/App.o
 .debug_macro   0x000118f4       0x58 ./source/App.o
 .debug_macro   0x0001194c       0x1f ./source/App.o
 .debug_macro   0x0001196b       0x43 ./source/App.o
 .debug_macro   0x000119ae       0x20 ./source/App.o
 .debug_macro   0x000119ce      0x18e ./source/App.o
 .debug_macro   0x00011b5c      0x32a ./source/App.o
 .debug_macro   0x00011e86       0x16 ./source/App.o
 .debug_macro   0x00011e9c       0x29 ./source/App.o
 .debug_macro   0x00011ec5       0x28 ./source/App.o
 .debug_macro   0x00011eed       0x16 ./source/App.o
 .debug_macro   0x00011f03       0x1c ./source/App.o
 .debug_macro   0x00011f1f       0x1c ./source/App.o
 .debug_macro   0x00011f3b       0x35 ./source/App.o
 .debug_macro   0x00011f70       0x10 ./source/App.o
 .debug_macro   0x00011f80       0x10 ./source/App.o
 .debug_macro   0x00011f90       0x6a ./source/App.o
 .debug_macro   0x00011ffa       0x1c ./source/App.o
 .debug_macro   0x00012016       0x52 ./source/App.o
 .debug_macro   0x00012068       0x40 ./source/App.o
 .debug_macro   0x000120a8       0x10 ./source/App.o
 .debug_macro   0x000120b8       0x40 ./source/App.o
 .debug_macro   0x000120f8       0xd7 ./source/App.o
 .debug_macro   0x000121cf       0x1c ./source/App.o
 .debug_macro   0x000121eb       0x3d ./source/App.o
 .debug_macro   0x00012228       0x16 ./source/App.o
 .debug_macro   0x0001223e      0x16f ./source/App.o
 .debug_macro   0x000123ad       0x22 ./source/App.o
 .debug_macro   0x000123cf       0xb3 ./source/IRQ.o
 .debug_macro   0x00012482       0x1c ./source/IRQ.o
 .debug_macro   0x0001249e       0xbc ./source/SysTick.o
 .debug_macro   0x0001255a       0x33 ./source/alphabet.o
 .debug_macro   0x0001258d       0xe8 ./source/alphabet.o
 .debug_macro   0x00012675      0x1d4 ./source/display.o
 .debug_macro   0x00012849       0x16 ./source/display.o
 .debug_macro   0x0001285f       0x97 ./source/display.o
 .debug_macro   0x000128f6      0x330 ./source/display.o
 .debug_macro   0x00012c26       0xfd ./source/display.o
 .debug_macro   0x00012d23       0x1c ./source/display.o
 .debug_macro   0x00012d3f       0xee ./source/display.o
 .debug_macro   0x00012e2d       0xc2 ./source/drv_DEVBOARD.o
 .debug_macro   0x00012eef       0xca ./source/drv_DEVBOARD.o
 .debug_macro   0x00012fb9      0x1bf ./source/drv_ENCODER.o
 .debug_macro   0x00013178       0x4c ./source/drv_ENCODER.o
 .debug_macro   0x000131c4       0xbe ./source/drv_K64.o
 .debug_macro   0x00013282      0x2e8 ./source/drv_MAGTEK.o
 .debug_macro   0x0001356a       0xd9 ./source/drv_MAGTEK.o
 .debug_macro   0x00013643      0x399 ./source/fsm.o
 .debug_macro   0x000139dc       0xaf ./source/gpio.o
 .debug_macro   0x00013a8b      0x1d3 ./source/mcuDisplay.o
 .debug_macro   0x00013c5e      0x1b0 ./source/timer.o
 .debug_macro   0x00013e0e       0x9c ./SDK/startup/hardware.o
 .debug_macro   0x00013eaa       0x9c ./SDK/startup/main.o
 .debug_macro   0x00013f46       0x11 ./SDK/startup/semihost_hardfault.o
 .debug_macro   0x00013f57       0x29 ./SDK/startup/startup_mk64f12.o
 .debug_macro   0x00013f80       0x80 ./SDK/CMSIS/system_MK64F12.o

.debug_line     0x00000000     0x3a9a
 .debug_line    0x00000000      0x478 ./source/App.o
 .debug_line    0x00000478      0x20b ./source/IRQ.o
 .debug_line    0x00000683      0x1a9 ./source/SysTick.o
 .debug_line    0x0000082c      0x144 ./source/alphabet.o
 .debug_line    0x00000970      0x37b ./source/display.o
 .debug_line    0x00000ceb      0x213 ./source/drv_DEVBOARD.o
 .debug_line    0x00000efe      0x456 ./source/drv_ENCODER.o
 .debug_line    0x00001354      0x235 ./source/drv_K64.o
 .debug_line    0x00001589      0x584 ./source/drv_MAGTEK.o
 .debug_line    0x00001b0d      0x8f0 ./source/fsm.o
 .debug_line    0x000023fd      0x219 ./source/gpio.o
 .debug_line    0x00002616      0x427 ./source/mcuDisplay.o
 .debug_line    0x00002a3d      0x41c ./source/timer.o
 .debug_line    0x00002e59      0x1d4 ./SDK/startup/hardware.o
 .debug_line    0x0000302d      0x175 ./SDK/startup/main.o
 .debug_line    0x000031a2       0x59 ./SDK/startup/semihost_hardfault.o
 .debug_line    0x000031fb      0x6d8 ./SDK/startup/startup_mk64f12.o
 .debug_line    0x000038d3      0x1c7 ./SDK/CMSIS/system_MK64F12.o

.debug_str      0x00000000    0x7dad7
 .debug_str     0x00000000    0x7baf8 ./source/App.o
                              0x7bdb2 (size before relaxing)
 .debug_str     0x0007baf8       0xe4 ./source/IRQ.o
                              0x77136 (size before relaxing)
 .debug_str     0x0007bbdc       0xf6 ./source/SysTick.o
                              0x770bf (size before relaxing)
 .debug_str     0x0007bcd2      0x12f ./source/alphabet.o
                               0x3901 (size before relaxing)
 .debug_str     0x0007be01       0x8a ./source/display.o
                               0x80db (size before relaxing)
 .debug_str     0x0007be8b       0x96 ./source/drv_DEVBOARD.o
                              0x774fc (size before relaxing)
 .debug_str     0x0007bf21      0x2ec ./source/drv_ENCODER.o
                              0x7ac3d (size before relaxing)
 .debug_str     0x0007c20d       0xab ./source/drv_K64.o
                              0x774ff (size before relaxing)
 .debug_str     0x0007c2b8      0x2af ./source/drv_MAGTEK.o
                              0x7bf1c (size before relaxing)
 .debug_str     0x0007c567      0x254 ./source/fsm.o
                              0x7c0e7 (size before relaxing)
 .debug_str     0x0007c7bb      0x723 ./source/gpio.o
                              0x7787c (size before relaxing)
 .debug_str     0x0007cede      0x169 ./source/mcuDisplay.o
                              0x7ab1b (size before relaxing)
 .debug_str     0x0007d047       0xed ./source/timer.o
                              0x7a606 (size before relaxing)
 .debug_str     0x0007d134      0x11b ./SDK/startup/hardware.o
                              0x7720a (size before relaxing)
 .debug_str     0x0007d24f       0x1b ./SDK/startup/main.o
                              0x76fde (size before relaxing)
 .debug_str     0x0007d26a       0x36 ./SDK/startup/semihost_hardfault.o
                               0x2d44 (size before relaxing)
 .debug_str     0x0007d2a0      0x7d5 ./SDK/startup/startup_mk64f12.o
                               0x35b2 (size before relaxing)
 .debug_str     0x0007da75       0x62 ./SDK/CMSIS/system_MK64F12.o
                              0x77119 (size before relaxing)

.comment        0x00000000       0x7e
 .comment       0x00000000       0x7e ./source/App.o
                                 0x7f (size before relaxing)
 .comment       0x0000007e       0x7f ./source/IRQ.o
 .comment       0x0000007e       0x7f ./source/SysTick.o
 .comment       0x0000007e       0x7f ./source/alphabet.o
 .comment       0x0000007e       0x7f ./source/display.o
 .comment       0x0000007e       0x7f ./source/drv_DEVBOARD.o
 .comment       0x0000007e       0x7f ./source/drv_ENCODER.o
 .comment       0x0000007e       0x7f ./source/drv_K64.o
 .comment       0x0000007e       0x7f ./source/drv_MAGTEK.o
 .comment       0x0000007e       0x7f ./source/fsm.o
 .comment       0x0000007e       0x7f ./source/gpio.o
 .comment       0x0000007e       0x7f ./source/mcuDisplay.o
 .comment       0x0000007e       0x7f ./source/timer.o
 .comment       0x0000007e       0x7f ./SDK/startup/hardware.o
 .comment       0x0000007e       0x7f ./SDK/startup/main.o
 .comment       0x0000007e       0x7f ./SDK/startup/semihost_hardfault.o
 .comment       0x0000007e       0x7f ./SDK/startup/startup_mk64f12.o
 .comment       0x0000007e       0x7f ./SDK/CMSIS/system_MK64F12.o

.ARM.attributes
                0x00000000       0x39
 .ARM.attributes
                0x00000000       0x39 ./source/App.o
 .ARM.attributes
                0x00000039       0x39 ./source/IRQ.o
 .ARM.attributes
                0x00000072       0x39 ./source/SysTick.o
 .ARM.attributes
                0x000000ab       0x39 ./source/alphabet.o
 .ARM.attributes
                0x000000e4       0x39 ./source/display.o
 .ARM.attributes
                0x0000011d       0x39 ./source/drv_DEVBOARD.o
 .ARM.attributes
                0x00000156       0x39 ./source/drv_ENCODER.o
 .ARM.attributes
                0x0000018f       0x39 ./source/drv_K64.o
 .ARM.attributes
                0x000001c8       0x39 ./source/drv_MAGTEK.o
 .ARM.attributes
                0x00000201       0x39 ./source/fsm.o
 .ARM.attributes
                0x0000023a       0x39 ./source/gpio.o
 .ARM.attributes
                0x00000273       0x39 ./source/mcuDisplay.o
 .ARM.attributes
                0x000002ac       0x39 ./source/timer.o
 .ARM.attributes
                0x000002e5       0x39 ./SDK/startup/hardware.o
 .ARM.attributes
                0x0000031e       0x39 ./SDK/startup/main.o
 .ARM.attributes
                0x00000357       0x39 ./SDK/startup/semihost_hardfault.o
 .ARM.attributes
                0x00000390       0x39 ./SDK/startup/startup_mk64f12.o
 .ARM.attributes
                0x000003c9       0x39 ./SDK/CMSIS/system_MK64F12.o

.debug_frame    0x00000000     0x1714
 .debug_frame   0x00000000       0x48 ./source/App.o
 .debug_frame   0x00000048      0x150 ./source/IRQ.o
 .debug_frame   0x00000198       0x64 ./source/SysTick.o
 .debug_frame   0x000001fc       0x38 ./source/alphabet.o
 .debug_frame   0x00000234       0xc4 ./source/display.o
 .debug_frame   0x000002f8       0xd4 ./source/drv_DEVBOARD.o
 .debug_frame   0x000003cc      0x1a4 ./source/drv_ENCODER.o
 .debug_frame   0x00000570      0x128 ./source/drv_K64.o
 .debug_frame   0x00000698      0x180 ./source/drv_MAGTEK.o
 .debug_frame   0x00000818      0x148 ./source/fsm.o
 .debug_frame   0x00000960      0x124 ./source/gpio.o
 .debug_frame   0x00000a84      0x124 ./source/mcuDisplay.o
 .debug_frame   0x00000ba8      0x138 ./source/timer.o
 .debug_frame   0x00000ce0       0x70 ./SDK/startup/hardware.o
 .debug_frame   0x00000d50       0x2c ./SDK/startup/main.o
 .debug_frame   0x00000d7c       0x20 ./SDK/startup/semihost_hardfault.o
 .debug_frame   0x00000d9c      0x904 ./SDK/startup/startup_mk64f12.o
 .debug_frame   0x000016a0       0x74 ./SDK/CMSIS/system_MK64F12.o
